Archive member included to satisfy reference by file (symbol)

c:/progra~2/armgnu~1/12977f~1.2mp/bin/../lib/gcc/arm-none-eabi/12.2.1/thumb/v7e-m+fp/hard\libgcc.a(_arm_addsubdf3.o)
                              CMakeFiles/remote_cube_sentry.elf.dir/component/algorithm/AHRS.c.obj (__aeabi_f2d)
c:/progra~2/armgnu~1/12977f~1.2mp/bin/../lib/gcc/arm-none-eabi/12.2.1/thumb/v7e-m+fp/hard\libgcc.a(_arm_truncdfsf2.o)
                              CMakeFiles/remote_cube_sentry.elf.dir/component/algorithm/AHRS.c.obj (__aeabi_d2f)
c:/progra~2/armgnu~1/12977f~1.2mp/bin/../lib/gcc/arm-none-eabi/12.2.1/thumb/v7e-m+fp/hard\libgcc.a(_aeabi_uldivmod.o)
                              CMakeFiles/remote_cube_sentry.elf.dir/Drivers/STM32F4xx_HAL_Driver/Src/stm32f4xx_hal_rcc.c.obj (__aeabi_uldivmod)
c:/progra~2/armgnu~1/12977f~1.2mp/bin/../lib/gcc/arm-none-eabi/12.2.1/thumb/v7e-m+fp/hard\libgcc.a(_udivmoddi4.o)
                              c:/progra~2/armgnu~1/12977f~1.2mp/bin/../lib/gcc/arm-none-eabi/12.2.1/thumb/v7e-m+fp/hard\libgcc.a(_aeabi_uldivmod.o) (__udivmoddi4)
c:/progra~2/armgnu~1/12977f~1.2mp/bin/../lib/gcc/arm-none-eabi/12.2.1/thumb/v7e-m+fp/hard\libgcc.a(_dvmd_tls.o)
                              c:/progra~2/armgnu~1/12977f~1.2mp/bin/../lib/gcc/arm-none-eabi/12.2.1/thumb/v7e-m+fp/hard\libgcc.a(_aeabi_uldivmod.o) (__aeabi_ldiv0)
c:/progra~2/armgnu~1/12977f~1.2mp/bin/../lib/gcc/arm-none-eabi/12.2.1/thumb/v7e-m+fp/hard\libg.a(libc_a-exit.o)
                              c:/progra~2/armgnu~1/12977f~1.2mp/bin/../lib/gcc/arm-none-eabi/12.2.1/thumb/v7e-m+fp/hard/crt0.o (exit)
c:/progra~2/armgnu~1/12977f~1.2mp/bin/../lib/gcc/arm-none-eabi/12.2.1/thumb/v7e-m+fp/hard\libg.a(libc_a-malloc.o)
                              CMakeFiles/remote_cube_sentry.elf.dir/bsp/bsp_usart.c.obj (malloc)
c:/progra~2/armgnu~1/12977f~1.2mp/bin/../lib/gcc/arm-none-eabi/12.2.1/thumb/v7e-m+fp/hard\libg.a(libc_a-mallocr.o)
                              c:/progra~2/armgnu~1/12977f~1.2mp/bin/../lib/gcc/arm-none-eabi/12.2.1/thumb/v7e-m+fp/hard\libg.a(libc_a-malloc.o) (_malloc_r)
c:/progra~2/armgnu~1/12977f~1.2mp/bin/../lib/gcc/arm-none-eabi/12.2.1/thumb/v7e-m+fp/hard\libg.a(libc_a-mlock.o)
                              c:/progra~2/armgnu~1/12977f~1.2mp/bin/../lib/gcc/arm-none-eabi/12.2.1/thumb/v7e-m+fp/hard\libg.a(libc_a-mallocr.o) (__malloc_lock)
c:/progra~2/armgnu~1/12977f~1.2mp/bin/../lib/gcc/arm-none-eabi/12.2.1/thumb/v7e-m+fp/hard\libg.a(libc_a-findfp.o)
                              CMakeFiles/remote_cube_sentry.elf.dir/Middlewares/Third_Party/FreeRTOS/Source/tasks.c.obj (__sf)
c:/progra~2/armgnu~1/12977f~1.2mp/bin/../lib/gcc/arm-none-eabi/12.2.1/thumb/v7e-m+fp/hard\libg.a(libc_a-fwalk.o)
                              c:/progra~2/armgnu~1/12977f~1.2mp/bin/../lib/gcc/arm-none-eabi/12.2.1/thumb/v7e-m+fp/hard\libg.a(libc_a-findfp.o) (_fwalk_sglue)
c:/progra~2/armgnu~1/12977f~1.2mp/bin/../lib/gcc/arm-none-eabi/12.2.1/thumb/v7e-m+fp/hard\libg.a(libc_a-printf.o)
                              CMakeFiles/remote_cube_sentry.elf.dir/application/Lora.c.obj (printf)
c:/progra~2/armgnu~1/12977f~1.2mp/bin/../lib/gcc/arm-none-eabi/12.2.1/thumb/v7e-m+fp/hard\libg.a(libc_a-puts.o)
                              CMakeFiles/remote_cube_sentry.elf.dir/application/Lora.c.obj (puts)
c:/progra~2/armgnu~1/12977f~1.2mp/bin/../lib/gcc/arm-none-eabi/12.2.1/thumb/v7e-m+fp/hard\libg.a(libc_a-stdio.o)
                              c:/progra~2/armgnu~1/12977f~1.2mp/bin/../lib/gcc/arm-none-eabi/12.2.1/thumb/v7e-m+fp/hard\libg.a(libc_a-findfp.o) (__sread)
c:/progra~2/armgnu~1/12977f~1.2mp/bin/../lib/gcc/arm-none-eabi/12.2.1/thumb/v7e-m+fp/hard\libg.a(libc_a-memset.o)
                              c:/progra~2/armgnu~1/12977f~1.2mp/bin/../lib/gcc/arm-none-eabi/12.2.1/thumb/v7e-m+fp/hard/crt0.o (memset)
c:/progra~2/armgnu~1/12977f~1.2mp/bin/../lib/gcc/arm-none-eabi/12.2.1/thumb/v7e-m+fp/hard\libg.a(libc_a-strstr.o)
                              CMakeFiles/remote_cube_sentry.elf.dir/application/Lora.c.obj (strstr)
c:/progra~2/armgnu~1/12977f~1.2mp/bin/../lib/gcc/arm-none-eabi/12.2.1/thumb/v7e-m+fp/hard\libg.a(libc_a-closer.o)
                              c:/progra~2/armgnu~1/12977f~1.2mp/bin/../lib/gcc/arm-none-eabi/12.2.1/thumb/v7e-m+fp/hard\libg.a(libc_a-stdio.o) (_close_r)
c:/progra~2/armgnu~1/12977f~1.2mp/bin/../lib/gcc/arm-none-eabi/12.2.1/thumb/v7e-m+fp/hard\libg.a(libc_a-reent.o)
                              CMakeFiles/remote_cube_sentry.elf.dir/Middlewares/Third_Party/FreeRTOS/Source/tasks.c.obj (_reclaim_reent)
c:/progra~2/armgnu~1/12977f~1.2mp/bin/../lib/gcc/arm-none-eabi/12.2.1/thumb/v7e-m+fp/hard\libg.a(libc_a-impure.o)
                              CMakeFiles/remote_cube_sentry.elf.dir/Middlewares/Third_Party/FreeRTOS/Source/tasks.c.obj (_impure_ptr)
c:/progra~2/armgnu~1/12977f~1.2mp/bin/../lib/gcc/arm-none-eabi/12.2.1/thumb/v7e-m+fp/hard\libg.a(libc_a-lseekr.o)
[...]
Memory Configuration

Name             Origin             Length             Attributes
CCMRAM           0x10000000         0x00010000         xrw
RAM              0x20000000         0x00020000         xrw
FLASH            0x08000000         0x00100000         xr
*default*        0x00000000         0xffffffff

Linker script and memory map

LOAD c:/progra~2/armgnu~1/12977f~1.2mp/bin/../lib/gcc/arm-none-eabi/12.2.1/thumb/v7e-m+fp/hard/crti.o
LOAD c:/progra~2/armgnu~1/12977f~1.2mp/bin/../lib/gcc/arm-none-eabi/12.2.1/thumb/v7e-m+fp/hard/crtbegin.o
LOAD c:/progra~2/armgnu~1/12977f~1.2mp/bin/../lib/gcc/arm-none-eabi/12.2.1/thumb/v7e-m+fp/hard/crt0.o
LOAD CMakeFiles/remote_cube_sentry.elf.dir/Core/Src/adc.c.obj
LOAD CMakeFiles/remote_cube_sentry.elf.dir/Core/Src/can.c.obj
LOAD CMakeFiles/remote_cube_sentry.elf.dir/Core/Src/crc.c.obj
LOAD CMakeFiles/remote_cube_sentry.elf.dir/Core/Src/dma.c.obj
LOAD CMakeFiles/remote_cube_sentry.elf.dir/Core/Src/freertos.c.obj
LOAD CMakeFiles/remote_cube_sentry.elf.dir/Core/Src/gpio.c.obj
LOAD CMakeFiles/remote_cube_sentry.elf.dir/Core/Src/main.c.obj
LOAD CMakeFiles/remote_cube_sentry.elf.dir/Core/Src/rng.c.obj
LOAD CMakeFiles/remote_cube_sentry.elf.dir/Core/Src/spi.c.obj
LOAD CMakeFiles/remote_cube_sentry.elf.dir/Core/Src/stm32f4xx_hal_msp.c.obj
LOAD CMakeFiles/remote_cube_sentry.elf.dir/Core/Src/stm32f4xx_hal_timebase_tim.c.obj
LOAD CMakeFiles/remote_cube_sentry.elf.dir/Core/Src/stm32f4xx_it.c.obj
LOAD CMakeFiles/remote_cube_sentry.elf.dir/Core/Src/syscalls.c.obj
LOAD CMakeFiles/remote_cube_sentry.elf.dir/Core/Src/sysmem.c.obj
LOAD CMakeFiles/remote_cube_sentry.elf.dir/Core/Src/system_stm32f4xx.c.obj
LOAD CMakeFiles/remote_cube_sentry.elf.dir/Core/Src/tim.c.obj
LOAD CMakeFiles/remote_cube_sentry.elf.dir/Core/Src/usart.c.obj
LOAD CMakeFiles/remote_cube_sentry.elf.dir/Core/Startup/startup_stm32f407ighx.s.obj
LOAD CMakeFiles/remote_cube_sentry.elf.dir/Drivers/STM32F4xx_HAL_Driver/Src/stm32f4xx_hal.c.obj
LOAD CMakeFiles/remote_cube_sentry.elf.dir/Drivers/STM32F4xx_HAL_Driver/Src/stm32f4xx_hal_adc.c.obj
LOAD CMakeFiles/remote_cube_sentry.elf.dir/Drivers/STM32F4xx_HAL_Driver/Src/stm32f4xx_hal_adc_ex.c.obj
LOAD CMakeFiles/remote_cube_sentry.elf.dir/Drivers/STM32F4xx_HAL_Driver/Src/stm32f4xx_hal_can.c.obj
LOAD CMakeFiles/remote_cube_sentry.elf.dir/Drivers/STM32F4xx_HAL_Driver/Src/stm32f4xx_hal_cortex.c.obj
LOAD CMakeFiles/remote_cube_sentry.elf.dir/Drivers/STM32F4xx_HAL_Driver/Src/stm32f4xx_hal_crc.c.obj
LOAD CMakeFiles/remote_cube_sentry.elf.dir/Drivers/STM32F4xx_HAL_Driver/Src/stm32f4xx_hal_dma.c.obj
LOAD CMakeFiles/remote_cube_sentry.elf.dir/Drivers/STM32F4xx_HAL_Driver/Src/stm32f4xx_hal_dma_ex.c.obj
LOAD CMakeFiles/remote_cube_sentry.elf.dir/Drivers/STM32F4xx_HAL_Driver/Src/stm32f4xx_hal_exti.c.obj
LOAD CMakeFiles/remote_cube_sentry.elf.dir/Drivers/STM32F4xx_HAL_Driver/Src/stm32f4xx_hal_flash.c.obj
LOAD CMakeFiles/remote_cube_sentry.elf.dir/Drivers/STM32F4xx_HAL_Driver/Src/stm32f4xx_hal_flash_ex.c.obj
LOAD CMakeFiles/remote_cube_sentry.elf.dir/Drivers/STM32F4xx_HAL_Driver/Src/stm32f4xx_hal_flash_ramfunc.c.obj
LOAD CMakeFiles/remote_cube_sentry.elf.dir/Drivers/STM32F4xx_HAL_Driver/Src/stm32f4xx_hal_gpio.c.obj
LOAD CMakeFiles/remote_cube_sentry.elf.dir/Drivers/STM32F4xx_HAL_Driver/Src/stm32f4xx_hal_pcd.c.obj
LOAD CMakeFiles/remote_cube_sentry.elf.dir/Drivers/STM32F4xx_HAL_Driver/Src/stm32f4xx_hal_pcd_ex.c.obj
LOAD CMakeFiles/remote_cube_sentry.elf.dir/Drivers/STM32F4xx_HAL_Driver/Src/stm32f4xx_hal_pwr.c.obj
LOAD CMakeFiles/remote_cube_sentry.elf.dir/Drivers/STM32F4xx_HAL_Driver/Src/stm32f4xx_hal_pwr_ex.c.obj
LOAD CMakeFiles/remote_cube_sentry.elf.dir/Drivers/STM32F4xx_HAL_Driver/Src/stm32f4xx_hal_rcc.c.obj
LOAD CMakeFiles/remote_cube_sentry.elf.dir/Drivers/STM32F4xx_HAL_Driver/Src/stm32f4xx_hal_rcc_ex.c.obj
LOAD CMakeFiles/remote_cube_sentry.elf.dir/Drivers/STM32F4xx_HAL_Driver/Src/stm32f4xx_hal_rng.c.obj
LOAD CMakeFiles/remote_cube_sentry.elf.dir/Drivers/STM32F4xx_HAL_Driver/Src/stm32f4xx_hal_spi.c.obj
LOAD CMakeFiles/remote_cube_sentry.elf.dir/Drivers/STM32F4xx_HAL_Driver/Src/stm32f4xx_hal_tim.c.obj
LOAD CMakeFiles/remote_cube_sentry.elf.dir/Drivers/STM32F4xx_HAL_Driver/Src/stm32f4xx_hal_tim_ex.c.obj
LOAD CMakeFiles/remote_cube_sentry.elf.dir/Drivers/STM32F4xx_HAL_Driver/Src/stm32f4xx_hal_uart.c.obj
LOAD CMakeFiles/remote_cube_sentry.elf.dir/Drivers/STM32F4xx_HAL_Driver/Src/stm32f4xx_ll_adc.c.obj
LOAD CMakeFiles/remote_cube_sentry.elf.dir/Drivers/STM32F4xx_HAL_Driver/Src/stm32f4xx_ll_usb.c.obj
LOAD CMakeFiles/remote_cube_sentry.elf.dir/Middlewares/ST/STM32_USB_Device_Library/Class/CDC/Src/usbd_cdc.c.obj
LOAD CMakeFiles/remote_cube_sentry.elf.dir/Middlewares/ST/STM32_USB_Device_Library/Core/Src/usbd_core.c.obj
LOAD CMakeFiles/remote_cube_sentry.elf.dir/Middlewares/ST/STM32_USB_Device_Library/Core/Src/usbd_ctlreq.c.obj
LOAD CMakeFiles/remote_cube_sentry.elf.dir/Middlewares/ST/STM32_USB_Device_Library/Core/Src/usbd_ioreq.c.obj
LOAD CMakeFiles/remote_cube_sentry.elf.dir/Middlewares/Third_Party/FreeRTOS/Source/CMSIS_RTOS/cmsis_os.c.obj
LOAD CMakeFiles/remote_cube_sentry.elf.dir/Middlewares/Third_Party/FreeRTOS/Source/croutine.c.obj
LOAD CMakeFiles/remote_cube_sentry.elf.dir/Middlewares/Third_Party/FreeRTOS/Source/event_groups.c.obj
LOAD CMakeFiles/remote_cube_sentry.elf.dir/Middlewares/Third_Party/FreeRTOS/Source/list.c.obj
LOAD CMakeFiles/remote_cube_sentry.elf.dir/Middlewares/Third_Party/FreeRTOS/Source/portable/GCC/ARM_CM4F/port.c.obj
LOAD CMakeFiles/remote_cube_sentry.elf.dir/Middlewares/Third_Party/FreeRTOS/Source/portable/MemMang/heap_4.c.obj
LOAD CMakeFiles/remote_cube_sentry.elf.dir/Middlewares/Third_Party/FreeRTOS/Source/queue.c.obj
LOAD CMakeFiles/remote_cube_sentry.elf.dir/Middlewares/Third_Party/FreeRTOS/Source/stream_buffer.c.obj
LOAD CMakeFiles/remote_cube_sentry.elf.dir/Middlewares/Third_Party/FreeRTOS/Source/tasks.c.obj
LOAD CMakeFiles/remote_cube_sentry.elf.dir/Middlewares/Third_Party/FreeRTOS/Source/timers.c.obj
LOAD CMakeFiles/remote_cube_sentry.elf.dir/USB_DEVICE/App/usb_device.c.obj
LOAD CMakeFiles/remote_cube_sentry.elf.dir/USB_DEVICE/App/usbd_cdc_if.c.obj
LOAD CMakeFiles/remote_cube_sentry.elf.dir/USB_DEVICE/App/usbd_desc.c.obj
LOAD CMakeFiles/remote_cube_sentry.elf.dir/USB_DEVICE/Target/usbd_conf.c.obj
LOAD CMakeFiles/remote_cube_sentry.elf.dir/application/Atti.c.obj
LOAD CMakeFiles/remote_cube_sentry.elf.dir/application/Auto.c.obj
LOAD CMakeFiles/remote_cube_sentry.elf.dir/application/Calibrate.c.obj
LOAD CMakeFiles/remote_cube_sentry.elf.dir/application/Cap.c.obj
LOAD CMakeFiles/remote_cube_sentry.elf.dir/application/Chassis.c.obj
LOAD CMakeFiles/remote_cube_sentry.elf.dir/application/Detection.c.obj
LOAD CMakeFiles/remote_cube_sentry.elf.dir/application/Gimbal.c.obj
LOAD CMakeFiles/remote_cube_sentry.elf.dir/application/Lora.c.obj
LOAD CMakeFiles/remote_cube_sentry.elf.dir/application/Referee.c.obj
LOAD CMakeFiles/remote_cube_sentry.elf.dir/application/can_receive.c.obj
LOAD CMakeFiles/remote_cube_sentry.elf.dir/application/launcher.c.obj
LOAD CMakeFiles/remote_cube_sentry.elf.dir/application/left_gimbal.c.obj
LOAD CMakeFiles/remote_cube_sentry.elf.dir/application/remote.c.obj
LOAD CMakeFiles/remote_cube_sentry.elf.dir/application/right_gimbal.c.obj
LOAD CMakeFiles/remote_cube_sentry.elf.dir/application/steering_wheel.c.obj
LOAD CMakeFiles/remote_cube_sentry.elf.dir/application/travelling_wheel.c.obj
LOAD CMakeFiles/remote_cube_sentry.elf.dir/application/usb_task.c.obj
LOAD CMakeFiles/remote_cube_sentry.elf.dir/bsp/bsp_adc.c.obj
LOAD CMakeFiles/remote_cube_sentry.elf.dir/bsp/bsp_buzzer.c.obj
LOAD CMakeFiles/remote_cube_sentry.elf.dir/bsp/bsp_can.c.obj
LOAD CMakeFiles/remote_cube_sentry.elf.dir/bsp/bsp_crc32.c.obj
LOAD CMakeFiles/remote_cube_sentry.elf.dir/bsp/bsp_delay.c.obj
LOAD CMakeFiles/remote_cube_sentry.elf.dir/bsp/bsp_dwt.c.obj
LOAD CMakeFiles/remote_cube_sentry.elf.dir/bsp/bsp_flash.c.obj
LOAD CMakeFiles/remote_cube_sentry.elf.dir/bsp/bsp_i2c.c.obj
LOAD CMakeFiles/remote_cube_sentry.elf.dir/bsp/bsp_imu_pwm.c.obj
LOAD CMakeFiles/remote_cube_sentry.elf.dir/bsp/bsp_laser.c.obj
LOAD CMakeFiles/remote_cube_sentry.elf.dir/bsp/bsp_led.c.obj
LOAD CMakeFiles/remote_cube_sentry.elf.dir/bsp/bsp_rc.c.obj
LOAD CMakeFiles/remote_cube_sentry.elf.dir/bsp/bsp_servo_pwm.c.obj
LOAD CMakeFiles/remote_cube_sentry.elf.dir/bsp/bsp_spi.c.obj
LOAD CMakeFiles/remote_cube_sentry.elf.dir/bsp/bsp_usart.c.obj
LOAD CMakeFiles/remote_cube_sentry.elf.dir/component/algorithm/AHRS.c.obj
LOAD CMakeFiles/remote_cube_sentry.elf.dir/component/algorithm/AHRS_MiddleWare.c.obj
LOAD CMakeFiles/remote_cube_sentry.elf.dir/component/algorithm/filter.c.obj
LOAD CMakeFiles/remote_cube_sentry.elf.dir/component/algorithm/ramp.c.obj
LOAD CMakeFiles/remote_cube_sentry.elf.dir/component/algorithm/user_lib.c.obj
LOAD CMakeFiles/remote_cube_sentry.elf.dir/component/comunication/can_common.c.obj
LOAD CMakeFiles/remote_cube_sentry.elf.dir/component/comunication/decode.c.obj
LOAD CMakeFiles/remote_cube_sentry.elf.dir/component/comunication/packet.c.obj
LOAD CMakeFiles/remote_cube_sentry.elf.dir/component/controller/PID.c.obj
LOAD CMakeFiles/remote_cube_sentry.elf.dir/component/devices/BMI088Middleware.c.obj
LOAD CMakeFiles/remote_cube_sentry.elf.dir/component/devices/BMI088driver.c.obj
LOAD CMakeFiles/remote_cube_sentry.elf.dir/component/devices/test.c.obj
LOAD CMakeFiles/remote_cube_sentry.elf.dir/component/support/CRC8_CRC16.c.obj
LOAD CMakeFiles/remote_cube_sentry.elf.dir/component/support/fifo.c.obj
LOAD CMakeFiles/remote_cube_sentry.elf.dir/component/support/mem_mang4.c.obj
LOAD CMakeFiles/remote_cube_sentry.elf.dir/connectivity/can_hardwares.c.obj
LOAD CMakeFiles/remote_cube_sentry.elf.dir/connectivity/spi_hardwares.c.obj
LOAD CMakeFiles/remote_cube_sentry.elf.dir/connectivity/usart_hardwares.c.obj
START GROUP
LOAD c:/progra~2/armgnu~1/12977f~1.2mp/bin/../lib/gcc/arm-none-eabi/12.2.1/thumb/v7e-m+fp/hard\libgcc.a
LOAD c:/progra~2/armgnu~1/12977f~1.2mp/bin/../lib/gcc/arm-none-eabi/12.2.1/thumb/v7e-m+fp/hard\libg.a
LOAD c:/progra~2/armgnu~1/12977f~1.2mp/bin/../lib/gcc/arm-none-eabi/12.2.1/thumb/v7e-m+fp/hard\libc.a
END GROUP
LOAD c:/progra~2/armgnu~1/12977f~1.2mp/bin/../lib/gcc/arm-none-eabi/12.2.1/thumb/v7e-m+fp/hard/crtend.o
LOAD c:/progra~2/armgnu~1/12977f~1.2mp/bin/../lib/gcc/arm-none-eabi/12.2.1/thumb/v7e-m+fp/hard/crtn.o
                0x20020000                        _estack = (ORIGIN (RAM) + LENGTH (RAM))
                0x00002000                        _Min_Heap_Size = 0x2000
                0x00002000                        _Min_Stack_Size = 0x2000

.isr_vector     0x08000000      0x188
                0x08000000                        . = ALIGN (0x4)
 *(.isr_vector)
 .isr_vector    0x08000000      0x188 CMakeFiles/remote_cube_sentry.elf.dir/Core/Startup/startup_stm32f407ighx.s.obj
                0x08000000                g_pfnVectors
                0x08000188                        . = ALIGN (0x4)

.text           0x080001c0     0xeb74
                0x080001c0                        . = ALIGN (0x4)
 *(.text)
 .text          0x080001c0      0x378 c:/progra~2/armgnu~1/12977f~1.2mp/bin/../lib/gcc/arm-none-eabi/12.2.1/thumb/v7e-m+fp/hard\libgcc.a(_arm_addsubdf3.o)
                0x080001c0                __aeabi_drsub
                0x080001c8                __aeabi_dsub
                0x080001c8                __subdf3
                0x080001cc                __aeabi_dadd
                0x080001cc                __adddf3
                0x08000444                __floatunsidf
                0x08000444                __aeabi_ui2d
                0x08000464                __floatsidf
                0x08000464                __aeabi_i2d
                0x08000488                __aeabi_f2d
                0x08000488                __extendsfdf2
                0x080004cc                __floatundidf
                0x080004cc                __aeabi_ul2d
                0x080004dc                __floatdidf
                0x080004dc                __aeabi_l2d
 .text          0x08000538       0xa0 c:/progra~2/armgnu~1/12977f~1.2mp/bin/../lib/gcc/arm-none-eabi/12.2.1/thumb/v7e-m+fp/hard\libgcc.a(_arm_truncdfsf2.o)
                0x08000538                __truncdfsf2
                0x08000538                __aeabi_d2f
 .text          0x080005d8       0x30 c:/progra~2/armgnu~1/12977f~1.2mp/bin/../lib/gcc/arm-none-eabi/12.2.1/thumb/v7e-m+fp/hard\libgcc.a(_aeabi_uldivmod.o)
                0x080005d8                __aeabi_uldivmod
 .text          0x08000608        0x4 c:/progra~2/armgnu~1/12977f~1.2mp/bin/../lib/gcc/arm-none-eabi/12.2.1/thumb/v7e-m+fp/hard\libgcc.a(_dvmd_tls.o)
                0x08000608                __aeabi_idiv0
                0x08000608                __aeabi_ldiv0
 .text          0x0800060c      0x134 c:/progra~2/armgnu~1/12977f~1.2mp/bin/../lib/gcc/arm-none-eabi/12.2.1/thumb/v7e-m+fp/hard\libg.a(libc_a-memcpy.o)
                0x0800060c                memcpy
 .text          0x08000740       0xd8 c:/progra~2/armgnu~1/12977f~1.2mp/bin/../lib/gcc/arm-none-eabi/12.2.1/thumb/v7e-m+fp/hard\libg.a(libc_a-strlen.o)
                0x08000740                strlen
 .text          0x08000818      0x424 c:/progra~2/armgnu~1/12977f~1.2mp/bin/../lib/gcc/arm-none-eabi/12.2.1/thumb/v7e-m+fp/hard\libgcc.a(_arm_muldivdf3.o)
                0x08000818                __aeabi_dmul
                0x08000818                __muldf3
                0x08000a6c                __divdf3
                0x08000a6c                __aeabi_ddiv
 .text          0x08000c3c      0x110 c:/progra~2/armgnu~1/12977f~1.2mp/bin/../lib/gcc/arm-none-eabi/12.2.1/thumb/v7e-m+fp/hard\libgcc.a(_arm_cmpdf2.o)
                0x08000c3c                __gtdf2
                0x08000c3c                __gedf2
                0x08000c44                __ltdf2
                0x08000c44                __ledf2
                0x08000c4c                __nedf2
                0x08000c4c                __eqdf2
                0x08000c4c                __cmpdf2
                0x08000cc8                __aeabi_cdrcmple
                0x08000cd8                __aeabi_cdcmpeq
                0x08000cd8                __aeabi_cdcmple
                0x08000ce8                __aeabi_dcmpeq
                0x08000cfc                __aeabi_dcmplt
                0x08000d10                __aeabi_dcmple
                0x08000d24                __aeabi_dcmpge
                0x08000d38                __aeabi_dcmpgt
 .text          0x08000d4c       0x2c c:/progra~2/armgnu~1/12977f~1.2mp/bin/../lib/gcc/arm-none-eabi/12.2.1/thumb/v7e-m+fp/hard\libgcc.a(_arm_unorddf2.o)
                0x08000d4c                __unorddf2
                0x08000d4c                __aeabi_dcmpun
 *(.text*)
 .text.deregister_tm_clones
                0x08000d78       0x1c c:/progra~2/armgnu~1/12977f~1.2mp/bin/../lib/gcc/arm-none-eabi/12.2.1/thumb/v7e-m+fp/hard/crtbegin.o
 .text.register_tm_clones
                0x08000d94       0x24 c:/progra~2/armgnu~1/12977f~1.2mp/bin/../lib/gcc/arm-none-eabi/12.2.1/thumb/v7e-m+fp/hard/crtbegin.o
 .text.__do_global_dtors_aux
                0x08000db8       0x28 c:/progra~2/armgnu~1/12977f~1.2mp/bin/../lib/gcc/arm-none-eabi/12.2.1/thumb/v7e-m+fp/hard/crtbegin.o
 .text.frame_dummy
                0x08000de0       0x24 c:/progra~2/armgnu~1/12977f~1.2mp/bin/../lib/gcc/arm-none-eabi/12.2.1/thumb/v7e-m+fp/hard/crtbegin.o
 .text.MX_ADC1_Init
                0x08000e04       0x70 CMakeFiles/remote_cube_sentry.elf.dir/Core/Src/adc.c.obj
                0x08000e04                MX_ADC1_Init
 .text.HAL_ADC_MspInit
                0x08000e74       0x30 CMakeFiles/remote_cube_sentry.elf.dir/Core/Src/adc.c.obj
                0x08000e74                HAL_ADC_MspInit
 .text.MX_CAN1_Init
                0x08000ea4       0x44 CMakeFiles/remote_cube_sentry.elf.dir/Core/Src/can.c.obj
                0x08000ea4                MX_CAN1_Init
 .text.MX_CAN2_Init
                0x08000ee8       0x44 CMakeFiles/remote_cube_sentry.elf.dir/Core/Src/can.c.obj
                0x08000ee8                MX_CAN2_Init
 .text.HAL_CAN_MspInit
                0x08000f2c      0x148 CMakeFiles/remote_cube_sentry.elf.dir/Core/Src/can.c.obj
                0x08000f2c                HAL_CAN_MspInit
 .text.MX_CRC_Init
                0x08001074       0x20 CMakeFiles/remote_cube_sentry.elf.dir/Core/Src/crc.c.obj
                0x08001074                MX_CRC_Init
 .text.HAL_CRC_MspInit
                0x08001094       0x30 CMakeFiles/remote_cube_sentry.elf.dir/Core/Src/crc.c.obj
                0x08001094                HAL_CRC_MspInit
 .text.MX_DMA_Init
                0x080010c4       0x88 CMakeFiles/remote_cube_sentry.elf.dir/Core/Src/dma.c.obj
                0x080010c4                MX_DMA_Init
 .text.StartDefaultTask
                0x0800114c        0xa CMakeFiles/remote_cube_sentry.elf.dir/Core/Src/freertos.c.obj
                0x0800114c                StartDefaultTask
 *fill*         0x08001156        0x2 
 .text.vApplicationGetIdleTaskMemory
                0x08001158       0x18 CMakeFiles/remote_cube_sentry.elf.dir/Core/Src/freertos.c.obj
                0x08001158                vApplicationGetIdleTaskMemory
 .text.MX_FREERTOS_Init
                0x08001170       0xe8 CMakeFiles/remote_cube_sentry.elf.dir/Core/Src/freertos.c.obj
                0x08001170                MX_FREERTOS_Init
 .text.MX_GPIO_Init
                0x08001258      0x1d0 CMakeFiles/remote_cube_sentry.elf.dir/Core/Src/gpio.c.obj
                0x08001258                MX_GPIO_Init
 .text.HAL_TIM_PeriodElapsedCallback
                0x08001428       0x12 CMakeFiles/remote_cube_sentry.elf.dir/Core/Src/main.c.obj
                0x08001428                HAL_TIM_PeriodElapsedCallback
 .text.Error_Handler
                0x0800143a        0x4 CMakeFiles/remote_cube_sentry.elf.dir/Core/Src/main.c.obj
                0x0800143a                Error_Handler
 *fill*         0x0800143e        0x2 
 .text.SystemClock_Config
                0x08001440       0xac CMakeFiles/remote_cube_sentry.elf.dir/Core/Src/main.c.obj
                0x08001440                SystemClock_Config
 .text.main     0x080014ec       0x80 CMakeFiles/remote_cube_sentry.elf.dir/Core/Src/main.c.obj
                0x080014ec                main
 .text.MX_RNG_Init
                0x0800156c       0x20 CMakeFiles/remote_cube_sentry.elf.dir/Core/Src/rng.c.obj
                0x0800156c                MX_RNG_Init
 .text.HAL_RNG_MspInit
                0x0800158c       0x30 CMakeFiles/remote_cube_sentry.elf.dir/Core/Src/rng.c.obj
                0x0800158c                HAL_RNG_MspInit
 .text.MX_SPI1_Init
                0x080015bc       0x48 CMakeFiles/remote_cube_sentry.elf.dir/Core/Src/spi.c.obj
                0x080015bc                MX_SPI1_Init
 .text.HAL_SPI_MspInit
                0x08001604      0x130 CMakeFiles/remote_cube_sentry.elf.dir/Core/Src/spi.c.obj
                0x08001604                HAL_SPI_MspInit
 .text.HAL_MspInit
                0x08001734       0x44 CMakeFiles/remote_cube_sentry.elf.dir/Core/Src/stm32f4xx_hal_msp.c.obj
                0x08001734                HAL_MspInit
 .text.HAL_InitTick
                0x08001778       0xa4 CMakeFiles/remote_cube_sentry.elf.dir/Core/Src/stm32f4xx_hal_timebase_tim.c.obj
                0x08001778                HAL_InitTick
 .text.NMI_Handler
                0x0800181c        0x2 CMakeFiles/remote_cube_sentry.elf.dir/Core/Src/stm32f4xx_it.c.obj
                0x0800181c                NMI_Handler
 .text.HardFault_Handler
                0x0800181e        0x2 CMakeFiles/remote_cube_sentry.elf.dir/Core/Src/stm32f4xx_it.c.obj
                0x0800181e                HardFault_Handler
 .text.MemManage_Handler
                0x08001820        0x2 CMakeFiles/remote_cube_sentry.elf.dir/Core/Src/stm32f4xx_it.c.obj
                0x08001820                MemManage_Handler
 .text.BusFault_Handler
                0x08001822        0x2 CMakeFiles/remote_cube_sentry.elf.dir/Core/Src/stm32f4xx_it.c.obj
                0x08001822                BusFault_Handler
 .text.UsageFault_Handler
                0x08001824        0x2 CMakeFiles/remote_cube_sentry.elf.dir/Core/Src/stm32f4xx_it.c.obj
                0x08001824                UsageFault_Handler
 .text.DebugMon_Handler
                0x08001826        0x2 CMakeFiles/remote_cube_sentry.elf.dir/Core/Src/stm32f4xx_it.c.obj
                0x08001826                DebugMon_Handler
 .text.EXTI0_IRQHandler
                0x08001828        0xa CMakeFiles/remote_cube_sentry.elf.dir/Core/Src/stm32f4xx_it.c.obj
                0x08001828                EXTI0_IRQHandler
 .text.EXTI4_IRQHandler
                0x08001832        0xa CMakeFiles/remote_cube_sentry.elf.dir/Core/Src/stm32f4xx_it.c.obj
                0x08001832                EXTI4_IRQHandler
 .text.DMA1_Stream1_IRQHandler
                0x0800183c       0x10 CMakeFiles/remote_cube_sentry.elf.dir/Core/Src/stm32f4xx_it.c.obj
                0x0800183c                DMA1_Stream1_IRQHandler
 .text.CAN1_RX0_IRQHandler
                0x0800184c       0x10 CMakeFiles/remote_cube_sentry.elf.dir/Core/Src/stm32f4xx_it.c.obj
                0x0800184c                CAN1_RX0_IRQHandler
 .text.CAN1_RX1_IRQHandler
                0x0800185c       0x10 CMakeFiles/remote_cube_sentry.elf.dir/Core/Src/stm32f4xx_it.c.obj
                0x0800185c                CAN1_RX1_IRQHandler
 .text.EXTI9_5_IRQHandler
                0x0800186c        0xa CMakeFiles/remote_cube_sentry.elf.dir/Core/Src/stm32f4xx_it.c.obj
                0x0800186c                EXTI9_5_IRQHandler
 *fill*         0x08001876        0x2 
 .text.TIM2_IRQHandler
                0x08001878       0x10 CMakeFiles/remote_cube_sentry.elf.dir/Core/Src/stm32f4xx_it.c.obj
                0x08001878                TIM2_IRQHandler
 .text.USART1_IRQHandler
                0x08001888       0x10 CMakeFiles/remote_cube_sentry.elf.dir/Core/Src/stm32f4xx_it.c.obj
                0x08001888                USART1_IRQHandler
 .text.DMA2_Stream1_IRQHandler
                0x08001898       0x10 CMakeFiles/remote_cube_sentry.elf.dir/Core/Src/stm32f4xx_it.c.obj
                0x08001898                DMA2_Stream1_IRQHandler
 .text.DMA2_Stream3_IRQHandler
                0x080018a8       0x10 CMakeFiles/remote_cube_sentry.elf.dir/Core/Src/stm32f4xx_it.c.obj
                0x080018a8                DMA2_Stream3_IRQHandler
 .text.CAN2_RX0_IRQHandler
                0x080018b8       0x10 CMakeFiles/remote_cube_sentry.elf.dir/Core/Src/stm32f4xx_it.c.obj
                0x080018b8                CAN2_RX0_IRQHandler
 .text.CAN2_RX1_IRQHandler
                0x080018c8       0x10 CMakeFiles/remote_cube_sentry.elf.dir/Core/Src/stm32f4xx_it.c.obj
                0x080018c8                CAN2_RX1_IRQHandler
 .text.OTG_FS_IRQHandler
                0x080018d8       0x10 CMakeFiles/remote_cube_sentry.elf.dir/Core/Src/stm32f4xx_it.c.obj
                0x080018d8                OTG_FS_IRQHandler
 .text.DMA2_Stream6_IRQHandler
                0x080018e8       0x10 CMakeFiles/remote_cube_sentry.elf.dir/Core/Src/stm32f4xx_it.c.obj
                0x080018e8                DMA2_Stream6_IRQHandler
 .text.HAL_UART_RxCpltCallback
                0x080018f8       0xac CMakeFiles/remote_cube_sentry.elf.dir/Core/Src/stm32f4xx_it.c.obj
                0x080018f8                HAL_UART_RxCpltCallback
 .text._sbrk    0x080019a4       0x48 CMakeFiles/remote_cube_sentry.elf.dir/Core/Src/sysmem.c.obj
                0x080019a4                _sbrk
 .text.SystemInit
                0x080019ec       0x14 CMakeFiles/remote_cube_sentry.elf.dir/Core/Src/system_stm32f4xx.c.obj
                0x080019ec                SystemInit
 .text.HAL_TIM_PWM_MspInit
                0x08001a00       0xb4 CMakeFiles/remote_cube_sentry.elf.dir/Core/Src/tim.c.obj
                0x08001a00                HAL_TIM_PWM_MspInit
 .text.HAL_TIM_Base_MspInit
                0x08001ab4       0x78 CMakeFiles/remote_cube_sentry.elf.dir/Core/Src/tim.c.obj
                0x08001ab4                HAL_TIM_Base_MspInit
 .text.HAL_TIM_MspPostInit
                0x08001b2c      0x20c CMakeFiles/remote_cube_sentry.elf.dir/Core/Src/tim.c.obj
                0x08001b2c                HAL_TIM_MspPostInit
 .text.MX_TIM1_Init
                0x08001d38       0xbc CMakeFiles/remote_cube_sentry.elf.dir/Core/Src/tim.c.obj
                0x08001d38                MX_TIM1_Init
 .text.MX_TIM3_Init
                0x08001df4       0x80 CMakeFiles/remote_cube_sentry.elf.dir/Core/Src/tim.c.obj
                0x08001df4                MX_TIM3_Init
 .text.MX_TIM4_Init
                0x08001e74       0xb0 CMakeFiles/remote_cube_sentry.elf.dir/Core/Src/tim.c.obj
                0x08001e74                MX_TIM4_Init
 .text.MX_TIM5_Init
                0x08001f24       0xd4 CMakeFiles/remote_cube_sentry.elf.dir/Core/Src/tim.c.obj
                0x08001f24                MX_TIM5_Init
 .text.MX_TIM8_Init
                0x08001ff8       0xc0 CMakeFiles/remote_cube_sentry.elf.dir/Core/Src/tim.c.obj
                0x08001ff8                MX_TIM8_Init
 .text.MX_TIM10_Init
                0x080020b8       0x74 CMakeFiles/remote_cube_sentry.elf.dir/Core/Src/tim.c.obj
                0x080020b8                MX_TIM10_Init
 .text.MX_USART1_UART_Init
                0x0800212c       0x34 CMakeFiles/remote_cube_sentry.elf.dir/Core/Src/usart.c.obj
                0x0800212c                MX_USART1_UART_Init
 .text.MX_USART3_UART_Init
                0x08002160       0x3c CMakeFiles/remote_cube_sentry.elf.dir/Core/Src/usart.c.obj
                0x08002160                MX_USART3_UART_Init
 .text.MX_USART6_UART_Init
                0x0800219c       0x34 CMakeFiles/remote_cube_sentry.elf.dir/Core/Src/usart.c.obj
                0x0800219c                MX_USART6_UART_Init
 .text.HAL_UART_MspInit
                0x080021d0      0x244 CMakeFiles/remote_cube_sentry.elf.dir/Core/Src/usart.c.obj
                0x080021d0                HAL_UART_MspInit
 .text.Reset_Handler
                0x08002414       0x50 CMakeFiles/remote_cube_sentry.elf.dir/Core/Startup/startup_stm32f407ighx.s.obj
                0x08002414                Reset_Handler
 .text.Default_Handler
                0x08002464        0x2 CMakeFiles/remote_cube_sentry.elf.dir/Core/Startup/startup_stm32f407ighx.s.obj
                0x08002464                RTC_Alarm_IRQHandler
                0x08002464                HASH_RNG_IRQHandler
                0x08002464                EXTI2_IRQHandler
                0x08002464                TIM8_CC_IRQHandler
                0x08002464                TIM1_CC_IRQHandler
                0x08002464                DMA2_Stream5_IRQHandler
                0x08002464                DMA1_Stream5_IRQHandler
                0x08002464                PVD_IRQHandler
                0x08002464                SDIO_IRQHandler
                0x08002464                TAMP_STAMP_IRQHandler
                0x08002464                EXTI3_IRQHandler
                0x08002464                TIM8_TRG_COM_TIM14_IRQHandler
                0x08002464                TIM1_UP_TIM10_IRQHandler
                0x08002464                TIM8_UP_TIM13_IRQHandler
                0x08002464                I2C3_ER_IRQHandler
                0x08002464                I2C2_EV_IRQHandler
                0x08002464                DMA1_Stream2_IRQHandler
                0x08002464                FPU_IRQHandler
                0x08002464                OTG_HS_WKUP_IRQHandler
                0x08002464                CAN2_SCE_IRQHandler
                0x08002464                SPI1_IRQHandler
                0x08002464                TIM6_DAC_IRQHandler
                0x08002464                TIM1_BRK_TIM9_IRQHandler
                0x08002464                DCMI_IRQHandler
                0x08002464                USART6_IRQHandler
                0x08002464                UART5_IRQHandler
                0x08002464                DMA2_Stream0_IRQHandler
                0x08002464                TIM4_IRQHandler
                0x08002464                I2C1_EV_IRQHandler
                0x08002464                DMA1_Stream6_IRQHandler
                0x08002464                UART4_IRQHandler
                0x08002464                TIM3_IRQHandler
                0x08002464                RCC_IRQHandler
                0x08002464                TIM8_BRK_TIM12_IRQHandler
                0x08002464                Default_Handler
                0x08002464                EXTI15_10_IRQHandler
                0x08002464                ADC_IRQHandler
                0x08002464                DMA1_Stream7_IRQHandler
                0x08002464                TIM7_IRQHandler
                0x08002464                CAN2_TX_IRQHandler
                0x08002464                TIM5_IRQHandler
                0x08002464                DMA2_Stream7_IRQHandler
                0x08002464                I2C3_EV_IRQHandler
                0x08002464                RTC_WKUP_IRQHandler
                0x08002464                ETH_WKUP_IRQHandler
                0x08002464                SPI2_IRQHandler
                0x08002464                OTG_HS_EP1_IN_IRQHandler
                0x08002464                DMA1_Stream0_IRQHandler
                0x08002464                CAN1_TX_IRQHandler
                0x08002464                FSMC_IRQHandler
                0x08002464                ETH_IRQHandler
                0x08002464                OTG_HS_EP1_OUT_IRQHandler
                0x08002464                WWDG_IRQHandler
                0x08002464                OTG_FS_WKUP_IRQHandler
                0x08002464                TIM1_TRG_COM_TIM11_IRQHandler
                0x08002464                OTG_HS_IRQHandler
                0x08002464                EXTI1_IRQHandler
                0x08002464                USART2_IRQHandler
                0x08002464                I2C2_ER_IRQHandler
                0x08002464                CAN1_SCE_IRQHandler
                0x08002464                FLASH_IRQHandler
                0x08002464                DMA2_Stream4_IRQHandler
                0x08002464                SPI3_IRQHandler
                0x08002464                DMA1_Stream4_IRQHandler
                0x08002464                I2C1_ER_IRQHandler
                0x08002464                DMA1_Stream3_IRQHandler
 *fill*         0x08002466        0x2 
 .text.HAL_Init
                0x08002468       0x34 CMakeFiles/remote_cube_sentry.elf.dir/Drivers/STM32F4xx_HAL_Driver/Src/stm32f4xx_hal.c.obj
                0x08002468                HAL_Init
 .text.HAL_IncTick
                0x0800249c       0x18 CMakeFiles/remote_cube_sentry.elf.dir/Drivers/STM32F4xx_HAL_Driver/Src/stm32f4xx_hal.c.obj
                0x0800249c                HAL_IncTick
 .text.HAL_GetTick
                0x080024b4        0xc CMakeFiles/remote_cube_sentry.elf.dir/Drivers/STM32F4xx_HAL_Driver/Src/stm32f4xx_hal.c.obj
                0x080024b4                HAL_GetTick
 .text.ADC_Init
                0x080024c0      0x134 CMakeFiles/remote_cube_sentry.elf.dir/Drivers/STM32F4xx_HAL_Driver/Src/stm32f4xx_hal_adc.c.obj
 .text.HAL_ADC_Init
                0x080025f4       0x56 CMakeFiles/remote_cube_sentry.elf.dir/Drivers/STM32F4xx_HAL_Driver/Src/stm32f4xx_hal_adc.c.obj
                0x080025f4                HAL_ADC_Init
 *fill*         0x0800264a        0x2 
 .text.HAL_ADC_Start
                0x0800264c      0x144 CMakeFiles/remote_cube_sentry.elf.dir/Drivers/STM32F4xx_HAL_Driver/Src/stm32f4xx_hal_adc.c.obj
                0x0800264c                HAL_ADC_Start
 .text.HAL_ADC_PollForConversion
                0x08002790       0xb8 CMakeFiles/remote_cube_sentry.elf.dir/Drivers/STM32F4xx_HAL_Driver/Src/stm32f4xx_hal_adc.c.obj
                0x08002790                HAL_ADC_PollForConversion
 .text.HAL_ADC_GetValue
                0x08002848        0x6 CMakeFiles/remote_cube_sentry.elf.dir/Drivers/STM32F4xx_HAL_Driver/Src/stm32f4xx_hal_adc.c.obj
                0x08002848                HAL_ADC_GetValue
 *fill*         0x0800284e        0x2 
 .text.HAL_ADC_ConfigChannel
                0x08002850      0x194 CMakeFiles/remote_cube_sentry.elf.dir/Drivers/STM32F4xx_HAL_Driver/Src/stm32f4xx_hal_adc.c.obj
                0x08002850                HAL_ADC_ConfigChannel
 .text.HAL_CAN_Init
                0x080029e4      0x14c CMakeFiles/remote_cube_sentry.elf.dir/Drivers/STM32F4xx_HAL_Driver/Src/stm32f4xx_hal_can.c.obj
                0x080029e4                HAL_CAN_Init
 .text.HAL_CAN_ConfigFilter
                0x08002b30      0x138 CMakeFiles/remote_cube_sentry.elf.dir/Drivers/STM32F4xx_HAL_Driver/Src/stm32f4xx_hal_can.c.obj
                0x08002b30                HAL_CAN_ConfigFilter
 .text.HAL_CAN_Start
                0x08002c68       0x5c CMakeFiles/remote_cube_sentry.elf.dir/Drivers/STM32F4xx_HAL_Driver/Src/stm32f4xx_hal_can.c.obj
                0x08002c68                HAL_CAN_Start
 .text.HAL_CAN_AddTxMessage
                0x08002cc4       0xfc CMakeFiles/remote_cube_sentry.elf.dir/Drivers/STM32F4xx_HAL_Driver/Src/stm32f4xx_hal_can.c.obj
                0x08002cc4                HAL_CAN_AddTxMessage
 .text.HAL_CAN_GetRxMessage
                0x08002dc0      0x14a CMakeFiles/remote_cube_sentry.elf.dir/Drivers/STM32F4xx_HAL_Driver/Src/stm32f4xx_hal_can.c.obj
                0x08002dc0                HAL_CAN_GetRxMessage
 .text.HAL_CAN_ActivateNotification
                0x08002f0a       0x24 CMakeFiles/remote_cube_sentry.elf.dir/Drivers/STM32F4xx_HAL_Driver/Src/stm32f4xx_hal_can.c.obj
                0x08002f0a                HAL_CAN_ActivateNotification
 .text.HAL_CAN_TxMailbox0CompleteCallback
                0x08002f2e        0x2 CMakeFiles/remote_cube_sentry.elf.dir/Drivers/STM32F4xx_HAL_Driver/Src/stm32f4xx_hal_can.c.obj
                0x08002f2e                HAL_CAN_TxMailbox0CompleteCallback
 .text.HAL_CAN_TxMailbox1CompleteCallback
                0x08002f30        0x2 CMakeFiles/remote_cube_sentry.elf.dir/Drivers/STM32F4xx_HAL_Driver/Src/stm32f4xx_hal_can.c.obj
                0x08002f30                HAL_CAN_TxMailbox1CompleteCallback
 .text.HAL_CAN_TxMailbox2CompleteCallback
                0x08002f32        0x2 CMakeFiles/remote_cube_sentry.elf.dir/Drivers/STM32F4xx_HAL_Driver/Src/stm32f4xx_hal_can.c.obj
                0x08002f32                HAL_CAN_TxMailbox2CompleteCallback
 .text.HAL_CAN_TxMailbox0AbortCallback
                0x08002f34        0x2 CMakeFiles/remote_cube_sentry.elf.dir/Drivers/STM32F4xx_HAL_Driver/Src/stm32f4xx_hal_can.c.obj
                0x08002f34                HAL_CAN_TxMailbox0AbortCallback
 .text.HAL_CAN_TxMailbox1AbortCallback
                0x08002f36        0x2 CMakeFiles/remote_cube_sentry.elf.dir/Drivers/STM32F4xx_HAL_Driver/Src/stm32f4xx_hal_can.c.obj
                0x08002f36                HAL_CAN_TxMailbox1AbortCallback
 .text.HAL_CAN_TxMailbox2AbortCallback
                0x08002f38        0x2 CMakeFiles/remote_cube_sentry.elf.dir/Drivers/STM32F4xx_HAL_Driver/Src/stm32f4xx_hal_can.c.obj
                0x08002f38                HAL_CAN_TxMailbox2AbortCallback
 .text.HAL_CAN_RxFifo0FullCallback
                0x08002f3a        0x2 CMakeFiles/remote_cube_sentry.elf.dir/Drivers/STM32F4xx_HAL_Driver/Src/stm32f4xx_hal_can.c.obj
                0x08002f3a                HAL_CAN_RxFifo0FullCallback
 .text.HAL_CAN_RxFifo1FullCallback
                0x08002f3c        0x2 CMakeFiles/remote_cube_sentry.elf.dir/Drivers/STM32F4xx_HAL_Driver/Src/stm32f4xx_hal_can.c.obj
                0x08002f3c                HAL_CAN_RxFifo1FullCallback
 .text.HAL_CAN_SleepCallback
                0x08002f3e        0x2 CMakeFiles/remote_cube_sentry.elf.dir/Drivers/STM32F4xx_HAL_Driver/Src/stm32f4xx_hal_can.c.obj
                0x08002f3e                HAL_CAN_SleepCallback
 .text.HAL_CAN_WakeUpFromRxMsgCallback
                0x08002f40        0x2 CMakeFiles/remote_cube_sentry.elf.dir/Drivers/STM32F4xx_HAL_Driver/Src/stm32f4xx_hal_can.c.obj
                0x08002f40                HAL_CAN_WakeUpFromRxMsgCallback
 .text.HAL_CAN_ErrorCallback
                0x08002f42        0x2 CMakeFiles/remote_cube_sentry.elf.dir/Drivers/STM32F4xx_HAL_Driver/Src/stm32f4xx_hal_can.c.obj
                0x08002f42                HAL_CAN_ErrorCallback
 .text.HAL_CAN_IRQHandler
                0x08002f44      0x24a CMakeFiles/remote_cube_sentry.elf.dir/Drivers/STM32F4xx_HAL_Driver/Src/stm32f4xx_hal_can.c.obj
                0x08002f44                HAL_CAN_IRQHandler
 *fill*         0x0800318e        0x2 
 .text.__NVIC_SetPriority
                0x08003190       0x28 CMakeFiles/remote_cube_sentry.elf.dir/Drivers/STM32F4xx_HAL_Driver/Src/stm32f4xx_hal_cortex.c.obj
 .text.NVIC_EncodePriority
                0x080031b8       0x3e CMakeFiles/remote_cube_sentry.elf.dir/Drivers/STM32F4xx_HAL_Driver/Src/stm32f4xx_hal_cortex.c.obj
 *fill*         0x080031f6        0x2 
 .text.HAL_NVIC_SetPriorityGrouping
                0x080031f8       0x24 CMakeFiles/remote_cube_sentry.elf.dir/Drivers/STM32F4xx_HAL_Driver/Src/stm32f4xx_hal_cortex.c.obj
                0x080031f8                HAL_NVIC_SetPriorityGrouping
 .text.HAL_NVIC_SetPriority
                0x0800321c       0x20 CMakeFiles/remote_cube_sentry.elf.dir/Drivers/STM32F4xx_HAL_Driver/Src/stm32f4xx_hal_cortex.c.obj
                0x0800321c                HAL_NVIC_SetPriority
 .text.HAL_NVIC_EnableIRQ
                0x0800323c       0x1c CMakeFiles/remote_cube_sentry.elf.dir/Drivers/STM32F4xx_HAL_Driver/Src/stm32f4xx_hal_cortex.c.obj
                0x0800323c                HAL_NVIC_EnableIRQ
 .text.HAL_CRC_Init
                0x08003258       0x1e CMakeFiles/remote_cube_sentry.elf.dir/Drivers/STM32F4xx_HAL_Driver/Src/stm32f4xx_hal_crc.c.obj
                0x08003258                HAL_CRC_Init
 *fill*         0x08003276        0x2 
 .text.DMA_CalcBaseAndBitshift
                0x08003278       0x44 CMakeFiles/remote_cube_sentry.elf.dir/Drivers/STM32F4xx_HAL_Driver/Src/stm32f4xx_hal_dma.c.obj
 .text.DMA_CheckFifoParam
                0x080032bc       0x8e CMakeFiles/remote_cube_sentry.elf.dir/Drivers/STM32F4xx_HAL_Driver/Src/stm32f4xx_hal_dma.c.obj
 *fill*         0x0800334a        0x2 
 .text.HAL_DMA_Init
                0x0800334c       0xcc CMakeFiles/remote_cube_sentry.elf.dir/Drivers/STM32F4xx_HAL_Driver/Src/stm32f4xx_hal_dma.c.obj
                0x0800334c                HAL_DMA_Init
 .text.HAL_DMA_Abort
                0x08003418       0x94 CMakeFiles/remote_cube_sentry.elf.dir/Drivers/STM32F4xx_HAL_Driver/Src/stm32f4xx_hal_dma.c.obj
                0x08003418                HAL_DMA_Abort
 .text.HAL_DMA_Abort_IT
                0x080034ac       0x26 CMakeFiles/remote_cube_sentry.elf.dir/Drivers/STM32F4xx_HAL_Driver/Src/stm32f4xx_hal_dma.c.obj
                0x080034ac                HAL_DMA_Abort_IT
 *fill*         0x080034d2        0x2 
 .text.HAL_DMA_IRQHandler
                0x080034d4      0x1dc CMakeFiles/remote_cube_sentry.elf.dir/Drivers/STM32F4xx_HAL_Driver/Src/stm32f4xx_hal_dma.c.obj
                0x080034d4                HAL_DMA_IRQHandler
 .text.FLASH_Program_DoubleWord
                0x080036b0       0x30 CMakeFiles/remote_cube_sentry.elf.dir/Drivers/STM32F4xx_HAL_Driver/Src/stm32f4xx_hal_flash.c.obj
 .text.FLASH_Program_Word
                0x080036e0       0x24 CMakeFiles/remote_cube_sentry.elf.dir/Drivers/STM32F4xx_HAL_Driver/Src/stm32f4xx_hal_flash.c.obj
 .text.FLASH_Program_HalfWord
                0x08003704       0x24 CMakeFiles/remote_cube_sentry.elf.dir/Drivers/STM32F4xx_HAL_Driver/Src/stm32f4xx_hal_flash.c.obj
 .text.FLASH_Program_Byte
                0x08003728       0x20 CMakeFiles/remote_cube_sentry.elf.dir/Drivers/STM32F4xx_HAL_Driver/Src/stm32f4xx_hal_flash.c.obj
 .text.FLASH_SetErrorCode
                0x08003748       0x8c CMakeFiles/remote_cube_sentry.elf.dir/Drivers/STM32F4xx_HAL_Driver/Src/stm32f4xx_hal_flash.c.obj
 .text.HAL_FLASH_Unlock
                0x080037d4       0x30 CMakeFiles/remote_cube_sentry.elf.dir/Drivers/STM32F4xx_HAL_Driver/Src/stm32f4xx_hal_flash.c.obj
                0x080037d4                HAL_FLASH_Unlock
 .text.HAL_FLASH_Lock
                0x08003804       0x14 CMakeFiles/remote_cube_sentry.elf.dir/Drivers/STM32F4xx_HAL_Driver/Src/stm32f4xx_hal_flash.c.obj
                0x08003804                HAL_FLASH_Lock
 .text.FLASH_WaitForLastOperation
                0x08003818       0x60 CMakeFiles/remote_cube_sentry.elf.dir/Drivers/STM32F4xx_HAL_Driver/Src/stm32f4xx_hal_flash.c.obj
                0x08003818                FLASH_WaitForLastOperation
 .text.HAL_FLASH_Program
                0x08003878       0x7c CMakeFiles/remote_cube_sentry.elf.dir/Drivers/STM32F4xx_HAL_Driver/Src/stm32f4xx_hal_flash.c.obj
                0x08003878                HAL_FLASH_Program
 .text.FLASH_MassErase
                0x080038f4       0x24 CMakeFiles/remote_cube_sentry.elf.dir/Drivers/STM32F4xx_HAL_Driver/Src/stm32f4xx_hal_flash_ex.c.obj
 .text.FLASH_Erase_Sector
                0x08003918       0x4c CMakeFiles/remote_cube_sentry.elf.dir/Drivers/STM32F4xx_HAL_Driver/Src/stm32f4xx_hal_flash_ex.c.obj
                0x08003918                FLASH_Erase_Sector
 .text.FLASH_FlushCaches
                0x08003964       0x60 CMakeFiles/remote_cube_sentry.elf.dir/Drivers/STM32F4xx_HAL_Driver/Src/stm32f4xx_hal_flash_ex.c.obj
                0x08003964                FLASH_FlushCaches
 .text.HAL_FLASHEx_Erase
                0x080039c4       0x94 CMakeFiles/remote_cube_sentry.elf.dir/Drivers/STM32F4xx_HAL_Driver/Src/stm32f4xx_hal_flash_ex.c.obj
                0x080039c4                HAL_FLASHEx_Erase
 .text.HAL_GPIO_Init
                0x08003a58      0x1ec CMakeFiles/remote_cube_sentry.elf.dir/Drivers/STM32F4xx_HAL_Driver/Src/stm32f4xx_hal_gpio.c.obj
                0x08003a58                HAL_GPIO_Init
 .text.HAL_GPIO_WritePin
                0x08003c44        0xc CMakeFiles/remote_cube_sentry.elf.dir/Drivers/STM32F4xx_HAL_Driver/Src/stm32f4xx_hal_gpio.c.obj
                0x08003c44                HAL_GPIO_WritePin
 .text.HAL_GPIO_EXTI_IRQHandler
                0x08003c50       0x1c CMakeFiles/remote_cube_sentry.elf.dir/Drivers/STM32F4xx_HAL_Driver/Src/stm32f4xx_hal_gpio.c.obj
                0x08003c50                HAL_GPIO_EXTI_IRQHandler
 .text.PCD_WriteEmptyTxFifo
                0x08003c6c       0xd0 CMakeFiles/remote_cube_sentry.elf.dir/Drivers/STM32F4xx_HAL_Driver/Src/stm32f4xx_hal_pcd.c.obj
 .text.PCD_EP_OutXfrComplete_int
                0x08003d3c      0x104 CMakeFiles/remote_cube_sentry.elf.dir/Drivers/STM32F4xx_HAL_Driver/Src/stm32f4xx_hal_pcd.c.obj
 .text.PCD_EP_OutSetupPacket_int
                0x08003e40       0x50 CMakeFiles/remote_cube_sentry.elf.dir/Drivers/STM32F4xx_HAL_Driver/Src/stm32f4xx_hal_pcd.c.obj
 .text.HAL_PCD_SetAddress
                0x08003e90       0x28 CMakeFiles/remote_cube_sentry.elf.dir/Drivers/STM32F4xx_HAL_Driver/Src/stm32f4xx_hal_pcd.c.obj
                0x08003e90                HAL_PCD_SetAddress
 .text.HAL_PCD_EP_Open
                0x08003eb8       0x8a CMakeFiles/remote_cube_sentry.elf.dir/Drivers/STM32F4xx_HAL_Driver/Src/stm32f4xx_hal_pcd.c.obj
                0x08003eb8                HAL_PCD_EP_Open
 .text.HAL_PCD_EP_Receive
                0x08003f42       0x5e CMakeFiles/remote_cube_sentry.elf.dir/Drivers/STM32F4xx_HAL_Driver/Src/stm32f4xx_hal_pcd.c.obj
                0x08003f42                HAL_PCD_EP_Receive
 .text.HAL_PCD_EP_Transmit
                0x08003fa0       0x5e CMakeFiles/remote_cube_sentry.elf.dir/Drivers/STM32F4xx_HAL_Driver/Src/stm32f4xx_hal_pcd.c.obj
                0x08003fa0                HAL_PCD_EP_Transmit
 .text.HAL_PCD_EP_SetStall
                0x08003ffe       0x88 CMakeFiles/remote_cube_sentry.elf.dir/Drivers/STM32F4xx_HAL_Driver/Src/stm32f4xx_hal_pcd.c.obj
                0x08003ffe                HAL_PCD_EP_SetStall
 .text.HAL_PCD_EP_ClrStall
                0x08004086       0x76 CMakeFiles/remote_cube_sentry.elf.dir/Drivers/STM32F4xx_HAL_Driver/Src/stm32f4xx_hal_pcd.c.obj
                0x08004086                HAL_PCD_EP_ClrStall
 .text.HAL_PCD_EP_Abort
                0x080040fc       0x34 CMakeFiles/remote_cube_sentry.elf.dir/Drivers/STM32F4xx_HAL_Driver/Src/stm32f4xx_hal_pcd.c.obj
                0x080040fc                HAL_PCD_EP_Abort
 .text.HAL_PCD_IRQHandler
                0x08004130      0x5c4 CMakeFiles/remote_cube_sentry.elf.dir/Drivers/STM32F4xx_HAL_Driver/Src/stm32f4xx_hal_pcd.c.obj
                0x08004130                HAL_PCD_IRQHandler
 .text.HAL_PCDEx_LPM_Callback
                0x080046f4        0x2 CMakeFiles/remote_cube_sentry.elf.dir/Drivers/STM32F4xx_HAL_Driver/Src/stm32f4xx_hal_pcd_ex.c.obj
                0x080046f4                HAL_PCDEx_LPM_Callback
 *fill*         0x080046f6        0x2 
 .text.HAL_RCC_OscConfig
                0x080046f8      0x3f8 CMakeFiles/remote_cube_sentry.elf.dir/Drivers/STM32F4xx_HAL_Driver/Src/stm32f4xx_hal_rcc.c.obj
                0x080046f8                HAL_RCC_OscConfig
 .text.HAL_RCC_GetSysClockFreq
                0x08004af0       0xa8 CMakeFiles/remote_cube_sentry.elf.dir/Drivers/STM32F4xx_HAL_Driver/Src/stm32f4xx_hal_rcc.c.obj
                0x08004af0                HAL_RCC_GetSysClockFreq
 .text.HAL_RCC_ClockConfig
                0x08004b98      0x160 CMakeFiles/remote_cube_sentry.elf.dir/Drivers/STM32F4xx_HAL_Driver/Src/stm32f4xx_hal_rcc.c.obj
                0x08004b98                HAL_RCC_ClockConfig
 .text.HAL_RCC_GetHCLKFreq
                0x08004cf8        0xc CMakeFiles/remote_cube_sentry.elf.dir/Drivers/STM32F4xx_HAL_Driver/Src/stm32f4xx_hal_rcc.c.obj
                0x08004cf8                HAL_RCC_GetHCLKFreq
 .text.HAL_RCC_GetPCLK1Freq
                0x08004d04       0x20 CMakeFiles/remote_cube_sentry.elf.dir/Drivers/STM32F4xx_HAL_Driver/Src/stm32f4xx_hal_rcc.c.obj
                0x08004d04                HAL_RCC_GetPCLK1Freq
 .text.HAL_RCC_GetPCLK2Freq
                0x08004d24       0x20 CMakeFiles/remote_cube_sentry.elf.dir/Drivers/STM32F4xx_HAL_Driver/Src/stm32f4xx_hal_rcc.c.obj
                0x08004d24                HAL_RCC_GetPCLK2Freq
 .text.HAL_RCC_GetClockConfig
                0x08004d44       0x3c CMakeFiles/remote_cube_sentry.elf.dir/Drivers/STM32F4xx_HAL_Driver/Src/stm32f4xx_hal_rcc.c.obj
                0x08004d44                HAL_RCC_GetClockConfig
 .text.HAL_RNG_Init
                0x08004d80       0x2e CMakeFiles/remote_cube_sentry.elf.dir/Drivers/STM32F4xx_HAL_Driver/Src/stm32f4xx_hal_rng.c.obj
                0x08004d80                HAL_RNG_Init
 *fill*         0x08004dae        0x2 
 .text.SPI_WaitFlagStateUntilTimeout
                0x08004db0       0xc8 CMakeFiles/remote_cube_sentry.elf.dir/Drivers/STM32F4xx_HAL_Driver/Src/stm32f4xx_hal_spi.c.obj
 .text.SPI_EndRxTxTransaction
                0x08004e78       0x68 CMakeFiles/remote_cube_sentry.elf.dir/Drivers/STM32F4xx_HAL_Driver/Src/stm32f4xx_hal_spi.c.obj
 .text.HAL_SPI_Init
                0x08004ee0       0xbe CMakeFiles/remote_cube_sentry.elf.dir/Drivers/STM32F4xx_HAL_Driver/Src/stm32f4xx_hal_spi.c.obj
                0x08004ee0                HAL_SPI_Init
 .text.HAL_SPI_TransmitReceive
                0x08004f9e      0x238 CMakeFiles/remote_cube_sentry.elf.dir/Drivers/STM32F4xx_HAL_Driver/Src/stm32f4xx_hal_spi.c.obj
                0x08004f9e                HAL_SPI_TransmitReceive
 *fill*         0x080051d6        0x2 
 .text.TIM_OC1_SetConfig
                0x080051d8       0x70 CMakeFiles/remote_cube_sentry.elf.dir/Drivers/STM32F4xx_HAL_Driver/Src/stm32f4xx_hal_tim.c.obj
 .text.TIM_OC3_SetConfig
                0x08005248       0x70 CMakeFiles/remote_cube_sentry.elf.dir/Drivers/STM32F4xx_HAL_Driver/Src/stm32f4xx_hal_tim.c.obj
 .text.TIM_OC4_SetConfig
                0x080052b8       0x50 CMakeFiles/remote_cube_sentry.elf.dir/Drivers/STM32F4xx_HAL_Driver/Src/stm32f4xx_hal_tim.c.obj
 .text.TIM_TI1_ConfigInputStage
                0x08005308       0x26 CMakeFiles/remote_cube_sentry.elf.dir/Drivers/STM32F4xx_HAL_Driver/Src/stm32f4xx_hal_tim.c.obj
 .text.TIM_TI2_ConfigInputStage
                0x0800532e       0x28 CMakeFiles/remote_cube_sentry.elf.dir/Drivers/STM32F4xx_HAL_Driver/Src/stm32f4xx_hal_tim.c.obj
 .text.TIM_ITRx_SetConfig
                0x08005356       0x10 CMakeFiles/remote_cube_sentry.elf.dir/Drivers/STM32F4xx_HAL_Driver/Src/stm32f4xx_hal_tim.c.obj
 *fill*         0x08005366        0x2 
 .text.HAL_TIM_Base_Start
                0x08005368       0x7c CMakeFiles/remote_cube_sentry.elf.dir/Drivers/STM32F4xx_HAL_Driver/Src/stm32f4xx_hal_tim.c.obj
                0x08005368                HAL_TIM_Base_Start
 .text.HAL_TIM_Base_Start_IT
                0x080053e4       0x88 CMakeFiles/remote_cube_sentry.elf.dir/Drivers/STM32F4xx_HAL_Driver/Src/stm32f4xx_hal_tim.c.obj
                0x080053e4                HAL_TIM_Base_Start_IT
 .text.HAL_TIM_OC_DelayElapsedCallback
                0x0800546c        0x2 CMakeFiles/remote_cube_sentry.elf.dir/Drivers/STM32F4xx_HAL_Driver/Src/stm32f4xx_hal_tim.c.obj
                0x0800546c                HAL_TIM_OC_DelayElapsedCallback
 .text.HAL_TIM_IC_CaptureCallback
                0x0800546e        0x2 CMakeFiles/remote_cube_sentry.elf.dir/Drivers/STM32F4xx_HAL_Driver/Src/stm32f4xx_hal_tim.c.obj
                0x0800546e                HAL_TIM_IC_CaptureCallback
 .text.HAL_TIM_PWM_PulseFinishedCallback
                0x08005470        0x2 CMakeFiles/remote_cube_sentry.elf.dir/Drivers/STM32F4xx_HAL_Driver/Src/stm32f4xx_hal_tim.c.obj
                0x08005470                HAL_TIM_PWM_PulseFinishedCallback
 .text.HAL_TIM_TriggerCallback
                0x08005472        0x2 CMakeFiles/remote_cube_sentry.elf.dir/Drivers/STM32F4xx_HAL_Driver/Src/stm32f4xx_hal_tim.c.obj
                0x08005472                HAL_TIM_TriggerCallback
 .text.HAL_TIM_IRQHandler
                0x08005474      0x17a CMakeFiles/remote_cube_sentry.elf.dir/Drivers/STM32F4xx_HAL_Driver/Src/stm32f4xx_hal_tim.c.obj
                0x08005474                HAL_TIM_IRQHandler
 *fill*         0x080055ee        0x2 
 .text.TIM_Base_SetConfig
                0x080055f0       0xc8 CMakeFiles/remote_cube_sentry.elf.dir/Drivers/STM32F4xx_HAL_Driver/Src/stm32f4xx_hal_tim.c.obj
                0x080055f0                TIM_Base_SetConfig
 .text.HAL_TIM_Base_Init
                0x080056b8       0x58 CMakeFiles/remote_cube_sentry.elf.dir/Drivers/STM32F4xx_HAL_Driver/Src/stm32f4xx_hal_tim.c.obj
                0x080056b8                HAL_TIM_Base_Init
 .text.HAL_TIM_PWM_Init
                0x08005710       0x58 CMakeFiles/remote_cube_sentry.elf.dir/Drivers/STM32F4xx_HAL_Driver/Src/stm32f4xx_hal_tim.c.obj
                0x08005710                HAL_TIM_PWM_Init
 .text.TIM_OC2_SetConfig
                0x08005768       0x70 CMakeFiles/remote_cube_sentry.elf.dir/Drivers/STM32F4xx_HAL_Driver/Src/stm32f4xx_hal_tim.c.obj
                0x08005768                TIM_OC2_SetConfig
 .text.HAL_TIM_PWM_ConfigChannel
                0x080057d8       0xdc CMakeFiles/remote_cube_sentry.elf.dir/Drivers/STM32F4xx_HAL_Driver/Src/stm32f4xx_hal_tim.c.obj
                0x080057d8                HAL_TIM_PWM_ConfigChannel
 .text.TIM_ETR_SetConfig
                0x080058b4       0x1a CMakeFiles/remote_cube_sentry.elf.dir/Drivers/STM32F4xx_HAL_Driver/Src/stm32f4xx_hal_tim.c.obj
                0x080058b4                TIM_ETR_SetConfig
 .text.HAL_TIM_ConfigClockSource
                0x080058ce       0xfe CMakeFiles/remote_cube_sentry.elf.dir/Drivers/STM32F4xx_HAL_Driver/Src/stm32f4xx_hal_tim.c.obj
                0x080058ce                HAL_TIM_ConfigClockSource
 .text.TIM_CCxChannelCmd
                0x080059cc       0x1e CMakeFiles/remote_cube_sentry.elf.dir/Drivers/STM32F4xx_HAL_Driver/Src/stm32f4xx_hal_tim.c.obj
                0x080059cc                TIM_CCxChannelCmd
 *fill*         0x080059ea        0x2 
 .text.HAL_TIM_PWM_Start
                0x080059ec      0x104 CMakeFiles/remote_cube_sentry.elf.dir/Drivers/STM32F4xx_HAL_Driver/Src/stm32f4xx_hal_tim.c.obj
                0x080059ec                HAL_TIM_PWM_Start
 .text.HAL_TIMEx_MasterConfigSynchronization
                0x08005af0       0x8c CMakeFiles/remote_cube_sentry.elf.dir/Drivers/STM32F4xx_HAL_Driver/Src/stm32f4xx_hal_tim_ex.c.obj
                0x08005af0                HAL_TIMEx_MasterConfigSynchronization
 .text.HAL_TIMEx_ConfigBreakDeadTime
                0x08005b7c       0x52 CMakeFiles/remote_cube_sentry.elf.dir/Drivers/STM32F4xx_HAL_Driver/Src/stm32f4xx_hal_tim_ex.c.obj
                0x08005b7c                HAL_TIMEx_ConfigBreakDeadTime
 .text.HAL_TIMEx_CommutCallback
                0x08005bce        0x2 CMakeFiles/remote_cube_sentry.elf.dir/Drivers/STM32F4xx_HAL_Driver/Src/stm32f4xx_hal_tim_ex.c.obj
                0x08005bce                HAL_TIMEx_CommutCallback
 .text.HAL_TIMEx_BreakCallback
                0x08005bd0        0x2 CMakeFiles/remote_cube_sentry.elf.dir/Drivers/STM32F4xx_HAL_Driver/Src/stm32f4xx_hal_tim_ex.c.obj
                0x08005bd0                HAL_TIMEx_BreakCallback
 .text.UART_EndRxTransfer
                0x08005bd2       0x5c CMakeFiles/remote_cube_sentry.elf.dir/Drivers/STM32F4xx_HAL_Driver/Src/stm32f4xx_hal_uart.c.obj
 .text.UART_Transmit_IT
                0x08005c2e       0x60 CMakeFiles/remote_cube_sentry.elf.dir/Drivers/STM32F4xx_HAL_Driver/Src/stm32f4xx_hal_uart.c.obj
 *fill*         0x08005c8e        0x2 
 .text.UART_SetConfig
                0x08005c90      0x110 CMakeFiles/remote_cube_sentry.elf.dir/Drivers/STM32F4xx_HAL_Driver/Src/stm32f4xx_hal_uart.c.obj
 .text.UART_WaitOnFlagUntilTimeout
                0x08005da0       0x84 CMakeFiles/remote_cube_sentry.elf.dir/Drivers/STM32F4xx_HAL_Driver/Src/stm32f4xx_hal_uart.c.obj
 .text.HAL_UART_Init
                0x08005e24       0x5e CMakeFiles/remote_cube_sentry.elf.dir/Drivers/STM32F4xx_HAL_Driver/Src/stm32f4xx_hal_uart.c.obj
                0x08005e24                HAL_UART_Init
 .text.HAL_UART_Transmit
                0x08005e82       0xd8 CMakeFiles/remote_cube_sentry.elf.dir/Drivers/STM32F4xx_HAL_Driver/Src/stm32f4xx_hal_uart.c.obj
                0x08005e82                HAL_UART_Transmit
 .text.HAL_UART_TxCpltCallback
                0x08005f5a        0x2 CMakeFiles/remote_cube_sentry.elf.dir/Drivers/STM32F4xx_HAL_Driver/Src/stm32f4xx_hal_uart.c.obj
                0x08005f5a                HAL_UART_TxCpltCallback
 .text.UART_EndTransmit_IT
                0x08005f5c       0x1a CMakeFiles/remote_cube_sentry.elf.dir/Drivers/STM32F4xx_HAL_Driver/Src/stm32f4xx_hal_uart.c.obj
 .text.HAL_UART_ErrorCallback
                0x08005f76        0x2 CMakeFiles/remote_cube_sentry.elf.dir/Drivers/STM32F4xx_HAL_Driver/Src/stm32f4xx_hal_uart.c.obj
                0x08005f76                HAL_UART_ErrorCallback
 .text.UART_DMAAbortOnError
                0x08005f78       0x10 CMakeFiles/remote_cube_sentry.elf.dir/Drivers/STM32F4xx_HAL_Driver/Src/stm32f4xx_hal_uart.c.obj
 .text.HAL_UARTEx_RxEventCallback
                0x08005f88        0x2 CMakeFiles/remote_cube_sentry.elf.dir/Drivers/STM32F4xx_HAL_Driver/Src/stm32f4xx_hal_uart.c.obj
                0x08005f88                HAL_UARTEx_RxEventCallback
 .text.UART_Receive_IT
                0x08005f8a       0xe2 CMakeFiles/remote_cube_sentry.elf.dir/Drivers/STM32F4xx_HAL_Driver/Src/stm32f4xx_hal_uart.c.obj
 .text.HAL_UART_IRQHandler
                0x0800606c      0x27c CMakeFiles/remote_cube_sentry.elf.dir/Drivers/STM32F4xx_HAL_Driver/Src/stm32f4xx_hal_uart.c.obj
                0x0800606c                HAL_UART_IRQHandler
 .text.UART_Start_Receive_IT
                0x080062e8       0x3a CMakeFiles/remote_cube_sentry.elf.dir/Drivers/STM32F4xx_HAL_Driver/Src/stm32f4xx_hal_uart.c.obj
                0x080062e8                UART_Start_Receive_IT
 .text.HAL_UART_Receive_IT
                0x08006322       0x38 CMakeFiles/remote_cube_sentry.elf.dir/Drivers/STM32F4xx_HAL_Driver/Src/stm32f4xx_hal_uart.c.obj
                0x08006322                HAL_UART_Receive_IT
 *fill*         0x0800635a        0x2 
 .text.USB_SetTurnaroundTime
                0x0800635c       0xe4 CMakeFiles/remote_cube_sentry.elf.dir/Drivers/STM32F4xx_HAL_Driver/Src/stm32f4xx_ll_usb.c.obj
                0x0800635c                USB_SetTurnaroundTime
 .text.USB_FlushTxFifo
                0x08006440       0x50 CMakeFiles/remote_cube_sentry.elf.dir/Drivers/STM32F4xx_HAL_Driver/Src/stm32f4xx_ll_usb.c.obj
                0x08006440                USB_FlushTxFifo
 .text.USB_GetDevSpeed
                0x08006490       0x22 CMakeFiles/remote_cube_sentry.elf.dir/Drivers/STM32F4xx_HAL_Driver/Src/stm32f4xx_ll_usb.c.obj
                0x08006490                USB_GetDevSpeed
 .text.USB_ActivateEndpoint
                0x080064b2       0x9a CMakeFiles/remote_cube_sentry.elf.dir/Drivers/STM32F4xx_HAL_Driver/Src/stm32f4xx_ll_usb.c.obj
                0x080064b2                USB_ActivateEndpoint
 .text.USB_EP0StartXfer
                0x0800654c      0x124 CMakeFiles/remote_cube_sentry.elf.dir/Drivers/STM32F4xx_HAL_Driver/Src/stm32f4xx_ll_usb.c.obj
                0x0800654c                USB_EP0StartXfer
 .text.USB_EPStopXfer
                0x08006670       0xbe CMakeFiles/remote_cube_sentry.elf.dir/Drivers/STM32F4xx_HAL_Driver/Src/stm32f4xx_ll_usb.c.obj
                0x08006670                USB_EPStopXfer
 .text.USB_WritePacket
                0x0800672e       0x2e CMakeFiles/remote_cube_sentry.elf.dir/Drivers/STM32F4xx_HAL_Driver/Src/stm32f4xx_ll_usb.c.obj
                0x0800672e                USB_WritePacket
 .text.USB_EPStartXfer
                0x0800675c      0x234 CMakeFiles/remote_cube_sentry.elf.dir/Drivers/STM32F4xx_HAL_Driver/Src/stm32f4xx_ll_usb.c.obj
                0x0800675c                USB_EPStartXfer
 .text.USB_ReadPacket
                0x08006990       0x46 CMakeFiles/remote_cube_sentry.elf.dir/Drivers/STM32F4xx_HAL_Driver/Src/stm32f4xx_ll_usb.c.obj
                0x08006990                USB_ReadPacket
 .text.USB_EPSetStall
                0x080069d6       0x5a CMakeFiles/remote_cube_sentry.elf.dir/Drivers/STM32F4xx_HAL_Driver/Src/stm32f4xx_ll_usb.c.obj
                0x080069d6                USB_EPSetStall
 .text.USB_EPClearStall
                0x08006a30       0x5c CMakeFiles/remote_cube_sentry.elf.dir/Drivers/STM32F4xx_HAL_Driver/Src/stm32f4xx_ll_usb.c.obj
                0x08006a30                USB_EPClearStall
 .text.USB_SetDevAddress
                0x08006a8c       0x20 CMakeFiles/remote_cube_sentry.elf.dir/Drivers/STM32F4xx_HAL_Driver/Src/stm32f4xx_ll_usb.c.obj
                0x08006a8c                USB_SetDevAddress
 .text.USB_ReadInterrupts
                0x08006aac        0x8 CMakeFiles/remote_cube_sentry.elf.dir/Drivers/STM32F4xx_HAL_Driver/Src/stm32f4xx_ll_usb.c.obj
                0x08006aac                USB_ReadInterrupts
 .text.USB_ReadDevAllOutEpInterrupt
                0x08006ab4       0x10 CMakeFiles/remote_cube_sentry.elf.dir/Drivers/STM32F4xx_HAL_Driver/Src/stm32f4xx_ll_usb.c.obj
                0x08006ab4                USB_ReadDevAllOutEpInterrupt
 .text.USB_ReadDevAllInEpInterrupt
                0x08006ac4       0x10 CMakeFiles/remote_cube_sentry.elf.dir/Drivers/STM32F4xx_HAL_Driver/Src/stm32f4xx_ll_usb.c.obj
                0x08006ac4                USB_ReadDevAllInEpInterrupt
 .text.USB_ReadDevOutEPInterrupt
                0x08006ad4       0x12 CMakeFiles/remote_cube_sentry.elf.dir/Drivers/STM32F4xx_HAL_Driver/Src/stm32f4xx_ll_usb.c.obj
                0x08006ad4                USB_ReadDevOutEPInterrupt
 .text.USB_ReadDevInEPInterrupt
                0x08006ae6       0x24 CMakeFiles/remote_cube_sentry.elf.dir/Drivers/STM32F4xx_HAL_Driver/Src/stm32f4xx_ll_usb.c.obj
                0x08006ae6                USB_ReadDevInEPInterrupt
 .text.USB_GetMode
                0x08006b0a        0x8 CMakeFiles/remote_cube_sentry.elf.dir/Drivers/STM32F4xx_HAL_Driver/Src/stm32f4xx_ll_usb.c.obj
                0x08006b0a                USB_GetMode
 .text.USB_ActivateSetup
                0x08006b12       0x20 CMakeFiles/remote_cube_sentry.elf.dir/Drivers/STM32F4xx_HAL_Driver/Src/stm32f4xx_ll_usb.c.obj
                0x08006b12                USB_ActivateSetup
 *fill*         0x08006b32        0x2 
 .text.USB_EP0_OutStart
                0x08006b34       0x60 CMakeFiles/remote_cube_sentry.elf.dir/Drivers/STM32F4xx_HAL_Driver/Src/stm32f4xx_ll_usb.c.obj
                0x08006b34                USB_EP0_OutStart
 .text.USBD_SetClassConfig
                0x08006b94       0x12 CMakeFiles/remote_cube_sentry.elf.dir/Middlewares/ST/STM32_USB_Device_Library/Core/Src/usbd_core.c.obj
                0x08006b94                USBD_SetClassConfig
 .text.USBD_ClrClassConfig
                0x08006ba6       0x12 CMakeFiles/remote_cube_sentry.elf.dir/Middlewares/ST/STM32_USB_Device_Library/Core/Src/usbd_core.c.obj
                0x08006ba6                USBD_ClrClassConfig
 .text.USBD_LL_SetupStage
                0x08006bb8       0x58 CMakeFiles/remote_cube_sentry.elf.dir/Middlewares/ST/STM32_USB_Device_Library/Core/Src/usbd_core.c.obj
                0x08006bb8                USBD_LL_SetupStage
 .text.USBD_LL_Reset
                0x08006c10       0x64 CMakeFiles/remote_cube_sentry.elf.dir/Middlewares/ST/STM32_USB_Device_Library/Core/Src/usbd_core.c.obj
                0x08006c10                USBD_LL_Reset
 .text.USBD_LL_SetSpeed
                0x08006c74        0x6 CMakeFiles/remote_cube_sentry.elf.dir/Middlewares/ST/STM32_USB_Device_Library/Core/Src/usbd_core.c.obj
                0x08006c74                USBD_LL_SetSpeed
 .text.USBD_LL_Suspend
                0x08006c7a       0x14 CMakeFiles/remote_cube_sentry.elf.dir/Middlewares/ST/STM32_USB_Device_Library/Core/Src/usbd_core.c.obj
                0x08006c7a                USBD_LL_Suspend
 .text.USBD_LL_Resume
                0x08006c8e       0x1a CMakeFiles/remote_cube_sentry.elf.dir/Middlewares/ST/STM32_USB_Device_Library/Core/Src/usbd_core.c.obj
                0x08006c8e                USBD_LL_Resume
 .text.USBD_LL_SOF
                0x08006ca8       0x22 CMakeFiles/remote_cube_sentry.elf.dir/Middlewares/ST/STM32_USB_Device_Library/Core/Src/usbd_core.c.obj
                0x08006ca8                USBD_LL_SOF
 .text.USBD_LL_IsoINIncomplete
                0x08006cca       0x2e CMakeFiles/remote_cube_sentry.elf.dir/Middlewares/ST/STM32_USB_Device_Library/Core/Src/usbd_core.c.obj
                0x08006cca                USBD_LL_IsoINIncomplete
 .text.USBD_LL_IsoOUTIncomplete
                0x08006cf8       0x2e CMakeFiles/remote_cube_sentry.elf.dir/Middlewares/ST/STM32_USB_Device_Library/Core/Src/usbd_core.c.obj
                0x08006cf8                USBD_LL_IsoOUTIncomplete
 .text.USBD_LL_DevConnected
                0x08006d26        0x4 CMakeFiles/remote_cube_sentry.elf.dir/Middlewares/ST/STM32_USB_Device_Library/Core/Src/usbd_core.c.obj
                0x08006d26                USBD_LL_DevConnected
 .text.USBD_LL_DevDisconnected
                0x08006d2a       0x20 CMakeFiles/remote_cube_sentry.elf.dir/Middlewares/ST/STM32_USB_Device_Library/Core/Src/usbd_core.c.obj
                0x08006d2a                USBD_LL_DevDisconnected
 .text.USBD_CoreFindIF
                0x08006d4a        0x4 CMakeFiles/remote_cube_sentry.elf.dir/Middlewares/ST/STM32_USB_Device_Library/Core/Src/usbd_core.c.obj
                0x08006d4a                USBD_CoreFindIF
 .text.USBD_CoreFindEP
                0x08006d4e        0x4 CMakeFiles/remote_cube_sentry.elf.dir/Middlewares/ST/STM32_USB_Device_Library/Core/Src/usbd_core.c.obj
                0x08006d4e                USBD_CoreFindEP
 .text.USBD_LL_DataOutStage
                0x08006d52       0xc6 CMakeFiles/remote_cube_sentry.elf.dir/Middlewares/ST/STM32_USB_Device_Library/Core/Src/usbd_core.c.obj
                0x08006d52                USBD_LL_DataOutStage
 .text.USBD_LL_DataInStage
                0x08006e18       0xd6 CMakeFiles/remote_cube_sentry.elf.dir/Middlewares/ST/STM32_USB_Device_Library/Core/Src/usbd_core.c.obj
                0x08006e18                USBD_LL_DataInStage
 .text.USBD_ParseSetupRequest
                0x08006eee       0x28 CMakeFiles/remote_cube_sentry.elf.dir/Middlewares/ST/STM32_USB_Device_Library/Core/Src/usbd_ctlreq.c.obj
                0x08006eee                USBD_ParseSetupRequest
 .text.USBD_CtlError
                0x08006f16       0x14 CMakeFiles/remote_cube_sentry.elf.dir/Middlewares/ST/STM32_USB_Device_Library/Core/Src/usbd_ctlreq.c.obj
                0x08006f16                USBD_CtlError
 .text.USBD_GetDescriptor
                0x08006f2a      0x18a CMakeFiles/remote_cube_sentry.elf.dir/Middlewares/ST/STM32_USB_Device_Library/Core/Src/usbd_ctlreq.c.obj
 .text.USBD_SetAddress
                0x080070b4       0x50 CMakeFiles/remote_cube_sentry.elf.dir/Middlewares/ST/STM32_USB_Device_Library/Core/Src/usbd_ctlreq.c.obj
 .text.USBD_SetConfig
                0x08007104       0xcc CMakeFiles/remote_cube_sentry.elf.dir/Middlewares/ST/STM32_USB_Device_Library/Core/Src/usbd_ctlreq.c.obj
 .text.USBD_GetConfig
                0x080071d0       0x40 CMakeFiles/remote_cube_sentry.elf.dir/Middlewares/ST/STM32_USB_Device_Library/Core/Src/usbd_ctlreq.c.obj
 .text.USBD_GetStatus
                0x08007210       0x38 CMakeFiles/remote_cube_sentry.elf.dir/Middlewares/ST/STM32_USB_Device_Library/Core/Src/usbd_ctlreq.c.obj
 .text.USBD_SetFeature
                0x08007248       0x2a CMakeFiles/remote_cube_sentry.elf.dir/Middlewares/ST/STM32_USB_Device_Library/Core/Src/usbd_ctlreq.c.obj
 .text.USBD_ClrFeature
                0x08007272       0x26 CMakeFiles/remote_cube_sentry.elf.dir/Middlewares/ST/STM32_USB_Device_Library/Core/Src/usbd_ctlreq.c.obj
 .text.USBD_StdDevReq
                0x08007298       0x76 CMakeFiles/remote_cube_sentry.elf.dir/Middlewares/ST/STM32_USB_Device_Library/Core/Src/usbd_ctlreq.c.obj
                0x08007298                USBD_StdDevReq
 .text.USBD_StdItfReq
                0x0800730e       0x84 CMakeFiles/remote_cube_sentry.elf.dir/Middlewares/ST/STM32_USB_Device_Library/Core/Src/usbd_ctlreq.c.obj
                0x0800730e                USBD_StdItfReq
 .text.USBD_StdEPReq
                0x08007392      0x230 CMakeFiles/remote_cube_sentry.elf.dir/Middlewares/ST/STM32_USB_Device_Library/Core/Src/usbd_ctlreq.c.obj
                0x08007392                USBD_StdEPReq
 .text.USBD_CtlSendData
                0x080075c2       0x1a CMakeFiles/remote_cube_sentry.elf.dir/Middlewares/ST/STM32_USB_Device_Library/Core/Src/usbd_ioreq.c.obj
                0x080075c2                USBD_CtlSendData
 .text.USBD_CtlContinueSendData
                0x080075dc       0x10 CMakeFiles/remote_cube_sentry.elf.dir/Middlewares/ST/STM32_USB_Device_Library/Core/Src/usbd_ioreq.c.obj
                0x080075dc                USBD_CtlContinueSendData
 .text.USBD_CtlContinueRx
                0x080075ec       0x10 CMakeFiles/remote_cube_sentry.elf.dir/Middlewares/ST/STM32_USB_Device_Library/Core/Src/usbd_ioreq.c.obj
                0x080075ec                USBD_CtlContinueRx
 .text.USBD_CtlSendStatus
                0x080075fc       0x16 CMakeFiles/remote_cube_sentry.elf.dir/Middlewares/ST/STM32_USB_Device_Library/Core/Src/usbd_ioreq.c.obj
                0x080075fc                USBD_CtlSendStatus
 .text.USBD_CtlReceiveStatus
                0x08007612       0x16 CMakeFiles/remote_cube_sentry.elf.dir/Middlewares/ST/STM32_USB_Device_Library/Core/Src/usbd_ioreq.c.obj
                0x08007612                USBD_CtlReceiveStatus
 .text.makeFreeRtosPriority
                0x08007628        0xc CMakeFiles/remote_cube_sentry.elf.dir/Middlewares/Third_Party/FreeRTOS/Source/CMSIS_RTOS/cmsis_os.c.obj
 .text.osKernelStart
                0x08007634        0xa CMakeFiles/remote_cube_sentry.elf.dir/Middlewares/Third_Party/FreeRTOS/Source/CMSIS_RTOS/cmsis_os.c.obj
                0x08007634                osKernelStart
 .text.osThreadCreate
                0x0800763e       0x66 CMakeFiles/remote_cube_sentry.elf.dir/Middlewares/Third_Party/FreeRTOS/Source/CMSIS_RTOS/cmsis_os.c.obj
                0x0800763e                osThreadCreate
 .text.osDelay  0x080076a4        0xe CMakeFiles/remote_cube_sentry.elf.dir/Middlewares/Third_Party/FreeRTOS/Source/CMSIS_RTOS/cmsis_os.c.obj
                0x080076a4                osDelay
 .text.vListInitialise
                0x080076b2       0x16 CMakeFiles/remote_cube_sentry.elf.dir/Middlewares/Third_Party/FreeRTOS/Source/list.c.obj
                0x080076b2                vListInitialise
 .text.vListInitialiseItem
                0x080076c8        0x6 CMakeFiles/remote_cube_sentry.elf.dir/Middlewares/Third_Party/FreeRTOS/Source/list.c.obj
                0x080076c8                vListInitialiseItem
 .text.vListInsertEnd
                0x080076ce       0x16 CMakeFiles/remote_cube_sentry.elf.dir/Middlewares/Third_Party/FreeRTOS/Source/list.c.obj
                0x080076ce                vListInsertEnd
 .text.vListInsert
                0x080076e4       0x32 CMakeFiles/remote_cube_sentry.elf.dir/Middlewares/Third_Party/FreeRTOS/Source/list.c.obj
                0x080076e4                vListInsert
 .text.uxListRemove
                0x08007716       0x26 CMakeFiles/remote_cube_sentry.elf.dir/Middlewares/Third_Party/FreeRTOS/Source/list.c.obj
                0x08007716                uxListRemove
 .text.prvTaskExitError
                0x0800773c       0x40 CMakeFiles/remote_cube_sentry.elf.dir/Middlewares/Third_Party/FreeRTOS/Source/portable/GCC/ARM_CM4F/port.c.obj
 .text.prvPortStartFirstTask
                0x0800777c       0x28 CMakeFiles/remote_cube_sentry.elf.dir/Middlewares/Third_Party/FreeRTOS/Source/portable/GCC/ARM_CM4F/port.c.obj
 .text.vPortEnableVFP
                0x080077a4       0x14 CMakeFiles/remote_cube_sentry.elf.dir/Middlewares/Third_Party/FreeRTOS/Source/portable/GCC/ARM_CM4F/port.c.obj
 .text.pxPortInitialiseStack
                0x080077b8       0x2c CMakeFiles/remote_cube_sentry.elf.dir/Middlewares/Third_Party/FreeRTOS/Source/portable/GCC/ARM_CM4F/port.c.obj
                0x080077b8                pxPortInitialiseStack
 *fill*         0x080077e4        0xc 
 .text.SVC_Handler
                0x080077f0       0x24 CMakeFiles/remote_cube_sentry.elf.dir/Middlewares/Third_Party/FreeRTOS/Source/portable/GCC/ARM_CM4F/port.c.obj
                0x080077f0                SVC_Handler
 .text.vPortEnterCritical
                0x08007814       0x44 CMakeFiles/remote_cube_sentry.elf.dir/Middlewares/Third_Party/FreeRTOS/Source/portable/GCC/ARM_CM4F/port.c.obj
                0x08007814                vPortEnterCritical
 .text.vPortExitCritical
                0x08007858       0x2c CMakeFiles/remote_cube_sentry.elf.dir/Middlewares/Third_Party/FreeRTOS/Source/portable/GCC/ARM_CM4F/port.c.obj
                0x08007858                vPortExitCritical
 *fill*         0x08007884        0xc 
 .text.PendSV_Handler
                0x08007890       0x64 CMakeFiles/remote_cube_sentry.elf.dir/Middlewares/Third_Party/FreeRTOS/Source/portable/GCC/ARM_CM4F/port.c.obj
                0x08007890                PendSV_Handler
 .text.SysTick_Handler
                0x080078f4       0x2c CMakeFiles/remote_cube_sentry.elf.dir/Middlewares/Third_Party/FreeRTOS/Source/portable/GCC/ARM_CM4F/port.c.obj
                0x080078f4                SysTick_Handler
 .text.vPortSetupTimerInterrupt
                0x08007920       0x28 CMakeFiles/remote_cube_sentry.elf.dir/Middlewares/Third_Party/FreeRTOS/Source/portable/GCC/ARM_CM4F/port.c.obj
                0x08007920                vPortSetupTimerInterrupt
 .text.xPortStartScheduler
                0x08007948      0x118 CMakeFiles/remote_cube_sentry.elf.dir/Middlewares/Third_Party/FreeRTOS/Source/portable/GCC/ARM_CM4F/port.c.obj
                0x08007948                xPortStartScheduler
 .text.vPortValidateInterruptPriority
                0x08007a60       0x5c CMakeFiles/remote_cube_sentry.elf.dir/Middlewares/Third_Party/FreeRTOS/Source/portable/GCC/ARM_CM4F/port.c.obj
                0x08007a60                vPortValidateInterruptPriority
 .text.prvHeapInit
                0x08007abc       0x64 CMakeFiles/remote_cube_sentry.elf.dir/Middlewares/Third_Party/FreeRTOS/Source/portable/MemMang/heap_4.c.obj
 .text.prvInsertBlockIntoFreeList
                0x08007b20       0x64 CMakeFiles/remote_cube_sentry.elf.dir/Middlewares/Third_Party/FreeRTOS/Source/portable/MemMang/heap_4.c.obj
 .text.pvPortMalloc
                0x08007b84      0x104 CMakeFiles/remote_cube_sentry.elf.dir/Middlewares/Third_Party/FreeRTOS/Source/portable/MemMang/heap_4.c.obj
                0x08007b84                pvPortMalloc
 .text.vPortFree
                0x08007c88       0x7c CMakeFiles/remote_cube_sentry.elf.dir/Middlewares/Third_Party/FreeRTOS/Source/portable/MemMang/heap_4.c.obj
                0x08007c88                vPortFree
 .text.xQueueGenericReset
                0x08007d04       0x84 CMakeFiles/remote_cube_sentry.elf.dir/Middlewares/Third_Party/FreeRTOS/Source/queue.c.obj
                0x08007d04                xQueueGenericReset
 .text.prvInitialiseNewQueue
                0x08007d88       0x1c CMakeFiles/remote_cube_sentry.elf.dir/Middlewares/Third_Party/FreeRTOS/Source/queue.c.obj
 .text.xQueueGenericCreate
                0x08007da4       0x48 CMakeFiles/remote_cube_sentry.elf.dir/Middlewares/Third_Party/FreeRTOS/Source/queue.c.obj
                0x08007da4                xQueueGenericCreate
 .text.prvSearchForNameWithinSingleList
                0x08007dec       0x64 CMakeFiles/remote_cube_sentry.elf.dir/Middlewares/Third_Party/FreeRTOS/Source/tasks.c.obj
 .text.prvResetNextTaskUnblockTime
                0x08007e50       0x2c CMakeFiles/remote_cube_sentry.elf.dir/Middlewares/Third_Party/FreeRTOS/Source/tasks.c.obj
 .text.prvInitialiseNewTask
                0x08007e7c      0x100 CMakeFiles/remote_cube_sentry.elf.dir/Middlewares/Third_Party/FreeRTOS/Source/tasks.c.obj
 .text.prvInitialiseTaskLists
                0x08007f7c       0x68 CMakeFiles/remote_cube_sentry.elf.dir/Middlewares/Third_Party/FreeRTOS/Source/tasks.c.obj
 .text.prvAddNewTaskToReadyList
                0x08007fe4       0xa8 CMakeFiles/remote_cube_sentry.elf.dir/Middlewares/Third_Party/FreeRTOS/Source/tasks.c.obj
 .text.prvDeleteTCB
                0x0800808c       0x40 CMakeFiles/remote_cube_sentry.elf.dir/Middlewares/Third_Party/FreeRTOS/Source/tasks.c.obj
 .text.prvCheckTasksWaitingTermination
                0x080080cc       0x4c CMakeFiles/remote_cube_sentry.elf.dir/Middlewares/Third_Party/FreeRTOS/Source/tasks.c.obj
 .text.prvIdleTask
                0x08008118       0x28 CMakeFiles/remote_cube_sentry.elf.dir/Middlewares/Third_Party/FreeRTOS/Source/tasks.c.obj
 .text.prvAddCurrentTaskToDelayedList
                0x08008140       0xa0 CMakeFiles/remote_cube_sentry.elf.dir/Middlewares/Third_Party/FreeRTOS/Source/tasks.c.obj
 .text.xTaskCreateStatic
                0x080081e0       0x7a CMakeFiles/remote_cube_sentry.elf.dir/Middlewares/Third_Party/FreeRTOS/Source/tasks.c.obj
                0x080081e0                xTaskCreateStatic
 .text.xTaskCreate
                0x0800825a       0x66 CMakeFiles/remote_cube_sentry.elf.dir/Middlewares/Third_Party/FreeRTOS/Source/tasks.c.obj
                0x0800825a                xTaskCreate
 .text.vTaskStartScheduler
                0x080082c0       0x84 CMakeFiles/remote_cube_sentry.elf.dir/Middlewares/Third_Party/FreeRTOS/Source/tasks.c.obj
                0x080082c0                vTaskStartScheduler
 .text.vTaskSuspendAll
                0x08008344       0x10 CMakeFiles/remote_cube_sentry.elf.dir/Middlewares/Third_Party/FreeRTOS/Source/tasks.c.obj
                0x08008344                vTaskSuspendAll
 .text.xTaskGetTickCount
                0x08008354        0xc CMakeFiles/remote_cube_sentry.elf.dir/Middlewares/Third_Party/FreeRTOS/Source/tasks.c.obj
                0x08008354                xTaskGetTickCount
 .text.pcTaskGetName
                0x08008360       0x28 CMakeFiles/remote_cube_sentry.elf.dir/Middlewares/Third_Party/FreeRTOS/Source/tasks.c.obj
                0x08008360                pcTaskGetName
 .text.xTaskIncrementTick
                0x08008388      0x118 CMakeFiles/remote_cube_sentry.elf.dir/Middlewares/Third_Party/FreeRTOS/Source/tasks.c.obj
                0x08008388                xTaskIncrementTick
 .text.xTaskResumeAll
                0x080084a0       0xf8 CMakeFiles/remote_cube_sentry.elf.dir/Middlewares/Third_Party/FreeRTOS/Source/tasks.c.obj
                0x080084a0                xTaskResumeAll
 .text.vTaskDelay
                0x08008598       0x4c CMakeFiles/remote_cube_sentry.elf.dir/Middlewares/Third_Party/FreeRTOS/Source/tasks.c.obj
                0x08008598                vTaskDelay
 .text.xTaskGetHandle
                0x080085e4       0x98 CMakeFiles/remote_cube_sentry.elf.dir/Middlewares/Third_Party/FreeRTOS/Source/tasks.c.obj
                0x080085e4                xTaskGetHandle
 .text.vTaskSwitchContext
                0x0800867c       0xa4 CMakeFiles/remote_cube_sentry.elf.dir/Middlewares/Third_Party/FreeRTOS/Source/tasks.c.obj
                0x0800867c                vTaskSwitchContext
 .text.xTaskRemoveFromEventList
                0x08008720       0x8c CMakeFiles/remote_cube_sentry.elf.dir/Middlewares/Third_Party/FreeRTOS/Source/tasks.c.obj
                0x08008720                xTaskRemoveFromEventList
 .text.xTaskGetSchedulerState
                0x080087ac       0x20 CMakeFiles/remote_cube_sentry.elf.dir/Middlewares/Third_Party/FreeRTOS/Source/tasks.c.obj
                0x080087ac                xTaskGetSchedulerState
 .text.ulTaskNotifyTake
                0x080087cc       0x80 CMakeFiles/remote_cube_sentry.elf.dir/Middlewares/Third_Party/FreeRTOS/Source/tasks.c.obj
                0x080087cc                ulTaskNotifyTake
 .text.vTaskNotifyGiveFromISR
                0x0800884c       0xd4 CMakeFiles/remote_cube_sentry.elf.dir/Middlewares/Third_Party/FreeRTOS/Source/tasks.c.obj
                0x0800884c                vTaskNotifyGiveFromISR
 .text.HAL_PCD_SetupStageCallback
                0x08008920       0x10 CMakeFiles/remote_cube_sentry.elf.dir/USB_DEVICE/Target/usbd_conf.c.obj
                0x08008920                HAL_PCD_SetupStageCallback
 .text.HAL_PCD_DataOutStageCallback
                0x08008930       0x18 CMakeFiles/remote_cube_sentry.elf.dir/USB_DEVICE/Target/usbd_conf.c.obj
                0x08008930                HAL_PCD_DataOutStageCallback
 .text.HAL_PCD_DataInStageCallback
                0x08008948       0x16 CMakeFiles/remote_cube_sentry.elf.dir/USB_DEVICE/Target/usbd_conf.c.obj
                0x08008948                HAL_PCD_DataInStageCallback
 .text.HAL_PCD_SOFCallback
                0x0800895e        0xc CMakeFiles/remote_cube_sentry.elf.dir/USB_DEVICE/Target/usbd_conf.c.obj
                0x0800895e                HAL_PCD_SOFCallback
 .text.HAL_PCD_ResetCallback
                0x0800896a       0x2c CMakeFiles/remote_cube_sentry.elf.dir/USB_DEVICE/Target/usbd_conf.c.obj
                0x0800896a                HAL_PCD_ResetCallback
 *fill*         0x08008996        0x2 
 .text.HAL_PCD_SuspendCallback
                0x08008998       0x30 CMakeFiles/remote_cube_sentry.elf.dir/USB_DEVICE/Target/usbd_conf.c.obj
                0x08008998                HAL_PCD_SuspendCallback
 .text.HAL_PCD_ResumeCallback
                0x080089c8        0xc CMakeFiles/remote_cube_sentry.elf.dir/USB_DEVICE/Target/usbd_conf.c.obj
                0x080089c8                HAL_PCD_ResumeCallback
 .text.HAL_PCD_ISOOUTIncompleteCallback
                0x080089d4        0xc CMakeFiles/remote_cube_sentry.elf.dir/USB_DEVICE/Target/usbd_conf.c.obj
                0x080089d4                HAL_PCD_ISOOUTIncompleteCallback
 .text.HAL_PCD_ISOINIncompleteCallback
                0x080089e0        0xc CMakeFiles/remote_cube_sentry.elf.dir/USB_DEVICE/Target/usbd_conf.c.obj
                0x080089e0                HAL_PCD_ISOINIncompleteCallback
 .text.HAL_PCD_ConnectCallback
                0x080089ec        0xc CMakeFiles/remote_cube_sentry.elf.dir/USB_DEVICE/Target/usbd_conf.c.obj
                0x080089ec                HAL_PCD_ConnectCallback
 .text.HAL_PCD_DisconnectCallback
                0x080089f8        0xc CMakeFiles/remote_cube_sentry.elf.dir/USB_DEVICE/Target/usbd_conf.c.obj
                0x080089f8                HAL_PCD_DisconnectCallback
 .text.USBD_LL_IsStallEP
                0x08008a04       0x2e CMakeFiles/remote_cube_sentry.elf.dir/USB_DEVICE/Target/usbd_conf.c.obj
                0x08008a04                USBD_LL_IsStallEP
 .text.USBD_Get_USB_Status
                0x08008a32       0x14 CMakeFiles/remote_cube_sentry.elf.dir/USB_DEVICE/Target/usbd_conf.c.obj
                0x08008a32                USBD_Get_USB_Status
 .text.USBD_LL_OpenEP
                0x08008a46       0x16 CMakeFiles/remote_cube_sentry.elf.dir/USB_DEVICE/Target/usbd_conf.c.obj
                0x08008a46                USBD_LL_OpenEP
 .text.USBD_LL_StallEP
                0x08008a5c       0x10 CMakeFiles/remote_cube_sentry.elf.dir/USB_DEVICE/Target/usbd_conf.c.obj
                0x08008a5c                USBD_LL_StallEP
 .text.USBD_LL_ClearStallEP
                0x08008a6c       0x10 CMakeFiles/remote_cube_sentry.elf.dir/USB_DEVICE/Target/usbd_conf.c.obj
                0x08008a6c                USBD_LL_ClearStallEP
 .text.USBD_LL_SetUSBAddress
                0x08008a7c       0x10 CMakeFiles/remote_cube_sentry.elf.dir/USB_DEVICE/Target/usbd_conf.c.obj
                0x08008a7c                USBD_LL_SetUSBAddress
 .text.USBD_LL_Transmit
                0x08008a8c       0x10 CMakeFiles/remote_cube_sentry.elf.dir/USB_DEVICE/Target/usbd_conf.c.obj
                0x08008a8c                USBD_LL_Transmit
 .text.USBD_LL_PrepareReceive
                0x08008a9c       0x10 CMakeFiles/remote_cube_sentry.elf.dir/USB_DEVICE/Target/usbd_conf.c.obj
                0x08008a9c                USBD_LL_PrepareReceive
 .text.imu_cali_slove
                0x08008aac       0xbc CMakeFiles/remote_cube_sentry.elf.dir/application/Atti.c.obj
 .text.imu_temp_control
                0x08008b68       0xa0 CMakeFiles/remote_cube_sentry.elf.dir/application/Atti.c.obj
 .text.imu_cmd_spi_dma
                0x08008c08      0x180 CMakeFiles/remote_cube_sentry.elf.dir/application/Atti.c.obj
 .text.INS_task
                0x08008d88      0x268 CMakeFiles/remote_cube_sentry.elf.dir/application/Atti.c.obj
                0x08008d88                INS_task
 .text.gyro_offset_calc
                0x08008ff0       0x54 CMakeFiles/remote_cube_sentry.elf.dir/application/Atti.c.obj
                0x08008ff0                gyro_offset_calc
 .text.INS_cali_gyro
                0x08009044       0x48 CMakeFiles/remote_cube_sentry.elf.dir/application/Atti.c.obj
                0x08009044                INS_cali_gyro
 .text.INS_set_cali_gyro
                0x0800908c       0x28 CMakeFiles/remote_cube_sentry.elf.dir/application/Atti.c.obj
                0x0800908c                INS_set_cali_gyro
 .text.HAL_GPIO_EXTI_Callback
                0x080090b4       0x94 CMakeFiles/remote_cube_sentry.elf.dir/application/Atti.c.obj
                0x080090b4                HAL_GPIO_EXTI_Callback
 .text.DMA2_Stream2_IRQHandler
                0x08009148      0x6b0 CMakeFiles/remote_cube_sentry.elf.dir/application/Atti.c.obj
                0x08009148                DMA2_Stream2_IRQHandler
 .text.cali_gimbal_hook
                0x080097f8       0x1a CMakeFiles/remote_cube_sentry.elf.dir/application/Calibrate.c.obj
 *fill*         0x08009812        0x2 
 .text.cali_gyro_hook
                0x08009814       0x58 CMakeFiles/remote_cube_sentry.elf.dir/application/Calibrate.c.obj
 .text.cali_head_hook
                0x0800986c       0x44 CMakeFiles/remote_cube_sentry.elf.dir/application/Calibrate.c.obj
 .text.RC_cmd_to_calibrate
                0x080098b0      0x304 CMakeFiles/remote_cube_sentry.elf.dir/application/Calibrate.c.obj
 .text.cali_data_write
                0x08009bb4       0x70 CMakeFiles/remote_cube_sentry.elf.dir/application/Calibrate.c.obj
 .text.cali_data_read
                0x08009c24       0x90 CMakeFiles/remote_cube_sentry.elf.dir/application/Calibrate.c.obj
 .text.calibrate_task
                0x08009cb4       0xa0 CMakeFiles/remote_cube_sentry.elf.dir/application/Calibrate.c.obj
                0x08009cb4                calibrate_task
 .text.get_control_temperature
                0x08009d54        0xc CMakeFiles/remote_cube_sentry.elf.dir/application/Calibrate.c.obj
                0x08009d54                get_control_temperature
 .text.cali_param_init
                0x08009d60       0x78 CMakeFiles/remote_cube_sentry.elf.dir/application/Calibrate.c.obj
                0x08009d60                cali_param_init
 .text.chassis_init
                0x08009dd8       0x6c CMakeFiles/remote_cube_sentry.elf.dir/application/Chassis.c.obj
                0x08009dd8                chassis_init
 .text.chassis_speed_update
                0x08009e44      0x164 CMakeFiles/remote_cube_sentry.elf.dir/application/Chassis.c.obj
                0x08009e44                chassis_speed_update
 .text.chassis_wheel_cal
                0x08009fa8       0x84 CMakeFiles/remote_cube_sentry.elf.dir/application/Chassis.c.obj
                0x08009fa8                chassis_wheel_cal
 .text.chassis_wheel_loop_cal
                0x0800a02c       0xa8 CMakeFiles/remote_cube_sentry.elf.dir/application/Chassis.c.obj
                0x0800a02c                chassis_wheel_loop_cal
 .text.chassis_can_send_back_mapping
                0x0800a0d4       0x44 CMakeFiles/remote_cube_sentry.elf.dir/application/Chassis.c.obj
                0x0800a0d4                chassis_can_send_back_mapping
 .text.chassis_task
                0x0800a118       0x40 CMakeFiles/remote_cube_sentry.elf.dir/application/Chassis.c.obj
                0x0800a118                chassis_task
 .text.detect_init
                0x0800a158       0x30 CMakeFiles/remote_cube_sentry.elf.dir/application/Detection.c.obj
 .text.detect_handle
                0x0800a188       0x18 CMakeFiles/remote_cube_sentry.elf.dir/application/Detection.c.obj
                0x0800a188                detect_handle
 .text.offline_remind
                0x0800a1a0       0x84 CMakeFiles/remote_cube_sentry.elf.dir/application/Detection.c.obj
                0x0800a1a0                offline_remind
 .text.control_judge
                0x0800a224       0x48 CMakeFiles/remote_cube_sentry.elf.dir/application/Detection.c.obj
                0x0800a224                control_judge
 .text.detect_task
                0x0800a26c      0x118 CMakeFiles/remote_cube_sentry.elf.dir/application/Detection.c.obj
                0x0800a26c                detect_task
 .text.CAN_cmd_motor
                0x0800a384       0x94 CMakeFiles/remote_cube_sentry.elf.dir/application/can_receive.c.obj
                0x0800a384                CAN_cmd_motor
 .text.HAL_CAN_RxFifo0MsgPendingCallback
                0x0800a418      0x15c CMakeFiles/remote_cube_sentry.elf.dir/application/can_receive.c.obj
                0x0800a418                HAL_CAN_RxFifo0MsgPendingCallback
 .text.HAL_CAN_RxFifo1MsgPendingCallback
                0x0800a574        0x2 CMakeFiles/remote_cube_sentry.elf.dir/application/can_receive.c.obj
                0x0800a574                HAL_CAN_RxFifo1MsgPendingCallback
 .text.sbus_to_rc
                0x0800a576      0x130 CMakeFiles/remote_cube_sentry.elf.dir/application/remote.c.obj
 *fill*         0x0800a6a6        0x2 
 .text.remote_control_init
                0x0800a6a8       0x14 CMakeFiles/remote_cube_sentry.elf.dir/application/remote.c.obj
                0x0800a6a8                remote_control_init
 .text.USART3_IRQHandler
                0x0800a6bc       0xe4 CMakeFiles/remote_cube_sentry.elf.dir/application/remote.c.obj
                0x0800a6bc                USART3_IRQHandler
 .text.adcx_get_chx_value
                0x0800a7a0       0x3c CMakeFiles/remote_cube_sentry.elf.dir/bsp/bsp_adc.c.obj
 .text.get_temprate
                0x0800a7dc       0x48 CMakeFiles/remote_cube_sentry.elf.dir/bsp/bsp_adc.c.obj
                0x0800a7dc                get_temprate
 .text.buzzer_on
                0x0800a824       0x10 CMakeFiles/remote_cube_sentry.elf.dir/bsp/bsp_buzzer.c.obj
                0x0800a824                buzzer_on
 .text.buzzer_off
                0x0800a834       0x10 CMakeFiles/remote_cube_sentry.elf.dir/bsp/bsp_buzzer.c.obj
                0x0800a834                buzzer_off
 .text.can_filter_init
                0x0800a844       0x5c CMakeFiles/remote_cube_sentry.elf.dir/bsp/bsp_can.c.obj
                0x0800a844                can_filter_init
 .text.delay_init
                0x0800a8a0       0x34 CMakeFiles/remote_cube_sentry.elf.dir/bsp/bsp_delay.c.obj
                0x0800a8a0                delay_init
 .text.delay_us
                0x0800a8d4       0x40 CMakeFiles/remote_cube_sentry.elf.dir/bsp/bsp_delay.c.obj
                0x0800a8d4                delay_us
 .text.flash_read
                0x0800a914       0x10 CMakeFiles/remote_cube_sentry.elf.dir/bsp/bsp_flash.c.obj
                0x0800a914                flash_read
 .text.ger_sector
                0x0800a924       0xc2 CMakeFiles/remote_cube_sentry.elf.dir/bsp/bsp_flash.c.obj
                0x0800a924                ger_sector
 .text.flash_erase_address
                0x0800a9e6       0x2a CMakeFiles/remote_cube_sentry.elf.dir/bsp/bsp_flash.c.obj
                0x0800a9e6                flash_erase_address
 .text.get_next_flash_address
                0x0800aa10       0xf0 CMakeFiles/remote_cube_sentry.elf.dir/bsp/bsp_flash.c.obj
                0x0800aa10                get_next_flash_address
 .text.flash_write_single_address
                0x0800ab00       0x80 CMakeFiles/remote_cube_sentry.elf.dir/bsp/bsp_flash.c.obj
                0x0800ab00                flash_write_single_address
 .text.imu_pwm_set
                0x0800ab80        0xc CMakeFiles/remote_cube_sentry.elf.dir/bsp/bsp_imu_pwm.c.obj
                0x0800ab80                imu_pwm_set
 .text.aRGB_led_show
                0x0800ab8c       0x50 CMakeFiles/remote_cube_sentry.elf.dir/bsp/bsp_led.c.obj
                0x0800ab8c                aRGB_led_show
 .text.RC_Init  0x0800abdc       0x68 CMakeFiles/remote_cube_sentry.elf.dir/bsp/bsp_rc.c.obj
                0x0800abdc                RC_Init
 .text.RC_unable
                0x0800ac44       0x14 CMakeFiles/remote_cube_sentry.elf.dir/bsp/bsp_rc.c.obj
                0x0800ac44                RC_unable
 .text.RC_restart
                0x0800ac58       0x40 CMakeFiles/remote_cube_sentry.elf.dir/bsp/bsp_rc.c.obj
                0x0800ac58                RC_restart
 .text.SPI1_DMA_init
                0x0800ac98      0x114 CMakeFiles/remote_cube_sentry.elf.dir/bsp/bsp_spi.c.obj
                0x0800ac98                SPI1_DMA_init
 .text.SPI1_DMA_enable
                0x0800adac     0x1d78 CMakeFiles/remote_cube_sentry.elf.dir/bsp/bsp_spi.c.obj
                0x0800adac                SPI1_DMA_enable
 .text.AHRS_init
                0x0800cb24       0x10 CMakeFiles/remote_cube_sentry.elf.dir/component/algorithm/AHRS.c.obj
                0x0800cb24                AHRS_init
 .text.MahonyAHRSupdateIMU
                0x0800cb34      0x278 CMakeFiles/remote_cube_sentry.elf.dir/component/algorithm/AHRS.c.obj
                0x0800cb34                MahonyAHRSupdateIMU
 .text.MahonyAHRSupdate
                0x0800cdac      0x3f4 CMakeFiles/remote_cube_sentry.elf.dir/component/algorithm/AHRS.c.obj
                0x0800cdac                MahonyAHRSupdate
 .text.AHRS_update
                0x0800d1a0       0x2c CMakeFiles/remote_cube_sentry.elf.dir/component/algorithm/AHRS.c.obj
                0x0800d1a0                AHRS_update
 .text.get_angle
                0x0800d1cc       0xbc CMakeFiles/remote_cube_sentry.elf.dir/component/algorithm/AHRS.c.obj
                0x0800d1cc                get_angle
 .text.AHRS_invSqrt
                0x0800d288       0x10 CMakeFiles/remote_cube_sentry.elf.dir/component/algorithm/AHRS_MiddleWare.c.obj
                0x0800d288                AHRS_invSqrt
 .text.abs_limit
                0x0800d298       0x2a CMakeFiles/remote_cube_sentry.elf.dir/component/controller/PID.c.obj
 .text.pid_init
                0x0800d2c2       0x12 CMakeFiles/remote_cube_sentry.elf.dir/component/controller/PID.c.obj
                0x0800d2c2                pid_init
 .text.pid_calc
                0x0800d2d4       0x88 CMakeFiles/remote_cube_sentry.elf.dir/component/controller/PID.c.obj
                0x0800d2d4                pid_calc
 .text.BMI088_GPIO_init
                0x0800d35c        0x2 CMakeFiles/remote_cube_sentry.elf.dir/component/devices/BMI088Middleware.c.obj
                0x0800d35c                BMI088_GPIO_init
 .text.BMI088_com_init
                0x0800d35e        0x2 CMakeFiles/remote_cube_sentry.elf.dir/component/devices/BMI088Middleware.c.obj
                0x0800d35e                BMI088_com_init
 .text.BMI088_delay_ms
                0x0800d360        0x8 CMakeFiles/remote_cube_sentry.elf.dir/component/devices/BMI088Middleware.c.obj
                0x0800d360                BMI088_delay_ms
 .text.BMI088_delay_us
                0x0800d368        0x8 CMakeFiles/remote_cube_sentry.elf.dir/component/devices/BMI088Middleware.c.obj
                0x0800d368                BMI088_delay_us
 .text.BMI088_ACCEL_NS_L
                0x0800d370       0x14 CMakeFiles/remote_cube_sentry.elf.dir/component/devices/BMI088Middleware.c.obj
                0x0800d370                BMI088_ACCEL_NS_L
 .text.BMI088_ACCEL_NS_H
                0x0800d384       0x14 CMakeFiles/remote_cube_sentry.elf.dir/component/devices/BMI088Middleware.c.obj
                0x0800d384                BMI088_ACCEL_NS_H
 .text.BMI088_GYRO_NS_L
                0x0800d398       0x14 CMakeFiles/remote_cube_sentry.elf.dir/component/devices/BMI088Middleware.c.obj
                0x0800d398                BMI088_GYRO_NS_L
 .text.BMI088_GYRO_NS_H
                0x0800d3ac       0x14 CMakeFiles/remote_cube_sentry.elf.dir/component/devices/BMI088Middleware.c.obj
                0x0800d3ac                BMI088_GYRO_NS_H
 .text.BMI088_read_write_byte
                0x0800d3c0       0x2c CMakeFiles/remote_cube_sentry.elf.dir/component/devices/BMI088Middleware.c.obj
                0x0800d3c0                BMI088_read_write_byte
 .text.BMI088_write_single_reg