Archive member included to satisfy reference by file (symbol)

c:/progra~2/armgnu~1/12977f~1.2mp/bin/../lib/gcc/arm-none-eabi/12.2.1/thumb/v7e-m+fp/hard\libgcc.a(_arm_addsubdf3.o)
                              CMakeFiles/remote_cube_sentry.elf.dir/component/algorithm/AHRS.c.obj (__aeabi_f2d)
c:/progra~2/armgnu~1/12977f~1.2mp/bin/../lib/gcc/arm-none-eabi/12.2.1/thumb/v7e-m+fp/hard\libgcc.a(_arm_truncdfsf2.o)
                              CMakeFiles/remote_cube_sentry.elf.dir/component/algorithm/AHRS.c.obj (__aeabi_d2f)
c:/progra~2/armgnu~1/12977f~1.2mp/bin/../lib/gcc/arm-none-eabi/12.2.1/thumb/v7e-m+fp/hard\libgcc.a(_aeabi_uldivmod.o)
                              CMakeFiles/remote_cube_sentry.elf.dir/Drivers/STM32F4xx_HAL_Driver/Src/stm32f4xx_hal_rcc.c.obj (__aeabi_uldivmod)
c:/progra~2/armgnu~1/12977f~1.2mp/bin/../lib/gcc/arm-none-eabi/12.2.1/thumb/v7e-m+fp/hard\libgcc.a(_udivmoddi4.o)
                              c:/progra~2/armgnu~1/12977f~1.2mp/bin/../lib/gcc/arm-none-eabi/12.2.1/thumb/v7e-m+fp/hard\libgcc.a(_aeabi_uldivmod.o) (__udivmoddi4)
c:/progra~2/armgnu~1/12977f~1.2mp/bin/../lib/gcc/arm-none-eabi/12.2.1/thumb/v7e-m+fp/hard\libgcc.a(_dvmd_tls.o)
                              c:/progra~2/armgnu~1/12977f~1.2mp/bin/../lib/gcc/arm-none-eabi/12.2.1/thumb/v7e-m+fp/hard\libgcc.a(_aeabi_uldivmod.o) (__aeabi_ldiv0)
c:/progra~2/armgnu~1/12977f~1.2mp/bin/../lib/gcc/arm-none-eabi/12.2.1/thumb/v7e-m+fp/hard\libg.a(libc_a-exit.o)
                              c:/progra~2/armgnu~1/12977f~1.2mp/bin/../lib/gcc/arm-none-eabi/12.2.1/thumb/v7e-m+fp/hard/crt0.o (exit)
c:/progra~2/armgnu~1/12977f~1.2mp/bin/../lib/gcc/arm-none-eabi/12.2.1/thumb/v7e-m+fp/hard\libg.a(libc_a-malloc.o)
                              CMakeFiles/remote_cube_sentry.elf.dir/bsp/bsp_usart.c.obj (malloc)
c:/progra~2/armgnu~1/12977f~1.2mp/bin/../lib/gcc/arm-none-eabi/12.2.1/thumb/v7e-m+fp/hard\libg.a(libc_a-mallocr.o)
                              c:/progra~2/armgnu~1/12977f~1.2mp/bin/../lib/gcc/arm-none-eabi/12.2.1/thumb/v7e-m+fp/hard\libg.a(libc_a-malloc.o) (_malloc_r)
c:/progra~2/armgnu~1/12977f~1.2mp/bin/../lib/gcc/arm-none-eabi/12.2.1/thumb/v7e-m+fp/hard\libg.a(libc_a-mlock.o)
                              c:/progra~2/armgnu~1/12977f~1.2mp/bin/../lib/gcc/arm-none-eabi/12.2.1/thumb/v7e-m+fp/hard\libg.a(libc_a-mallocr.o) (__malloc_lock)
c:/progra~2/armgnu~1/12977f~1.2mp/bin/../lib/gcc/arm-none-eabi/12.2.1/thumb/v7e-m+fp/hard\libg.a(libc_a-findfp.o)
                              CMakeFiles/remote_cube_sentry.elf.dir/Middlewares/Third_Party/FreeRTOS/Source/tasks.c.obj (__sf)
c:/progra~2/armgnu~1/12977f~1.2mp/bin/../lib/gcc/arm-none-eabi/12.2.1/thumb/v7e-m+fp/hard\libg.a(libc_a-fwalk.o)
                              c:/progra~2/armgnu~1/12977f~1.2mp/bin/../lib/gcc/arm-none-eabi/12.2.1/thumb/v7e-m+fp/hard\libg.a(libc_a-findfp.o) (_fwalk_sglue)
c:/progra~2/armgnu~1/12977f~1.2mp/bin/../lib/gcc/arm-none-eabi/12.2.1/thumb/v7e-m+fp/hard\libg.a(libc_a-printf.o)
                              CMakeFiles/remote_cube_sentry.elf.dir/application/Lora.c.obj (printf)
c:/progra~2/armgnu~1/12977f~1.2mp/bin/../lib/gcc/arm-none-eabi/12.2.1/thumb/v7e-m+fp/hard\libg.a(libc_a-puts.o)
                              CMakeFiles/remote_cube_sentry.elf.dir/application/Lora.c.obj (puts)
c:/progra~2/armgnu~1/12977f~1.2mp/bin/../lib/gcc/arm-none-eabi/12.2.1/thumb/v7e-m+fp/hard\libg.a(libc_a-stdio.o)
                              c:/progra~2/armgnu~1/12977f~1.2mp/bin/../lib/gcc/arm-none-eabi/12.2.1/thumb/v7e-m+fp/hard\libg.a(libc_a-findfp.o) (__sread)
c:/progra~2/armgnu~1/12977f~1.2mp/bin/../lib/gcc/arm-none-eabi/12.2.1/thumb/v7e-m+fp/hard\libg.a(libc_a-memset.o)
                              c:/progra~2/armgnu~1/12977f~1.2mp/bin/../lib/gcc/arm-none-eabi/12.2.1/thumb/v7e-m+fp/hard/crt0.o (memset)
c:/progra~2/armgnu~1/12977f~1.2mp/bin/../lib/gcc/arm-none-eabi/12.2.1/thumb/v7e-m+fp/hard\libg.a(libc_a-strstr.o)
                              CMakeFiles/remote_cube_sentry.elf.dir/application/Lora.c.obj (strstr)
c:/progra~2/armgnu~1/12977f~1.2mp/bin/../lib/gcc/arm-none-eabi/12.2.1/thumb/v7e-m+fp/hard\libg.a(libc_a-closer.o)
                              c:/progra~2/armgnu~1/12977f~1.2mp/bin/../lib/gcc/arm-none-eabi/12.2.1/thumb/v7e-m+fp/hard\libg.a(libc_a-stdio.o) (_close_r)
c:/progra~2/armgnu~1/12977f~1.2mp/bin/../lib/gcc/arm-none-eabi/12.2.1/thumb/v7e-m+fp/hard\libg.a(libc_a-reent.o)
                              CMakeFiles/remote_cube_sentry.elf.dir/Middlewares/Third_Party/FreeRTOS/Source/tasks.c.obj (_reclaim_reent)
c:/progra~2/armgnu~1/12977f~1.2mp/bin/../lib/gcc/arm-none-eabi/12.2.1/thumb/v7e-m+fp/hard\libg.a(libc_a-impure.o)
                              CMakeFiles/remote_cube_sentry.elf.dir/Middlewares/Third_Party/FreeRTOS/Source/tasks.c.obj (_impure_ptr)
c:/progra~2/armgnu~1/12977f~1.2mp/bin/../lib/gcc/arm-none-eabi/12.2.1/thumb/v7e-m+fp/hard\libg.a(libc_a-lseekr.o)
[...]
Memory Configuration

Name             Origin             Length             Attributes
CCMRAM           0x10000000         0x00010000         xrw
RAM              0x20000000         0x00020000         xrw
FLASH            0x08000000         0x00100000         xr
*default*        0x00000000         0xffffffff

Linker script and memory map

LOAD c:/progra~2/armgnu~1/12977f~1.2mp/bin/../lib/gcc/arm-none-eabi/12.2.1/thumb/v7e-m+fp/hard/crti.o
LOAD c:/progra~2/armgnu~1/12977f~1.2mp/bin/../lib/gcc/arm-none-eabi/12.2.1/thumb/v7e-m+fp/hard/crtbegin.o
LOAD c:/progra~2/armgnu~1/12977f~1.2mp/bin/../lib/gcc/arm-none-eabi/12.2.1/thumb/v7e-m+fp/hard/crt0.o
LOAD CMakeFiles/remote_cube_sentry.elf.dir/Core/Src/adc.c.obj
LOAD CMakeFiles/remote_cube_sentry.elf.dir/Core/Src/can.c.obj
LOAD CMakeFiles/remote_cube_sentry.elf.dir/Core/Src/crc.c.obj
LOAD CMakeFiles/remote_cube_sentry.elf.dir/Core/Src/dma.c.obj
LOAD CMakeFiles/remote_cube_sentry.elf.dir/Core/Src/freertos.c.obj
LOAD CMakeFiles/remote_cube_sentry.elf.dir/Core/Src/gpio.c.obj
LOAD CMakeFiles/remote_cube_sentry.elf.dir/Core/Src/main.c.obj
LOAD CMakeFiles/remote_cube_sentry.elf.dir/Core/Src/rng.c.obj
LOAD CMakeFiles/remote_cube_sentry.elf.dir/Core/Src/spi.c.obj
LOAD CMakeFiles/remote_cube_sentry.elf.dir/Core/Src/stm32f4xx_hal_msp.c.obj
LOAD CMakeFiles/remote_cube_sentry.elf.dir/Core/Src/stm32f4xx_hal_timebase_tim.c.obj
LOAD CMakeFiles/remote_cube_sentry.elf.dir/Core/Src/stm32f4xx_it.c.obj
LOAD CMakeFiles/remote_cube_sentry.elf.dir/Core/Src/syscalls.c.obj
LOAD CMakeFiles/remote_cube_sentry.elf.dir/Core/Src/sysmem.c.obj
LOAD CMakeFiles/remote_cube_sentry.elf.dir/Core/Src/system_stm32f4xx.c.obj
LOAD CMakeFiles/remote_cube_sentry.elf.dir/Core/Src/tim.c.obj
LOAD CMakeFiles/remote_cube_sentry.elf.dir/Core/Src/usart.c.obj
LOAD CMakeFiles/remote_cube_sentry.elf.dir/Core/Startup/startup_stm32f407ighx.s.obj
LOAD CMakeFiles/remote_cube_sentry.elf.dir/Drivers/STM32F4xx_HAL_Driver/Src/stm32f4xx_hal.c.obj
LOAD CMakeFiles/remote_cube_sentry.elf.dir/Drivers/STM32F4xx_HAL_Driver/Src/stm32f4xx_hal_adc.c.obj
LOAD CMakeFiles/remote_cube_sentry.elf.dir/Drivers/STM32F4xx_HAL_Driver/Src/stm32f4xx_hal_adc_ex.c.obj
LOAD CMakeFiles/remote_cube_sentry.elf.dir/Drivers/STM32F4xx_HAL_Driver/Src/stm32f4xx_hal_can.c.obj
LOAD CMakeFiles/remote_cube_sentry.elf.dir/Drivers/STM32F4xx_HAL_Driver/Src/stm32f4xx_hal_cortex.c.obj
LOAD CMakeFiles/remote_cube_sentry.elf.dir/Drivers/STM32F4xx_HAL_Driver/Src/stm32f4xx_hal_crc.c.obj
LOAD CMakeFiles/remote_cube_sentry.elf.dir/Drivers/STM32F4xx_HAL_Driver/Src/stm32f4xx_hal_dma.c.obj
LOAD CMakeFiles/remote_cube_sentry.elf.dir/Drivers/STM32F4xx_HAL_Driver/Src/stm32f4xx_hal_dma_ex.c.obj
LOAD CMakeFiles/remote_cube_sentry.elf.dir/Drivers/STM32F4xx_HAL_Driver/Src/stm32f4xx_hal_exti.c.obj
LOAD CMakeFiles/remote_cube_sentry.elf.dir/Drivers/STM32F4xx_HAL_Driver/Src/stm32f4xx_hal_flash.c.obj
LOAD CMakeFiles/remote_cube_sentry.elf.dir/Drivers/STM32F4xx_HAL_Driver/Src/stm32f4xx_hal_flash_ex.c.obj
LOAD CMakeFiles/remote_cube_sentry.elf.dir/Drivers/STM32F4xx_HAL_Driver/Src/stm32f4xx_hal_flash_ramfunc.c.obj
LOAD CMakeFiles/remote_cube_sentry.elf.dir/Drivers/STM32F4xx_HAL_Driver/Src/stm32f4xx_hal_gpio.c.obj
LOAD CMakeFiles/remote_cube_sentry.elf.dir/Drivers/STM32F4xx_HAL_Driver/Src/stm32f4xx_hal_pcd.c.obj
LOAD CMakeFiles/remote_cube_sentry.elf.dir/Drivers/STM32F4xx_HAL_Driver/Src/stm32f4xx_hal_pcd_ex.c.obj
LOAD CMakeFiles/remote_cube_sentry.elf.dir/Drivers/STM32F4xx_HAL_Driver/Src/stm32f4xx_hal_pwr.c.obj
LOAD CMakeFiles/remote_cube_sentry.elf.dir/Drivers/STM32F4xx_HAL_Driver/Src/stm32f4xx_hal_pwr_ex.c.obj
LOAD CMakeFiles/remote_cube_sentry.elf.dir/Drivers/STM32F4xx_HAL_Driver/Src/stm32f4xx_hal_rcc.c.obj
LOAD CMakeFiles/remote_cube_sentry.elf.dir/Drivers/STM32F4xx_HAL_Driver/Src/stm32f4xx_hal_rcc_ex.c.obj
LOAD CMakeFiles/remote_cube_sentry.elf.dir/Drivers/STM32F4xx_HAL_Driver/Src/stm32f4xx_hal_rng.c.obj
LOAD CMakeFiles/remote_cube_sentry.elf.dir/Drivers/STM32F4xx_HAL_Driver/Src/stm32f4xx_hal_spi.c.obj
LOAD CMakeFiles/remote_cube_sentry.elf.dir/Drivers/STM32F4xx_HAL_Driver/Src/stm32f4xx_hal_tim.c.obj
LOAD CMakeFiles/remote_cube_sentry.elf.dir/Drivers/STM32F4xx_HAL_Driver/Src/stm32f4xx_hal_tim_ex.c.obj
LOAD CMakeFiles/remote_cube_sentry.elf.dir/Drivers/STM32F4xx_HAL_Driver/Src/stm32f4xx_hal_uart.c.obj
LOAD CMakeFiles/remote_cube_sentry.elf.dir/Drivers/STM32F4xx_HAL_Driver/Src/stm32f4xx_ll_adc.c.obj
LOAD CMakeFiles/remote_cube_sentry.elf.dir/Drivers/STM32F4xx_HAL_Driver/Src/stm32f4xx_ll_usb.c.obj
LOAD CMakeFiles/remote_cube_sentry.elf.dir/Middlewares/ST/STM32_USB_Device_Library/Class/CDC/Src/usbd_cdc.c.obj
LOAD CMakeFiles/remote_cube_sentry.elf.dir/Middlewares/ST/STM32_USB_Device_Library/Core/Src/usbd_core.c.obj
LOAD CMakeFiles/remote_cube_sentry.elf.dir/Middlewares/ST/STM32_USB_Device_Library/Core/Src/usbd_ctlreq.c.obj
LOAD CMakeFiles/remote_cube_sentry.elf.dir/Middlewares/ST/STM32_USB_Device_Library/Core/Src/usbd_ioreq.c.obj
LOAD CMakeFiles/remote_cube_sentry.elf.dir/Middlewares/Third_Party/FreeRTOS/Source/CMSIS_RTOS/cmsis_os.c.obj
LOAD CMakeFiles/remote_cube_sentry.elf.dir/Middlewares/Third_Party/FreeRTOS/Source/croutine.c.obj
LOAD CMakeFiles/remote_cube_sentry.elf.dir/Middlewares/Third_Party/FreeRTOS/Source/event_groups.c.obj
LOAD CMakeFiles/remote_cube_sentry.elf.dir/Middlewares/Third_Party/FreeRTOS/Source/list.c.obj
LOAD CMakeFiles/remote_cube_sentry.elf.dir/Middlewares/Third_Party/FreeRTOS/Source/portable/GCC/ARM_CM4F/port.c.obj
LOAD CMakeFiles/remote_cube_sentry.elf.dir/Middlewares/Third_Party/FreeRTOS/Source/portable/MemMang/heap_4.c.obj
LOAD CMakeFiles/remote_cube_sentry.elf.dir/Middlewares/Third_Party/FreeRTOS/Source/queue.c.obj
LOAD CMakeFiles/remote_cube_sentry.elf.dir/Middlewares/Third_Party/FreeRTOS/Source/stream_buffer.c.obj
LOAD CMakeFiles/remote_cube_sentry.elf.dir/Middlewares/Third_Party/FreeRTOS/Source/tasks.c.obj
LOAD CMakeFiles/remote_cube_sentry.elf.dir/Middlewares/Third_Party/FreeRTOS/Source/timers.c.obj
LOAD CMakeFiles/remote_cube_sentry.elf.dir/USB_DEVICE/App/usb_device.c.obj
LOAD CMakeFiles/remote_cube_sentry.elf.dir/USB_DEVICE/App/usbd_cdc_if.c.obj
LOAD CMakeFiles/remote_cube_sentry.elf.dir/USB_DEVICE/App/usbd_desc.c.obj
LOAD CMakeFiles/remote_cube_sentry.elf.dir/USB_DEVICE/Target/usbd_conf.c.obj
LOAD CMakeFiles/remote_cube_sentry.elf.dir/application/Atti.c.obj
LOAD CMakeFiles/remote_cube_sentry.elf.dir/application/Auto.c.obj
LOAD CMakeFiles/remote_cube_sentry.elf.dir/application/Calibrate.c.obj
LOAD CMakeFiles/remote_cube_sentry.elf.dir/application/Cap.c.obj
LOAD CMakeFiles/remote_cube_sentry.elf.dir/application/Chassis.c.obj
LOAD CMakeFiles/remote_cube_sentry.elf.dir/application/Detection.c.obj
LOAD CMakeFiles/remote_cube_sentry.elf.dir/application/Gimbal.c.obj
LOAD CMakeFiles/remote_cube_sentry.elf.dir/application/Lora.c.obj
LOAD CMakeFiles/remote_cube_sentry.elf.dir/application/Referee.c.obj
LOAD CMakeFiles/remote_cube_sentry.elf.dir/application/launcher.c.obj
LOAD CMakeFiles/remote_cube_sentry.elf.dir/application/left_gimbal.c.obj
LOAD CMakeFiles/remote_cube_sentry.elf.dir/application/remote.c.obj
LOAD CMakeFiles/remote_cube_sentry.elf.dir/application/right_gimbal.c.obj
LOAD CMakeFiles/remote_cube_sentry.elf.dir/application/steering_wheel.c.obj
LOAD CMakeFiles/remote_cube_sentry.elf.dir/application/travelling_wheel.c.obj
LOAD CMakeFiles/remote_cube_sentry.elf.dir/application/usb_task.c.obj
LOAD CMakeFiles/remote_cube_sentry.elf.dir/bsp/bsp_adc.c.obj
LOAD CMakeFiles/remote_cube_sentry.elf.dir/bsp/bsp_buzzer.c.obj
LOAD CMakeFiles/remote_cube_sentry.elf.dir/bsp/bsp_can.c.obj
LOAD CMakeFiles/remote_cube_sentry.elf.dir/bsp/bsp_crc32.c.obj
LOAD CMakeFiles/remote_cube_sentry.elf.dir/bsp/bsp_delay.c.obj
LOAD CMakeFiles/remote_cube_sentry.elf.dir/bsp/bsp_dwt.c.obj
LOAD CMakeFiles/remote_cube_sentry.elf.dir/bsp/bsp_flash.c.obj
LOAD CMakeFiles/remote_cube_sentry.elf.dir/bsp/bsp_i2c.c.obj
LOAD CMakeFiles/remote_cube_sentry.elf.dir/bsp/bsp_imu_pwm.c.obj
LOAD CMakeFiles/remote_cube_sentry.elf.dir/bsp/bsp_laser.c.obj
LOAD CMakeFiles/remote_cube_sentry.elf.dir/bsp/bsp_led.c.obj
LOAD CMakeFiles/remote_cube_sentry.elf.dir/bsp/bsp_rc.c.obj
LOAD CMakeFiles/remote_cube_sentry.elf.dir/bsp/bsp_servo_pwm.c.obj
LOAD CMakeFiles/remote_cube_sentry.elf.dir/bsp/bsp_spi.c.obj
LOAD CMakeFiles/remote_cube_sentry.elf.dir/bsp/bsp_usart.c.obj
LOAD CMakeFiles/remote_cube_sentry.elf.dir/component/algorithm/AHRS.c.obj
LOAD CMakeFiles/remote_cube_sentry.elf.dir/component/algorithm/AHRS_MiddleWare.c.obj
LOAD CMakeFiles/remote_cube_sentry.elf.dir/component/algorithm/filter.c.obj
LOAD CMakeFiles/remote_cube_sentry.elf.dir/component/algorithm/ramp.c.obj
LOAD CMakeFiles/remote_cube_sentry.elf.dir/component/algorithm/user_lib.c.obj
LOAD CMakeFiles/remote_cube_sentry.elf.dir/component/comunication/can_common.c.obj
LOAD CMakeFiles/remote_cube_sentry.elf.dir/component/comunication/decode.c.obj
LOAD CMakeFiles/remote_cube_sentry.elf.dir/component/comunication/packet.c.obj
LOAD CMakeFiles/remote_cube_sentry.elf.dir/component/controller/PID.c.obj
LOAD CMakeFiles/remote_cube_sentry.elf.dir/component/devices/BMI088Middleware.c.obj
LOAD CMakeFiles/remote_cube_sentry.elf.dir/component/devices/BMI088driver.c.obj
LOAD CMakeFiles/remote_cube_sentry.elf.dir/component/devices/test.c.obj
LOAD CMakeFiles/remote_cube_sentry.elf.dir/component/support/CRC8_CRC16.c.obj
LOAD CMakeFiles/remote_cube_sentry.elf.dir/component/support/fifo.c.obj
LOAD CMakeFiles/remote_cube_sentry.elf.dir/component/support/mem_mang4.c.obj
LOAD CMakeFiles/remote_cube_sentry.elf.dir/connectivity/can_hardwares.c.obj
LOAD CMakeFiles/remote_cube_sentry.elf.dir/connectivity/spi_hardwares.c.obj
LOAD CMakeFiles/remote_cube_sentry.elf.dir/connectivity/usart_hardwares.c.obj
START GROUP
LOAD c:/progra~2/armgnu~1/12977f~1.2mp/bin/../lib/gcc/arm-none-eabi/12.2.1/thumb/v7e-m+fp/hard\libgcc.a
LOAD c:/progra~2/armgnu~1/12977f~1.2mp/bin/../lib/gcc/arm-none-eabi/12.2.1/thumb/v7e-m+fp/hard\libg.a
LOAD c:/progra~2/armgnu~1/12977f~1.2mp/bin/../lib/gcc/arm-none-eabi/12.2.1/thumb/v7e-m+fp/hard\libc.a
END GROUP
LOAD c:/progra~2/armgnu~1/12977f~1.2mp/bin/../lib/gcc/arm-none-eabi/12.2.1/thumb/v7e-m+fp/hard/crtend.o
LOAD c:/progra~2/armgnu~1/12977f~1.2mp/bin/../lib/gcc/arm-none-eabi/12.2.1/thumb/v7e-m+fp/hard/crtn.o
                0x20020000                        _estack = (ORIGIN (RAM) + LENGTH (RAM))
                0x00002000                        _Min_Heap_Size = 0x2000
                0x00002000                        _Min_Stack_Size = 0x2000

.isr_vector     0x08000000      0x188
                0x08000000                        . = ALIGN (0x4)
 *(.isr_vector)
 .isr_vector    0x08000000      0x188 CMakeFiles/remote_cube_sentry.elf.dir/Core/Startup/startup_stm32f407ighx.s.obj
                0x08000000                g_pfnVectors
                0x08000188                        . = ALIGN (0x4)

.text           0x080001c0    0x14e38
                0x080001c0                        . = ALIGN (0x4)
 *(.text)
 .text          0x080001c0      0x378 c:/progra~2/armgnu~1/12977f~1.2mp/bin/../lib/gcc/arm-none-eabi/12.2.1/thumb/v7e-m+fp/hard\libgcc.a(_arm_addsubdf3.o)
                0x080001c0                __aeabi_drsub
                0x080001c8                __aeabi_dsub
                0x080001c8                __subdf3
                0x080001cc                __aeabi_dadd
                0x080001cc                __adddf3
                0x08000444                __floatunsidf
                0x08000444                __aeabi_ui2d
                0x08000464                __floatsidf
                0x08000464                __aeabi_i2d
                0x08000488                __aeabi_f2d
                0x08000488                __extendsfdf2
                0x080004cc                __floatundidf
                0x080004cc                __aeabi_ul2d
                0x080004dc                __floatdidf
                0x080004dc                __aeabi_l2d
 .text          0x08000538       0xa0 c:/progra~2/armgnu~1/12977f~1.2mp/bin/../lib/gcc/arm-none-eabi/12.2.1/thumb/v7e-m+fp/hard\libgcc.a(_arm_truncdfsf2.o)
                0x08000538                __truncdfsf2
                0x08000538                __aeabi_d2f
 .text          0x080005d8       0x30 c:/progra~2/armgnu~1/12977f~1.2mp/bin/../lib/gcc/arm-none-eabi/12.2.1/thumb/v7e-m+fp/hard\libgcc.a(_aeabi_uldivmod.o)
                0x080005d8                __aeabi_uldivmod
 .text          0x08000608        0x4 c:/progra~2/armgnu~1/12977f~1.2mp/bin/../lib/gcc/arm-none-eabi/12.2.1/thumb/v7e-m+fp/hard\libgcc.a(_dvmd_tls.o)
                0x08000608                __aeabi_idiv0
                0x08000608                __aeabi_ldiv0
 .text          0x0800060c      0x134 c:/progra~2/armgnu~1/12977f~1.2mp/bin/../lib/gcc/arm-none-eabi/12.2.1/thumb/v7e-m+fp/hard\libg.a(libc_a-memcpy.o)
                0x0800060c                memcpy
 .text          0x08000740       0xd8 c:/progra~2/armgnu~1/12977f~1.2mp/bin/../lib/gcc/arm-none-eabi/12.2.1/thumb/v7e-m+fp/hard\libg.a(libc_a-strlen.o)
                0x08000740                strlen
 *fill*         0x08000818        0x8 
 .text          0x08000820       0xa0 c:/progra~2/armgnu~1/12977f~1.2mp/bin/../lib/gcc/arm-none-eabi/12.2.1/thumb/v7e-m+fp/hard\libg.a(libc_a-memchr.o)
                0x08000820                memchr
 .text          0x080008c0      0x424 c:/progra~2/armgnu~1/12977f~1.2mp/bin/../lib/gcc/arm-none-eabi/12.2.1/thumb/v7e-m+fp/hard\libgcc.a(_arm_muldivdf3.o)
                0x080008c0                __aeabi_dmul
                0x080008c0                __muldf3
                0x08000b14                __divdf3
                0x08000b14                __aeabi_ddiv
 .text          0x08000ce4      0x110 c:/progra~2/armgnu~1/12977f~1.2mp/bin/../lib/gcc/arm-none-eabi/12.2.1/thumb/v7e-m+fp/hard\libgcc.a(_arm_cmpdf2.o)
                0x08000ce4                __gtdf2
                0x08000ce4                __gedf2
                0x08000cec                __ltdf2
                0x08000cec                __ledf2
                0x08000cf4                __nedf2
                0x08000cf4                __eqdf2
                0x08000cf4                __cmpdf2
                0x08000d70                __aeabi_cdrcmple
                0x08000d80                __aeabi_cdcmpeq
                0x08000d80                __aeabi_cdcmple
                0x08000d90                __aeabi_dcmpeq
                0x08000da4                __aeabi_dcmplt
                0x08000db8                __aeabi_dcmple
                0x08000dcc                __aeabi_dcmpge
                0x08000de0                __aeabi_dcmpgt
 .text          0x08000df4       0x2c c:/progra~2/armgnu~1/12977f~1.2mp/bin/../lib/gcc/arm-none-eabi/12.2.1/thumb/v7e-m+fp/hard\libgcc.a(_arm_unorddf2.o)
                0x08000df4                __unorddf2
                0x08000df4                __aeabi_dcmpun
 .text          0x08000e20       0x50 c:/progra~2/armgnu~1/12977f~1.2mp/bin/../lib/gcc/arm-none-eabi/12.2.1/thumb/v7e-m+fp/hard\libgcc.a(_arm_fixdfsi.o)
                0x08000e20                __aeabi_d2iz
                0x08000e20                __fixdfsi
 *(.text*)
 .text.deregister_tm_clones
                0x08000e70       0x1c c:/progra~2/armgnu~1/12977f~1.2mp/bin/../lib/gcc/arm-none-eabi/12.2.1/thumb/v7e-m+fp/hard/crtbegin.o
 .text.register_tm_clones
                0x08000e8c       0x24 c:/progra~2/armgnu~1/12977f~1.2mp/bin/../lib/gcc/arm-none-eabi/12.2.1/thumb/v7e-m+fp/hard/crtbegin.o
 .text.__do_global_dtors_aux
                0x08000eb0       0x28 c:/progra~2/armgnu~1/12977f~1.2mp/bin/../lib/gcc/arm-none-eabi/12.2.1/thumb/v7e-m+fp/hard/crtbegin.o
 .text.frame_dummy
                0x08000ed8       0x24 c:/progra~2/armgnu~1/12977f~1.2mp/bin/../lib/gcc/arm-none-eabi/12.2.1/thumb/v7e-m+fp/hard/crtbegin.o
 .text.MX_ADC1_Init
                0x08000efc       0x70 CMakeFiles/remote_cube_sentry.elf.dir/Core/Src/adc.c.obj
                0x08000efc                MX_ADC1_Init
 .text.HAL_ADC_MspInit
                0x08000f6c       0x30 CMakeFiles/remote_cube_sentry.elf.dir/Core/Src/adc.c.obj
                0x08000f6c                HAL_ADC_MspInit
 .text.MX_CAN1_Init
                0x08000f9c       0x44 CMakeFiles/remote_cube_sentry.elf.dir/Core/Src/can.c.obj
                0x08000f9c                MX_CAN1_Init
 .text.MX_CAN2_Init
                0x08000fe0       0x44 CMakeFiles/remote_cube_sentry.elf.dir/Core/Src/can.c.obj
                0x08000fe0                MX_CAN2_Init
 .text.HAL_CAN_MspInit
                0x08001024      0x148 CMakeFiles/remote_cube_sentry.elf.dir/Core/Src/can.c.obj
                0x08001024                HAL_CAN_MspInit
 .text.MX_CRC_Init
                0x0800116c       0x20 CMakeFiles/remote_cube_sentry.elf.dir/Core/Src/crc.c.obj
                0x0800116c                MX_CRC_Init
 .text.HAL_CRC_MspInit
                0x0800118c       0x30 CMakeFiles/remote_cube_sentry.elf.dir/Core/Src/crc.c.obj
                0x0800118c                HAL_CRC_MspInit
 .text.MX_DMA_Init
                0x080011bc       0x88 CMakeFiles/remote_cube_sentry.elf.dir/Core/Src/dma.c.obj
                0x080011bc                MX_DMA_Init
 .text.StartDefaultTask
                0x08001244        0xa CMakeFiles/remote_cube_sentry.elf.dir/Core/Src/freertos.c.obj
                0x08001244                StartDefaultTask
 *fill*         0x0800124e        0x2 
 .text.vApplicationGetIdleTaskMemory
                0x08001250       0x18 CMakeFiles/remote_cube_sentry.elf.dir/Core/Src/freertos.c.obj
                0x08001250                vApplicationGetIdleTaskMemory
 .text.MX_FREERTOS_Init
                0x08001268       0xe8 CMakeFiles/remote_cube_sentry.elf.dir/Core/Src/freertos.c.obj
                0x08001268                MX_FREERTOS_Init
 .text.MX_GPIO_Init
                0x08001350      0x1d0 CMakeFiles/remote_cube_sentry.elf.dir/Core/Src/gpio.c.obj
                0x08001350                MX_GPIO_Init
 .text.HAL_TIM_PeriodElapsedCallback
                0x08001520       0x12 CMakeFiles/remote_cube_sentry.elf.dir/Core/Src/main.c.obj
                0x08001520                HAL_TIM_PeriodElapsedCallback
 .text.Error_Handler
                0x08001532        0x4 CMakeFiles/remote_cube_sentry.elf.dir/Core/Src/main.c.obj
                0x08001532                Error_Handler
 *fill*         0x08001536        0x2 
 .text.SystemClock_Config
                0x08001538       0xac CMakeFiles/remote_cube_sentry.elf.dir/Core/Src/main.c.obj
                0x08001538                SystemClock_Config
 .text.main     0x080015e4       0x80 CMakeFiles/remote_cube_sentry.elf.dir/Core/Src/main.c.obj
                0x080015e4                main
 .text.MX_RNG_Init
                0x08001664       0x20 CMakeFiles/remote_cube_sentry.elf.dir/Core/Src/rng.c.obj
                0x08001664                MX_RNG_Init
 .text.HAL_RNG_MspInit
                0x08001684       0x30 CMakeFiles/remote_cube_sentry.elf.dir/Core/Src/rng.c.obj
                0x08001684                HAL_RNG_MspInit
 .text.MX_SPI1_Init
                0x080016b4       0x48 CMakeFiles/remote_cube_sentry.elf.dir/Core/Src/spi.c.obj
                0x080016b4                MX_SPI1_Init
 .text.HAL_SPI_MspInit
                0x080016fc      0x130 CMakeFiles/remote_cube_sentry.elf.dir/Core/Src/spi.c.obj
                0x080016fc                HAL_SPI_MspInit
 .text.HAL_MspInit
                0x0800182c       0x44 CMakeFiles/remote_cube_sentry.elf.dir/Core/Src/stm32f4xx_hal_msp.c.obj
                0x0800182c                HAL_MspInit
 .text.HAL_InitTick
                0x08001870       0xa4 CMakeFiles/remote_cube_sentry.elf.dir/Core/Src/stm32f4xx_hal_timebase_tim.c.obj
                0x08001870                HAL_InitTick
 .text.NMI_Handler
                0x08001914        0x2 CMakeFiles/remote_cube_sentry.elf.dir/Core/Src/stm32f4xx_it.c.obj
                0x08001914                NMI_Handler
 .text.HardFault_Handler
                0x08001916        0x2 CMakeFiles/remote_cube_sentry.elf.dir/Core/Src/stm32f4xx_it.c.obj
                0x08001916                HardFault_Handler
 .text.MemManage_Handler
                0x08001918        0x2 CMakeFiles/remote_cube_sentry.elf.dir/Core/Src/stm32f4xx_it.c.obj
                0x08001918                MemManage_Handler
 .text.BusFault_Handler
                0x0800191a        0x2 CMakeFiles/remote_cube_sentry.elf.dir/Core/Src/stm32f4xx_it.c.obj
                0x0800191a                BusFault_Handler
 .text.UsageFault_Handler
                0x0800191c        0x2 CMakeFiles/remote_cube_sentry.elf.dir/Core/Src/stm32f4xx_it.c.obj
                0x0800191c                UsageFault_Handler
 .text.DebugMon_Handler
                0x0800191e        0x2 CMakeFiles/remote_cube_sentry.elf.dir/Core/Src/stm32f4xx_it.c.obj
                0x0800191e                DebugMon_Handler
 .text.EXTI0_IRQHandler
                0x08001920        0xa CMakeFiles/remote_cube_sentry.elf.dir/Core/Src/stm32f4xx_it.c.obj
                0x08001920                EXTI0_IRQHandler
 .text.EXTI4_IRQHandler
                0x0800192a        0xa CMakeFiles/remote_cube_sentry.elf.dir/Core/Src/stm32f4xx_it.c.obj
                0x0800192a                EXTI4_IRQHandler
 .text.DMA1_Stream1_IRQHandler
                0x08001934       0x10 CMakeFiles/remote_cube_sentry.elf.dir/Core/Src/stm32f4xx_it.c.obj
                0x08001934                DMA1_Stream1_IRQHandler
 .text.CAN1_RX0_IRQHandler
                0x08001944       0x10 CMakeFiles/remote_cube_sentry.elf.dir/Core/Src/stm32f4xx_it.c.obj
                0x08001944                CAN1_RX0_IRQHandler
 .text.CAN1_RX1_IRQHandler
                0x08001954       0x10 CMakeFiles/remote_cube_sentry.elf.dir/Core/Src/stm32f4xx_it.c.obj
                0x08001954                CAN1_RX1_IRQHandler
 .text.EXTI9_5_IRQHandler
                0x08001964        0xa CMakeFiles/remote_cube_sentry.elf.dir/Core/Src/stm32f4xx_it.c.obj
                0x08001964                EXTI9_5_IRQHandler
 *fill*         0x0800196e        0x2 
 .text.TIM2_IRQHandler
                0x08001970       0x10 CMakeFiles/remote_cube_sentry.elf.dir/Core/Src/stm32f4xx_it.c.obj
                0x08001970                TIM2_IRQHandler
 .text.USART1_IRQHandler
                0x08001980       0x10 CMakeFiles/remote_cube_sentry.elf.dir/Core/Src/stm32f4xx_it.c.obj
                0x08001980                USART1_IRQHandler
 .text.DMA2_Stream1_IRQHandler
                0x08001990       0x10 CMakeFiles/remote_cube_sentry.elf.dir/Core/Src/stm32f4xx_it.c.obj
                0x08001990                DMA2_Stream1_IRQHandler
 .text.DMA2_Stream3_IRQHandler
                0x080019a0       0x10 CMakeFiles/remote_cube_sentry.elf.dir/Core/Src/stm32f4xx_it.c.obj
                0x080019a0                DMA2_Stream3_IRQHandler
 .text.CAN2_RX0_IRQHandler
                0x080019b0       0x10 CMakeFiles/remote_cube_sentry.elf.dir/Core/Src/stm32f4xx_it.c.obj
                0x080019b0                CAN2_RX0_IRQHandler
 .text.CAN2_RX1_IRQHandler
                0x080019c0       0x10 CMakeFiles/remote_cube_sentry.elf.dir/Core/Src/stm32f4xx_it.c.obj
                0x080019c0                CAN2_RX1_IRQHandler
 .text.OTG_FS_IRQHandler
                0x080019d0       0x10 CMakeFiles/remote_cube_sentry.elf.dir/Core/Src/stm32f4xx_it.c.obj
                0x080019d0                OTG_FS_IRQHandler
 .text.DMA2_Stream6_IRQHandler
                0x080019e0       0x10 CMakeFiles/remote_cube_sentry.elf.dir/Core/Src/stm32f4xx_it.c.obj
                0x080019e0                DMA2_Stream6_IRQHandler
 .text.HAL_UART_RxCpltCallback
                0x080019f0      0x100 CMakeFiles/remote_cube_sentry.elf.dir/Core/Src/stm32f4xx_it.c.obj
                0x080019f0                HAL_UART_RxCpltCallback
 .text._getpid  0x08001af0        0x4 CMakeFiles/remote_cube_sentry.elf.dir/Core/Src/syscalls.c.obj
                0x08001af0                _getpid
 .text._kill    0x08001af4       0x10 CMakeFiles/remote_cube_sentry.elf.dir/Core/Src/syscalls.c.obj
                0x08001af4                _kill
 .text._exit    0x08001b04        0xc CMakeFiles/remote_cube_sentry.elf.dir/Core/Src/syscalls.c.obj
                0x08001b04                _exit
 .text._read    0x08001b10       0x20 CMakeFiles/remote_cube_sentry.elf.dir/Core/Src/syscalls.c.obj
                0x08001b10                _read
 .text._write   0x08001b30       0x1c CMakeFiles/remote_cube_sentry.elf.dir/Core/Src/syscalls.c.obj
                0x08001b30                _write
 .text._close   0x08001b4c        0x6 CMakeFiles/remote_cube_sentry.elf.dir/Core/Src/syscalls.c.obj
                0x08001b4c                _close
 .text._fstat   0x08001b52        0xa CMakeFiles/remote_cube_sentry.elf.dir/Core/Src/syscalls.c.obj
                0x08001b52                _fstat
 .text._isatty  0x08001b5c        0x4 CMakeFiles/remote_cube_sentry.elf.dir/Core/Src/syscalls.c.obj
                0x08001b5c                _isatty
 .text._lseek   0x08001b60        0x4 CMakeFiles/remote_cube_sentry.elf.dir/Core/Src/syscalls.c.obj
                0x08001b60                _lseek
 .text._sbrk    0x08001b64       0x48 CMakeFiles/remote_cube_sentry.elf.dir/Core/Src/sysmem.c.obj
                0x08001b64                _sbrk
 .text.SystemInit
                0x08001bac       0x14 CMakeFiles/remote_cube_sentry.elf.dir/Core/Src/system_stm32f4xx.c.obj
                0x08001bac                SystemInit
 .text.HAL_TIM_PWM_MspInit
                0x08001bc0       0xb4 CMakeFiles/remote_cube_sentry.elf.dir/Core/Src/tim.c.obj
                0x08001bc0                HAL_TIM_PWM_MspInit
 .text.HAL_TIM_Base_MspInit
                0x08001c74       0x78 CMakeFiles/remote_cube_sentry.elf.dir/Core/Src/tim.c.obj
                0x08001c74                HAL_TIM_Base_MspInit
 .text.HAL_TIM_MspPostInit
                0x08001cec      0x20c CMakeFiles/remote_cube_sentry.elf.dir/Core/Src/tim.c.obj
                0x08001cec                HAL_TIM_MspPostInit
 .text.MX_TIM1_Init
                0x08001ef8       0xbc CMakeFiles/remote_cube_sentry.elf.dir/Core/Src/tim.c.obj
                0x08001ef8                MX_TIM1_Init
 .text.MX_TIM3_Init
                0x08001fb4       0x80 CMakeFiles/remote_cube_sentry.elf.dir/Core/Src/tim.c.obj
                0x08001fb4                MX_TIM3_Init
 .text.MX_TIM4_Init
                0x08002034       0xb0 CMakeFiles/remote_cube_sentry.elf.dir/Core/Src/tim.c.obj
                0x08002034                MX_TIM4_Init
 .text.MX_TIM5_Init
                0x080020e4       0xd4 CMakeFiles/remote_cube_sentry.elf.dir/Core/Src/tim.c.obj
                0x080020e4                MX_TIM5_Init
 .text.MX_TIM8_Init
                0x080021b8       0xc0 CMakeFiles/remote_cube_sentry.elf.dir/Core/Src/tim.c.obj
                0x080021b8                MX_TIM8_Init
 .text.MX_TIM10_Init
                0x08002278       0x74 CMakeFiles/remote_cube_sentry.elf.dir/Core/Src/tim.c.obj
                0x08002278                MX_TIM10_Init
 .text.MX_USART1_UART_Init
                0x080022ec       0x34 CMakeFiles/remote_cube_sentry.elf.dir/Core/Src/usart.c.obj
                0x080022ec                MX_USART1_UART_Init
 .text.MX_USART3_UART_Init
                0x08002320       0x3c CMakeFiles/remote_cube_sentry.elf.dir/Core/Src/usart.c.obj
                0x08002320                MX_USART3_UART_Init
 .text.MX_USART6_UART_Init
                0x0800235c       0x34 CMakeFiles/remote_cube_sentry.elf.dir/Core/Src/usart.c.obj
                0x0800235c                MX_USART6_UART_Init
 .text.HAL_UART_MspInit
                0x08002390      0x244 CMakeFiles/remote_cube_sentry.elf.dir/Core/Src/usart.c.obj
                0x08002390                HAL_UART_MspInit
 .text.Reset_Handler
                0x080025d4       0x50 CMakeFiles/remote_cube_sentry.elf.dir/Core/Startup/startup_stm32f407ighx.s.obj
                0x080025d4                Reset_Handler
 .text.Default_Handler
                0x08002624        0x2 CMakeFiles/remote_cube_sentry.elf.dir/Core/Startup/startup_stm32f407ighx.s.obj
                0x08002624                RTC_Alarm_IRQHandler
                0x08002624                HASH_RNG_IRQHandler
                0x08002624                EXTI2_IRQHandler
                0x08002624                TIM8_CC_IRQHandler
                0x08002624                TIM1_CC_IRQHandler
                0x08002624                DMA2_Stream5_IRQHandler
                0x08002624                DMA1_Stream5_IRQHandler
                0x08002624                PVD_IRQHandler
                0x08002624                SDIO_IRQHandler
                0x08002624                TAMP_STAMP_IRQHandler
                0x08002624                EXTI3_IRQHandler
                0x08002624                TIM8_TRG_COM_TIM14_IRQHandler
                0x08002624                TIM1_UP_TIM10_IRQHandler
                0x08002624                TIM8_UP_TIM13_IRQHandler
                0x08002624                I2C3_ER_IRQHandler
                0x08002624                I2C2_EV_IRQHandler
                0x08002624                DMA1_Stream2_IRQHandler
                0x08002624                FPU_IRQHandler
                0x08002624                OTG_HS_WKUP_IRQHandler
                0x08002624                CAN2_SCE_IRQHandler
                0x08002624                SPI1_IRQHandler
                0x08002624                TIM6_DAC_IRQHandler
                0x08002624                TIM1_BRK_TIM9_IRQHandler
                0x08002624                DCMI_IRQHandler
                0x08002624                USART6_IRQHandler
                0x08002624                UART5_IRQHandler
                0x08002624                DMA2_Stream0_IRQHandler
                0x08002624                TIM4_IRQHandler
                0x08002624                I2C1_EV_IRQHandler
                0x08002624                DMA1_Stream6_IRQHandler
                0x08002624                UART4_IRQHandler
                0x08002624                TIM3_IRQHandler
                0x08002624                RCC_IRQHandler
                0x08002624                TIM8_BRK_TIM12_IRQHandler
                0x08002624                Default_Handler
                0x08002624                EXTI15_10_IRQHandler
                0x08002624                ADC_IRQHandler
                0x08002624                DMA1_Stream7_IRQHandler
                0x08002624                TIM7_IRQHandler
                0x08002624                CAN2_TX_IRQHandler
                0x08002624                TIM5_IRQHandler
                0x08002624                DMA2_Stream7_IRQHandler
                0x08002624                I2C3_EV_IRQHandler
                0x08002624                RTC_WKUP_IRQHandler
                0x08002624                ETH_WKUP_IRQHandler
                0x08002624                SPI2_IRQHandler
                0x08002624                OTG_HS_EP1_IN_IRQHandler
                0x08002624                DMA1_Stream0_IRQHandler
                0x08002624                CAN1_TX_IRQHandler
                0x08002624                FSMC_IRQHandler
                0x08002624                ETH_IRQHandler
                0x08002624                OTG_HS_EP1_OUT_IRQHandler
                0x08002624                WWDG_IRQHandler
                0x08002624                OTG_FS_WKUP_IRQHandler
                0x08002624                TIM1_TRG_COM_TIM11_IRQHandler
                0x08002624                OTG_HS_IRQHandler
                0x08002624                EXTI1_IRQHandler
                0x08002624                USART2_IRQHandler
                0x08002624                I2C2_ER_IRQHandler
                0x08002624                CAN1_SCE_IRQHandler
                0x08002624                FLASH_IRQHandler
                0x08002624                DMA2_Stream4_IRQHandler
                0x08002624                SPI3_IRQHandler
                0x08002624                DMA1_Stream4_IRQHandler
                0x08002624                I2C1_ER_IRQHandler
                0x08002624                DMA1_Stream3_IRQHandler
 *fill*         0x08002626        0x2 
 .text.HAL_Init
                0x08002628       0x34 CMakeFiles/remote_cube_sentry.elf.dir/Drivers/STM32F4xx_HAL_Driver/Src/stm32f4xx_hal.c.obj
                0x08002628                HAL_Init
 .text.HAL_IncTick
                0x0800265c       0x18 CMakeFiles/remote_cube_sentry.elf.dir/Drivers/STM32F4xx_HAL_Driver/Src/stm32f4xx_hal.c.obj
                0x0800265c                HAL_IncTick
 .text.HAL_GetTick
                0x08002674        0xc CMakeFiles/remote_cube_sentry.elf.dir/Drivers/STM32F4xx_HAL_Driver/Src/stm32f4xx_hal.c.obj
                0x08002674                HAL_GetTick
 .text.HAL_Delay
                0x08002680       0x28 CMakeFiles/remote_cube_sentry.elf.dir/Drivers/STM32F4xx_HAL_Driver/Src/stm32f4xx_hal.c.obj
                0x08002680                HAL_Delay
 .text.ADC_Init
                0x080026a8      0x134 CMakeFiles/remote_cube_sentry.elf.dir/Drivers/STM32F4xx_HAL_Driver/Src/stm32f4xx_hal_adc.c.obj
 .text.HAL_ADC_Init
                0x080027dc       0x56 CMakeFiles/remote_cube_sentry.elf.dir/Drivers/STM32F4xx_HAL_Driver/Src/stm32f4xx_hal_adc.c.obj
                0x080027dc                HAL_ADC_Init
 *fill*         0x08002832        0x2 
 .text.HAL_ADC_Start
                0x08002834      0x144 CMakeFiles/remote_cube_sentry.elf.dir/Drivers/STM32F4xx_HAL_Driver/Src/stm32f4xx_hal_adc.c.obj
                0x08002834                HAL_ADC_Start
 .text.HAL_ADC_PollForConversion
                0x08002978       0xb8 CMakeFiles/remote_cube_sentry.elf.dir/Drivers/STM32F4xx_HAL_Driver/Src/stm32f4xx_hal_adc.c.obj
                0x08002978                HAL_ADC_PollForConversion
 .text.HAL_ADC_GetValue
                0x08002a30        0x6 CMakeFiles/remote_cube_sentry.elf.dir/Drivers/STM32F4xx_HAL_Driver/Src/stm32f4xx_hal_adc.c.obj
                0x08002a30                HAL_ADC_GetValue
 *fill*         0x08002a36        0x2 
 .text.HAL_ADC_ConfigChannel
                0x08002a38      0x194 CMakeFiles/remote_cube_sentry.elf.dir/Drivers/STM32F4xx_HAL_Driver/Src/stm32f4xx_hal_adc.c.obj
                0x08002a38                HAL_ADC_ConfigChannel
 .text.HAL_CAN_Init
                0x08002bcc      0x14c CMakeFiles/remote_cube_sentry.elf.dir/Drivers/STM32F4xx_HAL_Driver/Src/stm32f4xx_hal_can.c.obj
                0x08002bcc                HAL_CAN_Init
 .text.HAL_CAN_ConfigFilter
                0x08002d18      0x138 CMakeFiles/remote_cube_sentry.elf.dir/Drivers/STM32F4xx_HAL_Driver/Src/stm32f4xx_hal_can.c.obj
                0x08002d18                HAL_CAN_ConfigFilter
 .text.HAL_CAN_Start
                0x08002e50       0x5c CMakeFiles/remote_cube_sentry.elf.dir/Drivers/STM32F4xx_HAL_Driver/Src/stm32f4xx_hal_can.c.obj
                0x08002e50                HAL_CAN_Start
 .text.HAL_CAN_GetRxMessage
                0x08002eac      0x14a CMakeFiles/remote_cube_sentry.elf.dir/Drivers/STM32F4xx_HAL_Driver/Src/stm32f4xx_hal_can.c.obj
                0x08002eac                HAL_CAN_GetRxMessage
 .text.HAL_CAN_GetRxFifoFillLevel
                0x08002ff6       0x26 CMakeFiles/remote_cube_sentry.elf.dir/Drivers/STM32F4xx_HAL_Driver/Src/stm32f4xx_hal_can.c.obj
                0x08002ff6                HAL_CAN_GetRxFifoFillLevel
 .text.HAL_CAN_ActivateNotification
                0x0800301c       0x24 CMakeFiles/remote_cube_sentry.elf.dir/Drivers/STM32F4xx_HAL_Driver/Src/stm32f4xx_hal_can.c.obj
                0x0800301c                HAL_CAN_ActivateNotification
 .text.HAL_CAN_TxMailbox0CompleteCallback
                0x08003040        0x2 CMakeFiles/remote_cube_sentry.elf.dir/Drivers/STM32F4xx_HAL_Driver/Src/stm32f4xx_hal_can.c.obj
                0x08003040                HAL_CAN_TxMailbox0CompleteCallback
 .text.HAL_CAN_TxMailbox1CompleteCallback
                0x08003042        0x2 CMakeFiles/remote_cube_sentry.elf.dir/Drivers/STM32F4xx_HAL_Driver/Src/stm32f4xx_hal_can.c.obj
                0x08003042                HAL_CAN_TxMailbox1CompleteCallback
 .text.HAL_CAN_TxMailbox2CompleteCallback
                0x08003044        0x2 CMakeFiles/remote_cube_sentry.elf.dir/Drivers/STM32F4xx_HAL_Driver/Src/stm32f4xx_hal_can.c.obj
                0x08003044                HAL_CAN_TxMailbox2CompleteCallback
 .text.HAL_CAN_TxMailbox0AbortCallback
                0x08003046        0x2 CMakeFiles/remote_cube_sentry.elf.dir/Drivers/STM32F4xx_HAL_Driver/Src/stm32f4xx_hal_can.c.obj
                0x08003046                HAL_CAN_TxMailbox0AbortCallback
 .text.HAL_CAN_TxMailbox1AbortCallback
                0x08003048        0x2 CMakeFiles/remote_cube_sentry.elf.dir/Drivers/STM32F4xx_HAL_Driver/Src/stm32f4xx_hal_can.c.obj
                0x08003048                HAL_CAN_TxMailbox1AbortCallback
 .text.HAL_CAN_TxMailbox2AbortCallback
                0x0800304a        0x2 CMakeFiles/remote_cube_sentry.elf.dir/Drivers/STM32F4xx_HAL_Driver/Src/stm32f4xx_hal_can.c.obj
                0x0800304a                HAL_CAN_TxMailbox2AbortCallback
 .text.HAL_CAN_RxFifo0FullCallback
                0x0800304c        0x2 CMakeFiles/remote_cube_sentry.elf.dir/Drivers/STM32F4xx_HAL_Driver/Src/stm32f4xx_hal_can.c.obj
                0x0800304c                HAL_CAN_RxFifo0FullCallback
 .text.HAL_CAN_RxFifo1FullCallback
                0x0800304e        0x2 CMakeFiles/remote_cube_sentry.elf.dir/Drivers/STM32F4xx_HAL_Driver/Src/stm32f4xx_hal_can.c.obj
                0x0800304e                HAL_CAN_RxFifo1FullCallback
 .text.HAL_CAN_SleepCallback
                0x08003050        0x2 CMakeFiles/remote_cube_sentry.elf.dir/Drivers/STM32F4xx_HAL_Driver/Src/stm32f4xx_hal_can.c.obj
                0x08003050                HAL_CAN_SleepCallback
 .text.HAL_CAN_WakeUpFromRxMsgCallback
                0x08003052        0x2 CMakeFiles/remote_cube_sentry.elf.dir/Drivers/STM32F4xx_HAL_Driver/Src/stm32f4xx_hal_can.c.obj
                0x08003052                HAL_CAN_WakeUpFromRxMsgCallback
 .text.HAL_CAN_ErrorCallback
                0x08003054        0x2 CMakeFiles/remote_cube_sentry.elf.dir/Drivers/STM32F4xx_HAL_Driver/Src/stm32f4xx_hal_can.c.obj
                0x08003054                HAL_CAN_ErrorCallback
 .text.HAL_CAN_IRQHandler
                0x08003056      0x24a CMakeFiles/remote_cube_sentry.elf.dir/Drivers/STM32F4xx_HAL_Driver/Src/stm32f4xx_hal_can.c.obj
                0x08003056                HAL_CAN_IRQHandler
 .text.__NVIC_SetPriority
                0x080032a0       0x28 CMakeFiles/remote_cube_sentry.elf.dir/Drivers/STM32F4xx_HAL_Driver/Src/stm32f4xx_hal_cortex.c.obj
 .text.NVIC_EncodePriority
                0x080032c8       0x3e CMakeFiles/remote_cube_sentry.elf.dir/Drivers/STM32F4xx_HAL_Driver/Src/stm32f4xx_hal_cortex.c.obj
 *fill*         0x08003306        0x2 
 .text.HAL_NVIC_SetPriorityGrouping
                0x08003308       0x24 CMakeFiles/remote_cube_sentry.elf.dir/Drivers/STM32F4xx_HAL_Driver/Src/stm32f4xx_hal_cortex.c.obj
                0x08003308                HAL_NVIC_SetPriorityGrouping
 .text.HAL_NVIC_SetPriority
                0x0800332c       0x20 CMakeFiles/remote_cube_sentry.elf.dir/Drivers/STM32F4xx_HAL_Driver/Src/stm32f4xx_hal_cortex.c.obj
                0x0800332c                HAL_NVIC_SetPriority
 .text.HAL_NVIC_EnableIRQ
                0x0800334c       0x1c CMakeFiles/remote_cube_sentry.elf.dir/Drivers/STM32F4xx_HAL_Driver/Src/stm32f4xx_hal_cortex.c.obj
                0x0800334c                HAL_NVIC_EnableIRQ
 .text.HAL_CRC_Init
                0x08003368       0x1e CMakeFiles/remote_cube_sentry.elf.dir/Drivers/STM32F4xx_HAL_Driver/Src/stm32f4xx_hal_crc.c.obj
                0x08003368                HAL_CRC_Init
 *fill*         0x08003386        0x2 
 .text.DMA_CalcBaseAndBitshift
                0x08003388       0x44 CMakeFiles/remote_cube_sentry.elf.dir/Drivers/STM32F4xx_HAL_Driver/Src/stm32f4xx_hal_dma.c.obj
 .text.DMA_CheckFifoParam
                0x080033cc       0x8e CMakeFiles/remote_cube_sentry.elf.dir/Drivers/STM32F4xx_HAL_Driver/Src/stm32f4xx_hal_dma.c.obj
 *fill*         0x0800345a        0x2 
 .text.HAL_DMA_Init
                0x0800345c       0xcc CMakeFiles/remote_cube_sentry.elf.dir/Drivers/STM32F4xx_HAL_Driver/Src/stm32f4xx_hal_dma.c.obj
                0x0800345c                HAL_DMA_Init
 .text.HAL_DMA_Abort
                0x08003528       0x94 CMakeFiles/remote_cube_sentry.elf.dir/Drivers/STM32F4xx_HAL_Driver/Src/stm32f4xx_hal_dma.c.obj
                0x08003528                HAL_DMA_Abort
 .text.HAL_DMA_Abort_IT
                0x080035bc       0x26 CMakeFiles/remote_cube_sentry.elf.dir/Drivers/STM32F4xx_HAL_Driver/Src/stm32f4xx_hal_dma.c.obj
                0x080035bc                HAL_DMA_Abort_IT
 *fill*         0x080035e2        0x2 
 .text.HAL_DMA_IRQHandler
                0x080035e4      0x1dc CMakeFiles/remote_cube_sentry.elf.dir/Drivers/STM32F4xx_HAL_Driver/Src/stm32f4xx_hal_dma.c.obj
                0x080035e4                HAL_DMA_IRQHandler
 .text.FLASH_Program_DoubleWord
                0x080037c0       0x30 CMakeFiles/remote_cube_sentry.elf.dir/Drivers/STM32F4xx_HAL_Driver/Src/stm32f4xx_hal_flash.c.obj
 .text.FLASH_Program_Word
                0x080037f0       0x24 CMakeFiles/remote_cube_sentry.elf.dir/Drivers/STM32F4xx_HAL_Driver/Src/stm32f4xx_hal_flash.c.obj
 .text.FLASH_Program_HalfWord
                0x08003814       0x24 CMakeFiles/remote_cube_sentry.elf.dir/Drivers/STM32F4xx_HAL_Driver/Src/stm32f4xx_hal_flash.c.obj
 .text.FLASH_Program_Byte
                0x08003838       0x20 CMakeFiles/remote_cube_sentry.elf.dir/Drivers/STM32F4xx_HAL_Driver/Src/stm32f4xx_hal_flash.c.obj
 .text.FLASH_SetErrorCode
                0x08003858       0x8c CMakeFiles/remote_cube_sentry.elf.dir/Drivers/STM32F4xx_HAL_Driver/Src/stm32f4xx_hal_flash.c.obj
 .text.HAL_FLASH_Unlock
                0x080038e4       0x30 CMakeFiles/remote_cube_sentry.elf.dir/Drivers/STM32F4xx_HAL_Driver/Src/stm32f4xx_hal_flash.c.obj
                0x080038e4                HAL_FLASH_Unlock
 .text.HAL_FLASH_Lock
                0x08003914       0x14 CMakeFiles/remote_cube_sentry.elf.dir/Drivers/STM32F4xx_HAL_Driver/Src/stm32f4xx_hal_flash.c.obj
                0x08003914                HAL_FLASH_Lock
 .text.FLASH_WaitForLastOperation
                0x08003928       0x60 CMakeFiles/remote_cube_sentry.elf.dir/Drivers/STM32F4xx_HAL_Driver/Src/stm32f4xx_hal_flash.c.obj
                0x08003928                FLASH_WaitForLastOperation
 .text.HAL_FLASH_Program
                0x08003988       0x7c CMakeFiles/remote_cube_sentry.elf.dir/Drivers/STM32F4xx_HAL_Driver/Src/stm32f4xx_hal_flash.c.obj
                0x08003988                HAL_FLASH_Program
 .text.FLASH_MassErase
                0x08003a04       0x24 CMakeFiles/remote_cube_sentry.elf.dir/Drivers/STM32F4xx_HAL_Driver/Src/stm32f4xx_hal_flash_ex.c.obj
 .text.FLASH_Erase_Sector
                0x08003a28       0x4c CMakeFiles/remote_cube_sentry.elf.dir/Drivers/STM32F4xx_HAL_Driver/Src/stm32f4xx_hal_flash_ex.c.obj
                0x08003a28                FLASH_Erase_Sector
 .text.FLASH_FlushCaches
                0x08003a74       0x60 CMakeFiles/remote_cube_sentry.elf.dir/Drivers/STM32F4xx_HAL_Driver/Src/stm32f4xx_hal_flash_ex.c.obj
                0x08003a74                FLASH_FlushCaches
 .text.HAL_FLASHEx_Erase
                0x08003ad4       0x94 CMakeFiles/remote_cube_sentry.elf.dir/Drivers/STM32F4xx_HAL_Driver/Src/stm32f4xx_hal_flash_ex.c.obj
                0x08003ad4                HAL_FLASHEx_Erase
 .text.HAL_GPIO_Init
                0x08003b68      0x1ec CMakeFiles/remote_cube_sentry.elf.dir/Drivers/STM32F4xx_HAL_Driver/Src/stm32f4xx_hal_gpio.c.obj
                0x08003b68                HAL_GPIO_Init
 .text.HAL_GPIO_WritePin
                0x08003d54        0xc CMakeFiles/remote_cube_sentry.elf.dir/Drivers/STM32F4xx_HAL_Driver/Src/stm32f4xx_hal_gpio.c.obj
                0x08003d54                HAL_GPIO_WritePin
 .text.HAL_GPIO_EXTI_IRQHandler
                0x08003d60       0x1c CMakeFiles/remote_cube_sentry.elf.dir/Drivers/STM32F4xx_HAL_Driver/Src/stm32f4xx_hal_gpio.c.obj
                0x08003d60                HAL_GPIO_EXTI_IRQHandler
 .text.PCD_WriteEmptyTxFifo
                0x08003d7c       0xd0 CMakeFiles/remote_cube_sentry.elf.dir/Drivers/STM32F4xx_HAL_Driver/Src/stm32f4xx_hal_pcd.c.obj
 .text.PCD_EP_OutXfrComplete_int
                0x08003e4c      0x104 CMakeFiles/remote_cube_sentry.elf.dir/Drivers/STM32F4xx_HAL_Driver/Src/stm32f4xx_hal_pcd.c.obj
 .text.PCD_EP_OutSetupPacket_int
                0x08003f50       0x50 CMakeFiles/remote_cube_sentry.elf.dir/Drivers/STM32F4xx_HAL_Driver/Src/stm32f4xx_hal_pcd.c.obj
 .text.HAL_PCD_SetAddress
                0x08003fa0       0x28 CMakeFiles/remote_cube_sentry.elf.dir/Drivers/STM32F4xx_HAL_Driver/Src/stm32f4xx_hal_pcd.c.obj
                0x08003fa0                HAL_PCD_SetAddress
 .text.HAL_PCD_EP_Open
                0x08003fc8       0x8a CMakeFiles/remote_cube_sentry.elf.dir/Drivers/STM32F4xx_HAL_Driver/Src/stm32f4xx_hal_pcd.c.obj
                0x08003fc8                HAL_PCD_EP_Open
 .text.HAL_PCD_EP_Receive
                0x08004052       0x5e CMakeFiles/remote_cube_sentry.elf.dir/Drivers/STM32F4xx_HAL_Driver/Src/stm32f4xx_hal_pcd.c.obj
                0x08004052                HAL_PCD_EP_Receive
 .text.HAL_PCD_EP_Transmit
                0x080040b0       0x5e CMakeFiles/remote_cube_sentry.elf.dir/Drivers/STM32F4xx_HAL_Driver/Src/stm32f4xx_hal_pcd.c.obj
                0x080040b0                HAL_PCD_EP_Transmit
 .text.HAL_PCD_EP_SetStall
                0x0800410e       0x88 CMakeFiles/remote_cube_sentry.elf.dir/Drivers/STM32F4xx_HAL_Driver/Src/stm32f4xx_hal_pcd.c.obj
                0x0800410e                HAL_PCD_EP_SetStall
 .text.HAL_PCD_EP_ClrStall
                0x08004196       0x76 CMakeFiles/remote_cube_sentry.elf.dir/Drivers/STM32F4xx_HAL_Driver/Src/stm32f4xx_hal_pcd.c.obj
                0x08004196                HAL_PCD_EP_ClrStall
 .text.HAL_PCD_EP_Abort
                0x0800420c       0x34 CMakeFiles/remote_cube_sentry.elf.dir/Drivers/STM32F4xx_HAL_Driver/Src/stm32f4xx_hal_pcd.c.obj
                0x0800420c                HAL_PCD_EP_Abort
 .text.HAL_PCD_IRQHandler
                0x08004240      0x5c4 CMakeFiles/remote_cube_sentry.elf.dir/Drivers/STM32F4xx_HAL_Driver/Src/stm32f4xx_hal_pcd.c.obj
                0x08004240                HAL_PCD_IRQHandler
 .text.HAL_PCDEx_LPM_Callback
                0x08004804        0x2 CMakeFiles/remote_cube_sentry.elf.dir/Drivers/STM32F4xx_HAL_Driver/Src/stm32f4xx_hal_pcd_ex.c.obj
                0x08004804                HAL_PCDEx_LPM_Callback
 *fill*         0x08004806        0x2 
 .text.HAL_RCC_OscConfig
                0x08004808      0x3f8 CMakeFiles/remote_cube_sentry.elf.dir/Drivers/STM32F4xx_HAL_Driver/Src/stm32f4xx_hal_rcc.c.obj
                0x08004808                HAL_RCC_OscConfig
 .text.HAL_RCC_GetSysClockFreq
                0x08004c00       0xa8 CMakeFiles/remote_cube_sentry.elf.dir/Drivers/STM32F4xx_HAL_Driver/Src/stm32f4xx_hal_rcc.c.obj
                0x08004c00                HAL_RCC_GetSysClockFreq
 .text.HAL_RCC_ClockConfig
                0x08004ca8      0x160 CMakeFiles/remote_cube_sentry.elf.dir/Drivers/STM32F4xx_HAL_Driver/Src/stm32f4xx_hal_rcc.c.obj
                0x08004ca8                HAL_RCC_ClockConfig
 .text.HAL_RCC_GetHCLKFreq
                0x08004e08        0xc CMakeFiles/remote_cube_sentry.elf.dir/Drivers/STM32F4xx_HAL_Driver/Src/stm32f4xx_hal_rcc.c.obj
                0x08004e08                HAL_RCC_GetHCLKFreq
 .text.HAL_RCC_GetPCLK1Freq
                0x08004e14       0x20 CMakeFiles/remote_cube_sentry.elf.dir/Drivers/STM32F4xx_HAL_Driver/Src/stm32f4xx_hal_rcc.c.obj
                0x08004e14                HAL_RCC_GetPCLK1Freq
 .text.HAL_RCC_GetPCLK2Freq
                0x08004e34       0x20 CMakeFiles/remote_cube_sentry.elf.dir/Drivers/STM32F4xx_HAL_Driver/Src/stm32f4xx_hal_rcc.c.obj
                0x08004e34                HAL_RCC_GetPCLK2Freq
 .text.HAL_RCC_GetClockConfig
                0x08004e54       0x3c CMakeFiles/remote_cube_sentry.elf.dir/Drivers/STM32F4xx_HAL_Driver/Src/stm32f4xx_hal_rcc.c.obj
                0x08004e54                HAL_RCC_GetClockConfig
 .text.HAL_RNG_Init
                0x08004e90       0x2e CMakeFiles/remote_cube_sentry.elf.dir/Drivers/STM32F4xx_HAL_Driver/Src/stm32f4xx_hal_rng.c.obj
                0x08004e90                HAL_RNG_Init
 *fill*         0x08004ebe        0x2 
 .text.SPI_WaitFlagStateUntilTimeout
                0x08004ec0       0xc8 CMakeFiles/remote_cube_sentry.elf.dir/Drivers/STM32F4xx_HAL_Driver/Src/stm32f4xx_hal_spi.c.obj
 .text.SPI_EndRxTxTransaction
                0x08004f88       0x68 CMakeFiles/remote_cube_sentry.elf.dir/Drivers/STM32F4xx_HAL_Driver/Src/stm32f4xx_hal_spi.c.obj
 .text.HAL_SPI_Init
                0x08004ff0       0xbe CMakeFiles/remote_cube_sentry.elf.dir/Drivers/STM32F4xx_HAL_Driver/Src/stm32f4xx_hal_spi.c.obj
                0x08004ff0                HAL_SPI_Init
 .text.HAL_SPI_TransmitReceive
                0x080050ae      0x238 CMakeFiles/remote_cube_sentry.elf.dir/Drivers/STM32F4xx_HAL_Driver/Src/stm32f4xx_hal_spi.c.obj
                0x080050ae                HAL_SPI_TransmitReceive
 *fill*         0x080052e6        0x2 
 .text.TIM_OC1_SetConfig
                0x080052e8       0x70 CMakeFiles/remote_cube_sentry.elf.dir/Drivers/STM32F4xx_HAL_Driver/Src/stm32f4xx_hal_tim.c.obj
 .text.TIM_OC3_SetConfig
                0x08005358       0x70 CMakeFiles/remote_cube_sentry.elf.dir/Drivers/STM32F4xx_HAL_Driver/Src/stm32f4xx_hal_tim.c.obj
 .text.TIM_OC4_SetConfig
                0x080053c8       0x50 CMakeFiles/remote_cube_sentry.elf.dir/Drivers/STM32F4xx_HAL_Driver/Src/stm32f4xx_hal_tim.c.obj
 .text.TIM_TI1_ConfigInputStage
                0x08005418       0x26 CMakeFiles/remote_cube_sentry.elf.dir/Drivers/STM32F4xx_HAL_Driver/Src/stm32f4xx_hal_tim.c.obj
 .text.TIM_TI2_ConfigInputStage
                0x0800543e       0x28 CMakeFiles/remote_cube_sentry.elf.dir/Drivers/STM32F4xx_HAL_Driver/Src/stm32f4xx_hal_tim.c.obj
 .text.TIM_ITRx_SetConfig
                0x08005466       0x10 CMakeFiles/remote_cube_sentry.elf.dir/Drivers/STM32F4xx_HAL_Driver/Src/stm32f4xx_hal_tim.c.obj
 *fill*         0x08005476        0x2 
 .text.HAL_TIM_Base_Start
                0x08005478       0x7c CMakeFiles/remote_cube_sentry.elf.dir/Drivers/STM32F4xx_HAL_Driver/Src/stm32f4xx_hal_tim.c.obj
                0x08005478                HAL_TIM_Base_Start
 .text.HAL_TIM_Base_Start_IT
                0x080054f4       0x88 CMakeFiles/remote_cube_sentry.elf.dir/Drivers/STM32F4xx_HAL_Driver/Src/stm32f4xx_hal_tim.c.obj
                0x080054f4                HAL_TIM_Base_Start_IT
 .text.HAL_TIM_OC_DelayElapsedCallback
                0x0800557c        0x2 CMakeFiles/remote_cube_sentry.elf.dir/Drivers/STM32F4xx_HAL_Driver/Src/stm32f4xx_hal_tim.c.obj
                0x0800557c                HAL_TIM_OC_DelayElapsedCallback
 .text.HAL_TIM_IC_CaptureCallback
                0x0800557e        0x2 CMakeFiles/remote_cube_sentry.elf.dir/Drivers/STM32F4xx_HAL_Driver/Src/stm32f4xx_hal_tim.c.obj
                0x0800557e                HAL_TIM_IC_CaptureCallback
 .text.HAL_TIM_PWM_PulseFinishedCallback
                0x08005580        0x2 CMakeFiles/remote_cube_sentry.elf.dir/Drivers/STM32F4xx_HAL_Driver/Src/stm32f4xx_hal_tim.c.obj
                0x08005580                HAL_TIM_PWM_PulseFinishedCallback
 .text.HAL_TIM_TriggerCallback
                0x08005582        0x2 CMakeFiles/remote_cube_sentry.elf.dir/Drivers/STM32F4xx_HAL_Driver/Src/stm32f4xx_hal_tim.c.obj
                0x08005582                HAL_TIM_TriggerCallback
 .text.HAL_TIM_IRQHandler
                0x08005584      0x17a CMakeFiles/remote_cube_sentry.elf.dir/Drivers/STM32F4xx_HAL_Driver/Src/stm32f4xx_hal_tim.c.obj
                0x08005584                HAL_TIM_IRQHandler
 *fill*         0x080056fe        0x2 
 .text.TIM_Base_SetConfig
                0x08005700       0xc8 CMakeFiles/remote_cube_sentry.elf.dir/Drivers/STM32F4xx_HAL_Driver/Src/stm32f4xx_hal_tim.c.obj
                0x08005700                TIM_Base_SetConfig
 .text.HAL_TIM_Base_Init
                0x080057c8       0x58 CMakeFiles/remote_cube_sentry.elf.dir/Drivers/STM32F4xx_HAL_Driver/Src/stm32f4xx_hal_tim.c.obj
                0x080057c8                HAL_TIM_Base_Init
 .text.HAL_TIM_PWM_Init
                0x08005820       0x58 CMakeFiles/remote_cube_sentry.elf.dir/Drivers/STM32F4xx_HAL_Driver/Src/stm32f4xx_hal_tim.c.obj
                0x08005820                HAL_TIM_PWM_Init
 .text.TIM_OC2_SetConfig
                0x08005878       0x70 CMakeFiles/remote_cube_sentry.elf.dir/Drivers/STM32F4xx_HAL_Driver/Src/stm32f4xx_hal_tim.c.obj
                0x08005878                TIM_OC2_SetConfig
 .text.HAL_TIM_PWM_ConfigChannel
                0x080058e8       0xdc CMakeFiles/remote_cube_sentry.elf.dir/Drivers/STM32F4xx_HAL_Driver/Src/stm32f4xx_hal_tim.c.obj
                0x080058e8                HAL_TIM_PWM_ConfigChannel
 .text.TIM_ETR_SetConfig
                0x080059c4       0x1a CMakeFiles/remote_cube_sentry.elf.dir/Drivers/STM32F4xx_HAL_Driver/Src/stm32f4xx_hal_tim.c.obj
                0x080059c4                TIM_ETR_SetConfig
 .text.HAL_TIM_ConfigClockSource
                0x080059de       0xfe CMakeFiles/remote_cube_sentry.elf.dir/Drivers/STM32F4xx_HAL_Driver/Src/stm32f4xx_hal_tim.c.obj
                0x080059de                HAL_TIM_ConfigClockSource
 .text.TIM_CCxChannelCmd
                0x08005adc       0x1e CMakeFiles/remote_cube_sentry.elf.dir/Drivers/STM32F4xx_HAL_Driver/Src/stm32f4xx_hal_tim.c.obj
                0x08005adc                TIM_CCxChannelCmd
 *fill*         0x08005afa        0x2 
 .text.HAL_TIM_PWM_Start
                0x08005afc      0x104 CMakeFiles/remote_cube_sentry.elf.dir/Drivers/STM32F4xx_HAL_Driver/Src/stm32f4xx_hal_tim.c.obj
                0x08005afc                HAL_TIM_PWM_Start
 .text.HAL_TIMEx_MasterConfigSynchronization
                0x08005c00       0x8c CMakeFiles/remote_cube_sentry.elf.dir/Drivers/STM32F4xx_HAL_Driver/Src/stm32f4xx_hal_tim_ex.c.obj
                0x08005c00                HAL_TIMEx_MasterConfigSynchronization
 .text.HAL_TIMEx_ConfigBreakDeadTime
                0x08005c8c       0x52 CMakeFiles/remote_cube_sentry.elf.dir/Drivers/STM32F4xx_HAL_Driver/Src/stm32f4xx_hal_tim_ex.c.obj
                0x08005c8c                HAL_TIMEx_ConfigBreakDeadTime
 .text.HAL_TIMEx_CommutCallback
                0x08005cde        0x2 CMakeFiles/remote_cube_sentry.elf.dir/Drivers/STM32F4xx_HAL_Driver/Src/stm32f4xx_hal_tim_ex.c.obj
                0x08005cde                HAL_TIMEx_CommutCallback
 .text.HAL_TIMEx_BreakCallback
                0x08005ce0        0x2 CMakeFiles/remote_cube_sentry.elf.dir/Drivers/STM32F4xx_HAL_Driver/Src/stm32f4xx_hal_tim_ex.c.obj
                0x08005ce0                HAL_TIMEx_BreakCallback
 .text.UART_EndRxTransfer
                0x08005ce2       0x5c CMakeFiles/remote_cube_sentry.elf.dir/Drivers/STM32F4xx_HAL_Driver/Src/stm32f4xx_hal_uart.c.obj
 .text.UART_Transmit_IT
                0x08005d3e       0x60 CMakeFiles/remote_cube_sentry.elf.dir/Drivers/STM32F4xx_HAL_Driver/Src/stm32f4xx_hal_uart.c.obj
 *fill*         0x08005d9e        0x2 
 .text.UART_SetConfig
                0x08005da0      0x110 CMakeFiles/remote_cube_sentry.elf.dir/Drivers/STM32F4xx_HAL_Driver/Src/stm32f4xx_hal_uart.c.obj
 .text.UART_WaitOnFlagUntilTimeout
                0x08005eb0       0x84 CMakeFiles/remote_cube_sentry.elf.dir/Drivers/STM32F4xx_HAL_Driver/Src/stm32f4xx_hal_uart.c.obj
 .text.HAL_UART_Init
                0x08005f34       0x5e CMakeFiles/remote_cube_sentry.elf.dir/Drivers/STM32F4xx_HAL_Driver/Src/stm32f4xx_hal_uart.c.obj
                0x08005f34                HAL_UART_Init
 .text.HAL_UART_Transmit
                0x08005f92       0xd8 CMakeFiles/remote_cube_sentry.elf.dir/Drivers/STM32F4xx_HAL_Driver/Src/stm32f4xx_hal_uart.c.obj
                0x08005f92                HAL_UART_Transmit
 .text.HAL_UART_TxCpltCallback
                0x0800606a        0x2 CMakeFiles/remote_cube_sentry.elf.dir/Drivers/STM32F4xx_HAL_Driver/Src/stm32f4xx_hal_uart.c.obj
                0x0800606a                HAL_UART_TxCpltCallback
 .text.UART_EndTransmit_IT
                0x0800606c       0x1a CMakeFiles/remote_cube_sentry.elf.dir/Drivers/STM32F4xx_HAL_Driver/Src/stm32f4xx_hal_uart.c.obj
 .text.HAL_UART_ErrorCallback
                0x08006086        0x2 CMakeFiles/remote_cube_sentry.elf.dir/Drivers/STM32F4xx_HAL_Driver/Src/stm32f4xx_hal_uart.c.obj
                0x08006086                HAL_UART_ErrorCallback
 .text.UART_DMAAbortOnError
                0x08006088       0x10 CMakeFiles/remote_cube_sentry.elf.dir/Drivers/STM32F4xx_HAL_Driver/Src/stm32f4xx_hal_uart.c.obj
 .text.HAL_UARTEx_RxEventCallback
                0x08006098        0x2 CMakeFiles/remote_cube_sentry.elf.dir/Drivers/STM32F4xx_HAL_Driver/Src/stm32f4xx_hal_uart.c.obj
                0x08006098                HAL_UARTEx_RxEventCallback
 .text.UART_Receive_IT
                0x0800609a       0xe2 CMakeFiles/remote_cube_sentry.elf.dir/Drivers/STM32F4xx_HAL_Driver/Src/stm32f4xx_hal_uart.c.obj
 .text.HAL_UART_IRQHandler
                0x0800617c      0x27c CMakeFiles/remote_cube_sentry.elf.dir/Drivers/STM32F4xx_HAL_Driver/Src/stm32f4xx_hal_uart.c.obj
                0x0800617c                HAL_UART_IRQHandler
 .text.UART_Start_Receive_IT
                0x080063f8       0x3a CMakeFiles/remote_cube_sentry.elf.dir/Drivers/STM32F4xx_HAL_Driver/Src/stm32f4xx_hal_uart.c.obj
                0x080063f8                UART_Start_Receive_IT
 .text.HAL_UART_Receive_IT
                0x08006432       0x38 CMakeFiles/remote_cube_sentry.elf.dir/Drivers/STM32F4xx_HAL_Driver/Src/stm32f4xx_hal_uart.c.obj
                0x08006432                HAL_UART_Receive_IT
 *fill*         0x0800646a        0x2 
 .text.USB_SetTurnaroundTime
                0x0800646c       0xe4 CMakeFiles/remote_cube_sentry.elf.dir/Drivers/STM32F4xx_HAL_Driver/Src/stm32f4xx_ll_usb.c.obj
                0x0800646c                USB_SetTurnaroundTime
 .text.USB_FlushTxFifo
                0x08006550       0x50 CMakeFiles/remote_cube_sentry.elf.dir/Drivers/STM32F4xx_HAL_Driver/Src/stm32f4xx_ll_usb.c.obj
                0x08006550                USB_FlushTxFifo
 .text.USB_GetDevSpeed
                0x080065a0       0x22 CMakeFiles/remote_cube_sentry.elf.dir/Drivers/STM32F4xx_HAL_Driver/Src/stm32f4xx_ll_usb.c.obj
                0x080065a0                USB_GetDevSpeed
 .text.USB_ActivateEndpoint
                0x080065c2       0x9a CMakeFiles/remote_cube_sentry.elf.dir/Drivers/STM32F4xx_HAL_Driver/Src/stm32f4xx_ll_usb.c.obj
                0x080065c2                USB_ActivateEndpoint
 .text.USB_EP0StartXfer
                0x0800665c      0x124 CMakeFiles/remote_cube_sentry.elf.dir/Drivers/STM32F4xx_HAL_Driver/Src/stm32f4xx_ll_usb.c.obj
                0x0800665c                USB_EP0StartXfer
 .text.USB_EPStopXfer
                0x08006780       0xbe CMakeFiles/remote_cube_sentry.elf.dir/Drivers/STM32F4xx_HAL_Driver/Src/stm32f4xx_ll_usb.c.obj
                0x08006780                USB_EPStopXfer
 .text.USB_WritePacket
                0x0800683e       0x2e CMakeFiles/remote_cube_sentry.elf.dir/Drivers/STM32F4xx_HAL_Driver/Src/stm32f4xx_ll_usb.c.obj
                0x0800683e                USB_WritePacket
 .text.USB_EPStartXfer
                0x0800686c      0x234 CMakeFiles/remote_cube_sentry.elf.dir/Drivers/STM32F4xx_HAL_Driver/Src/stm32f4xx_ll_usb.c.obj
                0x0800686c                USB_EPStartXfer
 .text.USB_ReadPacket
                0x08006aa0       0x46 CMakeFiles/remote_cube_sentry.elf.dir/Drivers/STM32F4xx_HAL_Driver/Src/stm32f4xx_ll_usb.c.obj
                0x08006aa0                USB_ReadPacket
 .text.USB_EPSetStall
                0x08006ae6       0x5a CMakeFiles/remote_cube_sentry.elf.dir/Drivers/STM32F4xx_HAL_Driver/Src/stm32f4xx_ll_usb.c.obj
                0x08006ae6                USB_EPSetStall
 .text.USB_EPClearStall
                0x08006b40       0x5c CMakeFiles/remote_cube_sentry.elf.dir/Drivers/STM32F4xx_HAL_Driver/Src/stm32f4xx_ll_usb.c.obj
                0x08006b40                USB_EPClearStall
 .text.USB_SetDevAddress
                0x08006b9c       0x20 CMakeFiles/remote_cube_sentry.elf.dir/Drivers/STM32F4xx_HAL_Driver/Src/stm32f4xx_ll_usb.c.obj
                0x08006b9c                USB_SetDevAddress
 .text.USB_ReadInterrupts
                0x08006bbc        0x8 CMakeFiles/remote_cube_sentry.elf.dir/Drivers/STM32F4xx_HAL_Driver/Src/stm32f4xx_ll_usb.c.obj
                0x08006bbc                USB_ReadInterrupts
 .text.USB_ReadDevAllOutEpInterrupt
                0x08006bc4       0x10 CMakeFiles/remote_cube_sentry.elf.dir/Drivers/STM32F4xx_HAL_Driver/Src/stm32f4xx_ll_usb.c.obj
                0x08006bc4                USB_ReadDevAllOutEpInterrupt
 .text.USB_ReadDevAllInEpInterrupt
                0x08006bd4       0x10 CMakeFiles/remote_cube_sentry.elf.dir/Drivers/STM32F4xx_HAL_Driver/Src/stm32f4xx_ll_usb.c.obj
                0x08006bd4                USB_ReadDevAllInEpInterrupt
 .text.USB_ReadDevOutEPInterrupt
                0x08006be4       0x12 CMakeFiles/remote_cube_sentry.elf.dir/Drivers/STM32F4xx_HAL_Driver/Src/stm32f4xx_ll_usb.c.obj
                0x08006be4                USB_ReadDevOutEPInterrupt
 .text.USB_ReadDevInEPInterrupt
                0x08006bf6       0x24 CMakeFiles/remote_cube_sentry.elf.dir/Drivers/STM32F4xx_HAL_Driver/Src/stm32f4xx_ll_usb.c.obj
                0x08006bf6                USB_ReadDevInEPInterrupt
 .text.USB_GetMode
                0x08006c1a        0x8 CMakeFiles/remote_cube_sentry.elf.dir/Drivers/STM32F4xx_HAL_Driver/Src/stm32f4xx_ll_usb.c.obj
                0x08006c1a                USB_GetMode
 .text.USB_ActivateSetup
                0x08006c22       0x20 CMakeFiles/remote_cube_sentry.elf.dir/Drivers/STM32F4xx_HAL_Driver/Src/stm32f4xx_ll_usb.c.obj
                0x08006c22                USB_ActivateSetup
 *fill*         0x08006c42        0x2 
 .text.USB_EP0_OutStart
                0x08006c44       0x60 CMakeFiles/remote_cube_sentry.elf.dir/Drivers/STM32F4xx_HAL_Driver/Src/stm32f4xx_ll_usb.c.obj
                0x08006c44                USB_EP0_OutStart
 .text.USBD_SetClassConfig
                0x08006ca4       0x12 CMakeFiles/remote_cube_sentry.elf.dir/Middlewares/ST/STM32_USB_Device_Library/Core/Src/usbd_core.c.obj
                0x08006ca4                USBD_SetClassConfig
 .text.USBD_ClrClassConfig
                0x08006cb6       0x12 CMakeFiles/remote_cube_sentry.elf.dir/Middlewares/ST/STM32_USB_Device_Library/Core/Src/usbd_core.c.obj
                0x08006cb6                USBD_ClrClassConfig
 .text.USBD_LL_SetupStage
                0x08006cc8       0x58 CMakeFiles/remote_cube_sentry.elf.dir/Middlewares/ST/STM32_USB_Device_Library/Core/Src/usbd_core.c.obj
                0x08006cc8                USBD_LL_SetupStage
 .text.USBD_LL_Reset
                0x08006d20       0x64 CMakeFiles/remote_cube_sentry.elf.dir/Middlewares/ST/STM32_USB_Device_Library/Core/Src/usbd_core.c.obj
                0x08006d20                USBD_LL_Reset
 .text.USBD_LL_SetSpeed
                0x08006d84        0x6 CMakeFiles/remote_cube_sentry.elf.dir/Middlewares/ST/STM32_USB_Device_Library/Core/Src/usbd_core.c.obj
                0x08006d84                USBD_LL_SetSpeed
 .text.USBD_LL_Suspend
                0x08006d8a       0x14 CMakeFiles/remote_cube_sentry.elf.dir/Middlewares/ST/STM32_USB_Device_Library/Core/Src/usbd_core.c.obj
                0x08006d8a                USBD_LL_Suspend
 .text.USBD_LL_Resume
                0x08006d9e       0x1a CMakeFiles/remote_cube_sentry.elf.dir/Middlewares/ST/STM32_USB_Device_Library/Core/Src/usbd_core.c.obj
                0x08006d9e                USBD_LL_Resume
 .text.USBD_LL_SOF
                0x08006db8       0x22 CMakeFiles/remote_cube_sentry.elf.dir/Middlewares/ST/STM32_USB_Device_Library/Core/Src/usbd_core.c.obj
                0x08006db8                USBD_LL_SOF
 .text.USBD_LL_IsoINIncomplete
                0x08006dda       0x2e CMakeFiles/remote_cube_sentry.elf.dir/Middlewares/ST/STM32_USB_Device_Library/Core/Src/usbd_core.c.obj
                0x08006dda                USBD_LL_IsoINIncomplete
 .text.USBD_LL_IsoOUTIncomplete
                0x08006e08       0x2e CMakeFiles/remote_cube_sentry.elf.dir/Middlewares/ST/STM32_USB_Device_Library/Core/Src/usbd_core.c.obj
                0x08006e08                USBD_LL_IsoOUTIncomplete
 .text.USBD_LL_DevConnected
                0x08006e36        0x4 CMakeFiles/remote_cube_sentry.elf.dir/Middlewares/ST/STM32_USB_Device_Library/Core/Src/usbd_core.c.obj
                0x08006e36                USBD_LL_DevConnected
 .text.USBD_LL_DevDisconnected
                0x08006e3a       0x20 CMakeFiles/remote_cube_sentry.elf.dir/Middlewares/ST/STM32_USB_Device_Library/Core/Src/usbd_core.c.obj
                0x08006e3a                USBD_LL_DevDisconnected
 .text.USBD_CoreFindIF
                0x08006e5a        0x4 CMakeFiles/remote_cube_sentry.elf.dir/Middlewares/ST/STM32_USB_Device_Library/Core/Src/usbd_core.c.obj
                0x08006e5a                USBD_CoreFindIF
 .text.USBD_CoreFindEP
                0x08006e5e        0x4 CMakeFiles/remote_cube_sentry.elf.dir/Middlewares/ST/STM32_USB_Device_Library/Core/Src/usbd_core.c.obj
                0x08006e5e                USBD_CoreFindEP
 .text.USBD_LL_DataOutStage
                0x08006e62       0xc6 CMakeFiles/remote_cube_sentry.elf.dir/Middlewares/ST/STM32_USB_Device_Library/Core/Src/usbd_core.c.obj
                0x08006e62                USBD_LL_DataOutStage
 .text.USBD_LL_DataInStage
                0x08006f28       0xd6 CMakeFiles/remote_cube_sentry.elf.dir/Middlewares/ST/STM32_USB_Device_Library/Core/Src/usbd_core.c.obj
                0x08006f28                USBD_LL_DataInStage
 .text.USBD_ParseSetupRequest
                0x08006ffe       0x28 CMakeFiles/remote_cube_sentry.elf.dir/Middlewares/ST/STM32_USB_Device_Library/Core/Src/usbd_ctlreq.c.obj
                0x08006ffe                USBD_ParseSetupRequest
 .text.USBD_CtlError
                0x08007026       0x14 CMakeFiles/remote_cube_sentry.elf.dir/Middlewares/ST/STM32_USB_Device_Library/Core/Src/usbd_ctlreq.c.obj
                0x08007026                USBD_CtlError
 .text.USBD_GetDescriptor
                0x0800703a      0x18a CMakeFiles/remote_cube_sentry.elf.dir/Middlewares/ST/STM32_USB_Device_Library/Core/Src/usbd_ctlreq.c.obj
 .text.USBD_SetAddress
                0x080071c4       0x50 CMakeFiles/remote_cube_sentry.elf.dir/Middlewares/ST/STM32_USB_Device_Library/Core/Src/usbd_ctlreq.c.obj
 .text.USBD_SetConfig
                0x08007214       0xcc CMakeFiles/remote_cube_sentry.elf.dir/Middlewares/ST/STM32_USB_Device_Library/Core/Src/usbd_ctlreq.c.obj
 .text.USBD_GetConfig
                0x080072e0       0x40 CMakeFiles/remote_cube_sentry.elf.dir/Middlewares/ST/STM32_USB_Device_Library/Core/Src/usbd_ctlreq.c.obj
 .text.USBD_GetStatus
                0x08007320       0x38 CMakeFiles/remote_cube_sentry.elf.dir/Middlewares/ST/STM32_USB_Device_Library/Core/Src/usbd_ctlreq.c.obj
 .text.USBD_SetFeature
                0x08007358       0x2a CMakeFiles/remote_cube_sentry.elf.dir/Middlewares/ST/STM32_USB_Device_Library/Core/Src/usbd_ctlreq.c.obj
 .text.USBD_ClrFeature
                0x08007382       0x26 CMakeFiles/remote_cube_sentry.elf.dir/Middlewares/ST/STM32_USB_Device_Library/Core/Src/usbd_ctlreq.c.obj
 .text.USBD_StdDevReq
                0x080073a8       0x76 CMakeFiles/remote_cube_sentry.elf.dir/Middlewares/ST/STM32_USB_Device_Library/Core/Src/usbd_ctlreq.c.obj
                0x080073a8                USBD_StdDevReq
 .text.USBD_StdItfReq
                0x0800741e       0x84 CMakeFiles/remote_cube_sentry.elf.dir/Middlewares/ST/STM32_USB_Device_Library/Core/Src/usbd_ctlreq.c.obj
                0x0800741e                USBD_StdItfReq
 .text.USBD_StdEPReq
                0x080074a2      0x230 CMakeFiles/remote_cube_sentry.elf.dir/Middlewares/ST/STM32_USB_Device_Library/Core/Src/usbd_ctlreq.c.obj
                0x080074a2                USBD_StdEPReq
 .text.USBD_CtlSendData
                0x080076d2       0x1a CMakeFiles/remote_cube_sentry.elf.dir/Middlewares/ST/STM32_USB_Device_Library/Core/Src/usbd_ioreq.c.obj
                0x080076d2                USBD_CtlSendData
 .text.USBD_CtlContinueSendData
                0x080076ec       0x10 CMakeFiles/remote_cube_sentry.elf.dir/Middlewares/ST/STM32_USB_Device_Library/Core/Src/usbd_ioreq.c.obj
                0x080076ec                USBD_CtlContinueSendData
 .text.USBD_CtlContinueRx
                0x080076fc       0x10 CMakeFiles/remote_cube_sentry.elf.dir/Middlewares/ST/STM32_USB_Device_Library/Core/Src/usbd_ioreq.c.obj
                0x080076fc                USBD_CtlContinueRx
 .text.USBD_CtlSendStatus
                0x0800770c       0x16 CMakeFiles/remote_cube_sentry.elf.dir/Middlewares/ST/STM32_USB_Device_Library/Core/Src/usbd_ioreq.c.obj
                0x0800770c                USBD_CtlSendStatus
 .text.USBD_CtlReceiveStatus
                0x08007722       0x16 CMakeFiles/remote_cube_sentry.elf.dir/Middlewares/ST/STM32_USB_Device_Library/Core/Src/usbd_ioreq.c.obj
                0x08007722                USBD_CtlReceiveStatus
 .text.makeFreeRtosPriority
                0x08007738        0xc CMakeFiles/remote_cube_sentry.elf.dir/Middlewares/Third_Party/FreeRTOS/Source/CMSIS_RTOS/cmsis_os.c.obj
 .text.osKernelStart
                0x08007744        0xa CMakeFiles/remote_cube_sentry.elf.dir/Middlewares/Third_Party/FreeRTOS/Source/CMSIS_RTOS/cmsis_os.c.obj
                0x08007744                osKernelStart
 .text.osThreadCreate
                0x0800774e       0x66 CMakeFiles/remote_cube_sentry.elf.dir/Middlewares/Third_Party/FreeRTOS/Source/CMSIS_RTOS/cmsis_os.c.obj
                0x0800774e                osThreadCreate
 .text.osDelay  0x080077b4        0xe CMakeFiles/remote_cube_sentry.elf.dir/Middlewares/Third_Party/FreeRTOS/Source/CMSIS_RTOS/cmsis_os.c.obj
                0x080077b4                osDelay
 .text.vListInitialise
                0x080077c2       0x16 CMakeFiles/remote_cube_sentry.elf.dir/Middlewares/Third_Party/FreeRTOS/Source/list.c.obj
                0x080077c2                vListInitialise
 .text.vListInitialiseItem
                0x080077d8        0x6 CMakeFiles/remote_cube_sentry.elf.dir/Middlewares/Third_Party/FreeRTOS/Source/list.c.obj
                0x080077d8                vListInitialiseItem
 .text.vListInsertEnd
                0x080077de       0x16 CMakeFiles/remote_cube_sentry.elf.dir/Middlewares/Third_Party/FreeRTOS/Source/list.c.obj
                0x080077de                vListInsertEnd
 .text.vListInsert
                0x080077f4       0x32 CMakeFiles/remote_cube_sentry.elf.dir/Middlewares/Third_Party/FreeRTOS/Source/list.c.obj
                0x080077f4                vListInsert
 .text.uxListRemove
                0x08007826       0x26 CMakeFiles/remote_cube_sentry.elf.dir/Middlewares/Third_Party/FreeRTOS/Source/list.c.obj
                0x08007826                uxListRemove
 .text.prvTaskExitError
                0x0800784c       0x40 CMakeFiles/remote_cube_sentry.elf.dir/Middlewares/Third_Party/FreeRTOS/Source/portable/GCC/ARM_CM4F/port.c.obj
 .text.prvPortStartFirstTask
                0x0800788c       0x28 CMakeFiles/remote_cube_sentry.elf.dir/Middlewares/Third_Party/FreeRTOS/Source/portable/GCC/ARM_CM4F/port.c.obj
 .text.vPortEnableVFP
                0x080078b4       0x14 CMakeFiles/remote_cube_sentry.elf.dir/Middlewares/Third_Party/FreeRTOS/Source/portable/GCC/ARM_CM4F/port.c.obj
 .text.pxPortInitialiseStack
                0x080078c8       0x2c CMakeFiles/remote_cube_sentry.elf.dir/Middlewares/Third_Party/FreeRTOS/Source/portable/GCC/ARM_CM4F/port.c.obj
                0x080078c8                pxPortInitialiseStack
 *fill*         0x080078f4        0xc 
 .text.SVC_Handler
                0x08007900       0x24 CMakeFiles/remote_cube_sentry.elf.dir/Middlewares/Third_Party/FreeRTOS/Source/portable/GCC/ARM_CM4F/port.c.obj
                0x08007900                SVC_Handler
 .text.vPortEnterCritical
                0x08007924       0x44 CMakeFiles/remote_cube_sentry.elf.dir/Middlewares/Third_Party/FreeRTOS/Source/portable/GCC/ARM_CM4F/port.c.obj
                0x08007924                vPortEnterCritical
 .text.vPortExitCritical
                0x08007968       0x2c CMakeFiles/remote_cube_sentry.elf.dir/Middlewares/Third_Party/FreeRTOS/Source/portable/GCC/ARM_CM4F/port.c.obj
                0x08007968                vPortExitCritical
 *fill*         0x08007994        0xc 
 .text.PendSV_Handler
                0x080079a0       0x64 CMakeFiles/remote_cube_sentry.elf.dir/Middlewares/Third_Party/FreeRTOS/Source/portable/GCC/ARM_CM4F/port.c.obj
                0x080079a0                PendSV_Handler
 .text.SysTick_Handler
                0x08007a04       0x2c CMakeFiles/remote_cube_sentry.elf.dir/Middlewares/Third_Party/FreeRTOS/Source/portable/GCC/ARM_CM4F/port.c.obj
                0x08007a04                SysTick_Handler
 .text.vPortSetupTimerInterrupt
                0x08007a30       0x28 CMakeFiles/remote_cube_sentry.elf.dir/Middlewares/Third_Party/FreeRTOS/Source/portable/GCC/ARM_CM4F/port.c.obj
                0x08007a30                vPortSetupTimerInterrupt
 .text.xPortStartScheduler
                0x08007a58      0x118 CMakeFiles/remote_cube_sentry.elf.dir/Middlewares/Third_Party/FreeRTOS/Source/portable/GCC/ARM_CM4F/port.c.obj
                0x08007a58                xPortStartScheduler
 .text.vPortValidateInterruptPriority
                0x08007b70       0x5c CMakeFiles/remote_cube_sentry.elf.dir/Middlewares/Third_Party/FreeRTOS/Source/portable/GCC/ARM_CM4F/port.c.obj
                0x08007b70                vPortValidateInterruptPriority
 .text.prvHeapInit
                0x08007bcc       0x64 CMakeFiles/remote_cube_sentry.elf.dir/Middlewares/Third_Party/FreeRTOS/Source/portable/MemMang/heap_4.c.obj
 .text.prvInsertBlockIntoFreeList
                0x08007c30       0x64 CMakeFiles/remote_cube_sentry.elf.dir/Middlewares/Third_Party/FreeRTOS/Source/portable/MemMang/heap_4.c.obj
 .text.pvPortMalloc
                0x08007c94      0x104 CMakeFiles/remote_cube_sentry.elf.dir/Middlewares/Third_Party/FreeRTOS/Source/portable/MemMang/heap_4.c.obj
                0x08007c94                pvPortMalloc
 .text.vPortFree
                0x08007d98       0x7c CMakeFiles/remote_cube_sentry.elf.dir/Middlewares/Third_Party/FreeRTOS/Source/portable/MemMang/heap_4.c.obj
                0x08007d98                vPortFree
 .text.xQueueGenericReset
                0x08007e14       0x84 CMakeFiles/remote_cube_sentry.elf.dir/Middlewares/Third_Party/FreeRTOS/Source/queue.c.obj
                0x08007e14                xQueueGenericReset
 .text.prvInitialiseNewQueue
                0x08007e98       0x1c CMakeFiles/remote_cube_sentry.elf.dir/Middlewares/Third_Party/FreeRTOS/Source/queue.c.obj
 .text.xQueueGenericCreate
                0x08007eb4       0x48 CMakeFiles/remote_cube_sentry.elf.dir/Middlewares/Third_Party/FreeRTOS/Source/queue.c.obj
                0x08007eb4                xQueueGenericCreate
 .text.prvSearchForNameWithinSingleList
                0x08007efc       0x64 CMakeFiles/remote_cube_sentry.elf.dir/Middlewares/Third_Party/FreeRTOS/Source/tasks.c.obj
 .text.prvResetNextTaskUnblockTime
                0x08007f60       0x2c CMakeFiles/remote_cube_sentry.elf.dir/Middlewares/Third_Party/FreeRTOS/Source/tasks.c.obj
 .text.prvInitialiseNewTask
                0x08007f8c      0x100 CMakeFiles/remote_cube_sentry.elf.dir/Middlewares/Third_Party/FreeRTOS/Source/tasks.c.obj
 .text.prvInitialiseTaskLists
                0x0800808c       0x68 CMakeFiles/remote_cube_sentry.elf.dir/Middlewares/Third_Party/FreeRTOS/Source/tasks.c.obj
 .text.prvAddNewTaskToReadyList
                0x080080f4       0xa8 CMakeFiles/remote_cube_sentry.elf.dir/Middlewares/Third_Party/FreeRTOS/Source/tasks.c.obj
 .text.prvDeleteTCB
                0x0800819c       0x40 CMakeFiles/remote_cube_sentry.elf.dir/Middlewares/Third_Party/FreeRTOS/Source/tasks.c.obj
 .text.prvCheckTasksWaitingTermination
                0x080081dc       0x4c CMakeFiles/remote_cube_sentry.elf.dir/Middlewares/Third_Party/FreeRTOS/Source/tasks.c.obj
 .text.prvIdleTask
                0x08008228       0x28 CMakeFiles/remote_cube_sentry.elf.dir/Middlewares/Third_Party/FreeRTOS/Source/tasks.c.obj
 .text.prvAddCurrentTaskToDelayedList
                0x08008250       0xa0 CMakeFiles/remote_cube_sentry.elf.dir/Middlewares/Third_Party/FreeRTOS/Source/tasks.c.obj
 .text.xTaskCreateStatic
                0x080082f0       0x7a CMakeFiles/remote_cube_sentry.elf.dir/Middlewares/Third_Party/FreeRTOS/Source/tasks.c.obj
                0x080082f0                xTaskCreateStatic
 .text.xTaskCreate
                0x0800836a       0x66 CMakeFiles/remote_cube_sentry.elf.dir/Middlewares/Third_Party/FreeRTOS/Source/tasks.c.obj
                0x0800836a                xTaskCreate
 .text.vTaskStartScheduler
                0x080083d0       0x84 CMakeFiles/remote_cube_sentry.elf.dir/Middlewares/Third_Party/FreeRTOS/Source/tasks.c.obj
                0x080083d0                vTaskStartScheduler
 .text.vTaskSuspendAll
                0x08008454       0x10 CMakeFiles/remote_cube_sentry.elf.dir/Middlewares/Third_Party/FreeRTOS/Source/tasks.c.obj
                0x08008454                vTaskSuspendAll
 .text.xTaskGetTickCount
                0x08008464        0xc CMakeFiles/remote_cube_sentry.elf.dir/Middlewares/Third_Party/FreeRTOS/Source/tasks.c.obj
                0x08008464                xTaskGetTickCount
 .text.pcTaskGetName
                0x08008470       0x28 CMakeFiles/remote_cube_sentry.elf.dir/Middlewares/Third_Party/FreeRTOS/Source/tasks.c.obj
                0x08008470                pcTaskGetName
 .text.xTaskIncrementTick
                0x08008498      0x118 CMakeFiles/remote_cube_sentry.elf.dir/Middlewares/Third_Party/FreeRTOS/Source/tasks.c.obj
                0x08008498                xTaskIncrementTick
 .text.xTaskResumeAll
                0x080085b0       0xf8 CMakeFiles/remote_cube_sentry.elf.dir/Middlewares/Third_Party/FreeRTOS/Source/tasks.c.obj
                0x080085b0                xTaskResumeAll
 .text.vTaskDelay
                0x080086a8       0x4c CMakeFiles/remote_cube_sentry.elf.dir/Middlewares/Third_Party/FreeRTOS/Source/tasks.c.obj
                0x080086a8                vTaskDelay
 .text.xTaskGetHandle
                0x080086f4       0x98 CMakeFiles/remote_cube_sentry.elf.dir/Middlewares/Third_Party/FreeRTOS/Source/tasks.c.obj
                0x080086f4                xTaskGetHandle
 .text.vTaskSwitchContext
                0x0800878c       0xa4 CMakeFiles/remote_cube_sentry.elf.dir/Middlewares/Third_Party/FreeRTOS/Source/tasks.c.obj
                0x0800878c                vTaskSwitchContext
 .text.xTaskRemoveFromEventList
                0x08008830       0x8c CMakeFiles/remote_cube_sentry.elf.dir/Middlewares/Third_Party/FreeRTOS/Source/tasks.c.obj
                0x08008830                xTaskRemoveFromEventList
 .text.xTaskGetSchedulerState
                0x080088bc       0x20 CMakeFiles/remote_cube_sentry.elf.dir/Middlewares/Third_Party/FreeRTOS/Source/tasks.c.obj
                0x080088bc                xTaskGetSchedulerState
 .text.ulTaskNotifyTake
                0x080088dc       0x80 CMakeFiles/remote_cube_sentry.elf.dir/Middlewares/Third_Party/FreeRTOS/Source/tasks.c.obj
                0x080088dc                ulTaskNotifyTake
 .text.vTaskNotifyGiveFromISR
                0x0800895c       0xd4 CMakeFiles/remote_cube_sentry.elf.dir/Middlewares/Third_Party/FreeRTOS/Source/tasks.c.obj
                0x0800895c                vTaskNotifyGiveFromISR
 .text.HAL_PCD_SetupStageCallback
                0x08008a30       0x10 CMakeFiles/remote_cube_sentry.elf.dir/USB_DEVICE/Target/usbd_conf.c.obj
                0x08008a30                HAL_PCD_SetupStageCallback
 .text.HAL_PCD_DataOutStageCallback
                0x08008a40       0x18 CMakeFiles/remote_cube_sentry.elf.dir/USB_DEVICE/Target/usbd_conf.c.obj
                0x08008a40                HAL_PCD_DataOutStageCallback
 .text.HAL_PCD_DataInStageCallback
                0x08008a58       0x16 CMakeFiles/remote_cube_sentry.elf.dir/USB_DEVICE/Target/usbd_conf.c.obj
                0x08008a58                HAL_PCD_DataInStageCallback
 .text.HAL_PCD_SOFCallback
                0x08008a6e        0xc CMakeFiles/remote_cube_sentry.elf.dir/USB_DEVICE/Target/usbd_conf.c.obj
                0x08008a6e                HAL_PCD_SOFCallback
 .text.HAL_PCD_ResetCallback
                0x08008a7a       0x2c CMakeFiles/remote_cube_sentry.elf.dir/USB_DEVICE/Target/usbd_conf.c.obj
                0x08008a7a                HAL_PCD_ResetCallback
 *fill*         0x08008aa6        0x2 
 .text.HAL_PCD_SuspendCallback
                0x08008aa8       0x30 CMakeFiles/remote_cube_sentry.elf.dir/USB_DEVICE/Target/usbd_conf.c.obj
                0x08008aa8                HAL_PCD_SuspendCallback
 .text.HAL_PCD_ResumeCallback
                0x08008ad8        0xc CMakeFiles/remote_cube_sentry.elf.dir/USB_DEVICE/Target/usbd_conf.c.obj
                0x08008ad8                HAL_PCD_ResumeCallback
 .text.HAL_PCD_ISOOUTIncompleteCallback
                0x08008ae4        0xc CMakeFiles/remote_cube_sentry.elf.dir/USB_DEVICE/Target/usbd_conf.c.obj
                0x08008ae4                HAL_PCD_ISOOUTIncompleteCallback
 .text.HAL_PCD_ISOINIncompleteCallback
                0x08008af0        0xc CMakeFiles/remote_cube_sentry.elf.dir/USB_DEVICE/Target/usbd_conf.c.obj
                0x08008af0                HAL_PCD_ISOINIncompleteCallback
 .text.HAL_PCD_ConnectCallback
                0x08008afc        0xc CMakeFiles/remote_cube_sentry.elf.dir/USB_DEVICE/Target/usbd_conf.c.obj
                0x08008afc                HAL_PCD_ConnectCallback
 .text.HAL_PCD_DisconnectCallback
                0x08008b08        0xc CMakeFiles/remote_cube_sentry.elf.dir/USB_DEVICE/Target/usbd_conf.c.obj
                0x08008b08                HAL_PCD_DisconnectCallback
 .text.USBD_LL_IsStallEP
                0x08008b14       0x2e CMakeFiles/remote_cube_sentry.elf.dir/USB_DEVICE/Target/usbd_conf.c.obj
                0x08008b14                USBD_LL_IsStallEP
 .text.USBD_Get_USB_Status
                0x08008b42       0x14 CMakeFiles/remote_cube_sentry.elf.dir/USB_DEVICE/Target/usbd_conf.c.obj
                0x08008b42                USBD_Get_USB_Status
 .text.USBD_LL_OpenEP
                0x08008b56       0x16 CMakeFiles/remote_cube_sentry.elf.dir/USB_DEVICE/Target/usbd_conf.c.obj
                0x08008b56                USBD_LL_OpenEP
 .text.USBD_LL_StallEP
                0x08008b6c       0x10 CMakeFiles/remote_cube_sentry.elf.dir/USB_DEVICE/Target/usbd_conf.c.obj
                0x08008b6c                USBD_LL_StallEP
 .text.USBD_LL_ClearStallEP
                0x08008b7c       0x10 CMakeFiles/remote_cube_sentry.elf.dir/USB_DEVICE/Target/usbd_conf.c.obj
                0x08008b7c                USBD_LL_ClearStallEP
 .text.USBD_LL_SetUSBAddress
                0x08008b8c       0x10 CMakeFiles/remote_cube_sentry.elf.dir/USB_DEVICE/Target/usbd_conf.c.obj
                0x08008b8c                USBD_LL_SetUSBAddress
 .text.USBD_LL_Transmit
                0x08008b9c       0x10 CMakeFiles/remote_cube_sentry.elf.dir/USB_DEVICE/Target/usbd_conf.c.obj
                0x08008b9c                USBD_LL_Transmit
 .text.USBD_LL_PrepareReceive
                0x08008bac       0x10 CMakeFiles/remote_cube_sentry.elf.dir/USB_DEVICE/Target/usbd_conf.c.obj
                0x08008bac                USBD_LL_PrepareReceive
 .text.imu_cali_slove
                0x08008bbc       0xbc CMakeFiles/remote_cube_sentry.elf.dir/application/Atti.c.obj
 .text.imu_temp_control
                0x08008c78       0xa0 CMakeFiles/remote_cube_sentry.elf.dir/application/Atti.c.obj
 .text.imu_cmd_spi_dma
                0x08008d18      0x180 CMakeFiles/remote_cube_sentry.elf.dir/application/Atti.c.obj
 .text.INS_task
                0x08008e98      0x268 CMakeFiles/remote_cube_sentry.elf.dir/application/Atti.c.obj
                0x08008e98                INS_task
 .text.gyro_offset_calc
                0x08009100       0x54 CMakeFiles/remote_cube_sentry.elf.dir/application/Atti.c.obj
                0x08009100                gyro_offset_calc
 .text.INS_cali_gyro
                0x08009154       0x48 CMakeFiles/remote_cube_sentry.elf.dir/application/Atti.c.obj
                0x08009154                INS_cali_gyro
 .text.INS_set_cali_gyro
                0x0800919c       0x28 CMakeFiles/remote_cube_sentry.elf.dir/application/Atti.c.obj
                0x0800919c                INS_set_cali_gyro
 .text.HAL_GPIO_EXTI_Callback
                0x080091c4       0x94 CMakeFiles/remote_cube_sentry.elf.dir/application/Atti.c.obj
                0x080091c4                HAL_GPIO_EXTI_Callback
 .text.DMA2_Stream2_IRQHandler
                0x08009258      0x6b0 CMakeFiles/remote_cube_sentry.elf.dir/application/Atti.c.obj
                0x08009258                DMA2_Stream2_IRQHandler
 .text.cali_gimbal_hook
                0x08009908       0x1a CMakeFiles/remote_cube_sentry.elf.dir/application/Calibrate.c.obj
 *fill*         0x08009922        0x2 
 .text.cali_gyro_hook
                0x08009924       0x58 CMakeFiles/remote_cube_sentry.elf.dir/application/Calibrate.c.obj
 .text.cali_head_hook
                0x0800997c       0x44 CMakeFiles/remote_cube_sentry.elf.dir/application/Calibrate.c.obj
 .text.RC_cmd_to_calibrate
                0x080099c0      0x304 CMakeFiles/remote_cube_sentry.elf.dir/application/Calibrate.c.obj
 .text.cali_data_write
                0x08009cc4       0x70 CMakeFiles/remote_cube_sentry.elf.dir/application/Calibrate.c.obj
 .text.cali_data_read
                0x08009d34       0x90 CMakeFiles/remote_cube_sentry.elf.dir/application/Calibrate.c.obj
 .text.calibrate_task
                0x08009dc4       0xa0 CMakeFiles/remote_cube_sentry.elf.dir/application/Calibrate.c.obj
                0x08009dc4                calibrate_task
 .text.get_control_temperature
                0x08009e64        0xc CMakeFiles/remote_cube_sentry.elf.dir/application/Calibrate.c.obj
                0x08009e64                get_control_temperature
 .text.cali_param_init
                0x08009e70       0x78 CMakeFiles/remote_cube_sentry.elf.dir/application/Calibrate.c.obj
                0x08009e70                cali_param_init
 .text.chassis_task
                0x08009ee8       0x34 CMakeFiles/remote_cube_sentry.elf.dir/application/Chassis.c.obj
                0x08009ee8                chassis_task
 .text.detect_init
                0x08009f1c       0x30 CMakeFiles/remote_cube_sentry.elf.dir/application/Detection.c.obj
 .text.offline_remind
                0x08009f4c       0x64 CMakeFiles/remote_cube_sentry.elf.dir/application/Detection.c.obj
                0x08009f4c                offline_remind
 .text.detect_task
                0x08009fb0       0xe4 CMakeFiles/remote_cube_sentry.elf.dir/application/Detection.c.obj
                0x08009fb0                detect_task
 .text.LoRa_SendCmd
                0x0800a094       0xc8 CMakeFiles/remote_cube_sentry.elf.dir/application/Lora.c.obj
                0x0800a094                LoRa_SendCmd
 .text.LoRa_T_V_Attach
                0x0800a15c       0xc8 CMakeFiles/remote_cube_sentry.elf.dir/application/Lora.c.obj
                0x0800a15c                LoRa_T_V_Attach
 .text.sbus_to_rc
                0x0800a224      0x130 CMakeFiles/remote_cube_sentry.elf.dir/application/remote.c.obj
 .text.remote_control_init
                0x0800a354       0x14 CMakeFiles/remote_cube_sentry.elf.dir/application/remote.c.obj
                0x0800a354                remote_control_init
 .text.USART3_IRQHandler
                0x0800a368       0xe4 CMakeFiles/remote_cube_sentry.elf.dir/application/remote.c.obj
                0x0800a368                USART3_IRQHandler
 .text.adcx_get_chx_value
                0x0800a44c       0x3c CMakeFiles/remote_cube_sentry.elf.dir/bsp/bsp_adc.c.obj
 .text.get_temprate
                0x0800a488       0x48 CMakeFiles/remote_cube_sentry.elf.dir/bsp/bsp_adc.c.obj
                0x0800a488                get_temprate
 .text.buzzer_on
                0x0800a4d0       0x10 CMakeFiles/remote_cube_sentry.elf.dir/bsp/bsp_buzzer.c.obj
                0x0800a4d0                buzzer_on
 .text.buzzer_off
                0x0800a4e0       0x10 CMakeFiles/remote_cube_sentry.elf.dir/bsp/bsp_buzzer.c.obj
                0x0800a4e0                buzzer_off
 .text.delay_init
                0x0800a4f0       0x34 CMakeFiles/remote_cube_sentry.elf.dir/bsp/bsp_delay.c.obj
                0x0800a4f0                delay_init
 .text.delay_us
                0x0800a524       0x40 CMakeFiles/remote_cube_sentry.elf.dir/bsp/bsp_delay.c.obj
                0x0800a524                delay_us
 .text.flash_read
                0x0800a564       0x10 CMakeFiles/remote_cube_sentry.elf.dir/bsp/bsp_flash.c.obj
                0x0800a564                flash_read
 .text.ger_sector
                0x0800a574       0xc2 CMakeFiles/remote_cube_sentry.elf.dir/bsp/bsp_flash.c.obj
                0x0800a574                ger_sector
 .text.flash_erase_address
                0x0800a636       0x2a CMakeFiles/remote_cube_sentry.elf.dir/bsp/bsp_flash.c.obj
                0x0800a636                flash_erase_address
 .text.get_next_flash_address
                0x0800a660       0xf0 CMakeFiles/remote_cube_sentry.elf.dir/bsp/bsp_flash.c.obj
                0x0800a660                get_next_flash_address
 .text.flash_write_single_address
                0x0800a750       0x80 CMakeFiles/remote_cube_sentry.elf.dir/bsp/bsp_flash.c.obj
                0x0800a750                flash_write_single_address
 .text.imu_pwm_set
                0x0800a7d0        0xc CMakeFiles/remote_cube_sentry.elf.dir/bsp/bsp_imu_pwm.c.obj
                0x0800a7d0                imu_pwm_set
 .text.aRGB_led_show
                0x0800a7dc       0x50 CMakeFiles/remote_cube_sentry.elf.dir/bsp/bsp_led.c.obj
                0x0800a7dc                aRGB_led_show
 .text.RC_Init  0x0800a82c       0x68 CMakeFiles/remote_cube_sentry.elf.dir/bsp/bsp_rc.c.obj
                0x0800a82c                RC_Init
 .text.RC_unable
                0x0800a894       0x14 CMakeFiles/remote_cube_sentry.elf.dir/bsp/bsp_rc.c.obj
                0x0800a894                RC_unable
 .text.RC_restart
                0x0800a8a8       0x40 CMakeFiles/remote_cube_sentry.elf.dir/bsp/bsp_rc.c.obj
                0x0800a8a8                RC_restart
 .text.SPI1_DMA_init
                0x0800a8e8      0x114 CMakeFiles/remote_cube_sentry.elf.dir/bsp/bsp_spi.c.obj
                0x0800a8e8                SPI1_DMA_init
 .text.SPI1_DMA_enable
                0x0800a9fc     0x1d78 CMakeFiles/remote_cube_sentry.elf.dir/bsp/bsp_spi.c.obj
                0x0800a9fc                SPI1_DMA_enable
 .text.AHRS_init
                0x0800c774       0x10 CMakeFiles/remote_cube_sentry.elf.dir/component/algorithm/AHRS.c.obj
                0x0800c774                AHRS_init
 .text.MahonyAHRSupdateIMU
                0x0800c784      0x278 CMakeFiles/remote_cube_sentry.elf.dir/component/algorithm/AHRS.c.obj
                0x0800c784                MahonyAHRSupdateIMU
 .text.MahonyAHRSupdate
                0x0800c9fc      0x3f4 CMakeFiles/remote_cube_sentry.elf.dir/component/algorithm/AHRS.c.obj
                0x0800c9fc                MahonyAHRSupdate
 .text.AHRS_update
                0x0800cdf0       0x2c CMakeFiles/remote_cube_sentry.elf.dir/component/algorithm/AHRS.c.obj
                0x0800cdf0                AHRS_update
 .text.get_angle
                0x0800ce1c       0xbc CMakeFiles/remote_cube_sentry.elf.dir/component/algorithm/AHRS.c.obj
                0x0800ce1c                get_angle
 .text.AHRS_invSqrt
                0x0800ced8       0x10 CMakeFiles/remote_cube_sentry.elf.dir/component/algorithm/AHRS_MiddleWare.c.obj
                0x0800ced8                AHRS_invSqrt
 .text.CANCommResetRx
                0x0800cee8       0x1c CMakeFiles/remote_cube_sentry.elf.dir/component/comunication/can_common.c.obj
 .text.CANCommRxCallback
                0x0800cf04       0xb6 CMakeFiles/remote_cube_sentry.elf.dir/component/comunication/can_common.c.obj
                0x0800cf04                CANCommRxCallback
 .text.abs_limit
                0x0800cfba       0x2a CMakeFiles/remote_cube_sentry.elf.dir/component/controller/PID.c.obj
 .text.pid_init
                0x0800cfe4       0x12 CMakeFiles/remote_cube_sentry.elf.dir/component/controller/PID.c.obj
                0x0800cfe4                pid_init
 .text.pid_calc
                0x0800cff6       0x88 CMakeFiles/remote_cube_sentry.elf.dir/component/controller/PID.c.obj
                0x0800cff6                pid_calc
 .text.BMI088_GPIO_init
                0x0800d07e        0x2 CMakeFiles/remote_cube_sentry.elf.dir/component/devices/BMI088Middleware.c.obj
                0x0800d07e                BMI088_GPIO_init
 .text.BMI088_com_init
                0x0800d080        0x2 CMakeFiles/remote_cube_sentry.elf.dir/component/devices/BMI088Middleware.c.obj
                0x0800d080                BMI088_com_init
 .text.BMI088_delay_ms
                0x0800d082        0x8 CMakeFiles/remote_cube_sentry.elf.dir/component/devices/BMI088Middleware.c.obj
                0x0800d082                BMI088_delay_ms
 .text.BMI088_delay_us
                0x0800d08a        0x8 CMakeFiles/remote_cube_sentry.elf.dir/component/devices/BMI088Middleware.c.obj
                0x0800d08a                BMI088_delay_us
 *fill*         0x0800d092        0x2 
 .text.BMI088_ACCEL_NS_L
                0x0800d094       0x14 CMakeFiles/remote_cube_sentry.elf.dir/component/devices/BMI088Middleware.c.obj
                0x0800d094                BMI088_ACCEL_NS_L
 .text.BMI088_ACCEL_NS_H
                0x0800d0a8       0x14 CMakeFiles/remote_cube_sentry.elf.dir/component/devices/BMI088Middleware.c.obj
                0x0800d0a8                BMI088_ACCEL_NS_H
 .text.BMI088_GYRO_NS_L
                0x0800d0bc       0x14 CMakeFiles/remote_cube_sentry.elf.dir/component/devices/BMI088Middleware.c.obj
                0x0800d0bc                BMI088_GYRO_NS_L
 .text.BMI088_GYRO_NS_H