Archive member included to satisfy reference by file (symbol)

c:/progra~2/armgnu~1/12977f~1.2mp/bin/../lib/gcc/arm-none-eabi/12.2.1/thumb/v7e-m+fp/hard\libgcc.a(_arm_muldf3.o)
                              CMakeFiles/omni-infantry.elf.dir/application/Chassis.c.obj (__aeabi_dmul)
c:/progra~2/armgnu~1/12977f~1.2mp/bin/../lib/gcc/arm-none-eabi/12.2.1/thumb/v7e-m+fp/hard\libgcc.a(_arm_addsubdf3.o)
                              CMakeFiles/omni-infantry.elf.dir/application/Chassis.c.obj (__aeabi_dadd)
c:/progra~2/armgnu~1/12977f~1.2mp/bin/../lib/gcc/arm-none-eabi/12.2.1/thumb/v7e-m+fp/hard\libgcc.a(_arm_cmpdf2.o)
                              CMakeFiles/omni-infantry.elf.dir/application/Chassis.c.obj (__aeabi_dcmplt)
c:/progra~2/armgnu~1/12977f~1.2mp/bin/../lib/gcc/arm-none-eabi/12.2.1/thumb/v7e-m+fp/hard\libgcc.a(_arm_truncdfsf2.o)
                              CMakeFiles/omni-infantry.elf.dir/application/Chassis.c.obj (__aeabi_d2f)
c:/progra~2/armgnu~1/12977f~1.2mp/bin/../lib/gcc/arm-none-eabi/12.2.1/thumb/v7e-m+fp/hard\libgcc.a(_aeabi_uldivmod.o)
                              CMakeFiles/omni-infantry.elf.dir/Drivers/STM32F4xx_HAL_Driver/Src/stm32f4xx_hal_rcc.c.obj (__aeabi_uldivmod)
c:/progra~2/armgnu~1/12977f~1.2mp/bin/../lib/gcc/arm-none-eabi/12.2.1/thumb/v7e-m+fp/hard\libgcc.a(_udivmoddi4.o)
                              c:/progra~2/armgnu~1/12977f~1.2mp/bin/../lib/gcc/arm-none-eabi/12.2.1/thumb/v7e-m+fp/hard\libgcc.a(_aeabi_uldivmod.o) (__udivmoddi4)
c:/progra~2/armgnu~1/12977f~1.2mp/bin/../lib/gcc/arm-none-eabi/12.2.1/thumb/v7e-m+fp/hard\libgcc.a(_dvmd_tls.o)
                              c:/progra~2/armgnu~1/12977f~1.2mp/bin/../lib/gcc/arm-none-eabi/12.2.1/thumb/v7e-m+fp/hard\libgcc.a(_aeabi_uldivmod.o) (__aeabi_ldiv0)
c:/progra~2/armgnu~1/12977f~1.2mp/bin/../lib/gcc/arm-none-eabi/12.2.1/thumb/v7e-m+fp/hard\libg.a(libc_a-assert.o)
                              CMakeFiles/omni-infantry.elf.dir/component/algorithm/STL.c.obj (__assert_func)
c:/progra~2/armgnu~1/12977f~1.2mp/bin/../lib/gcc/arm-none-eabi/12.2.1/thumb/v7e-m+fp/hard\libg.a(libc_a-exit.o)
                              c:/progra~2/armgnu~1/12977f~1.2mp/bin/../lib/gcc/arm-none-eabi/12.2.1/thumb/v7e-m+fp/hard/crt0.o (exit)
c:/progra~2/armgnu~1/12977f~1.2mp/bin/../lib/gcc/arm-none-eabi/12.2.1/thumb/v7e-m+fp/hard\libg.a(libc_a-malloc.o)
                              CMakeFiles/omni-infantry.elf.dir/component/algorithm/STL.c.obj (malloc)
c:/progra~2/armgnu~1/12977f~1.2mp/bin/../lib/gcc/arm-none-eabi/12.2.1/thumb/v7e-m+fp/hard\libg.a(libc_a-mallocr.o)
                              c:/progra~2/armgnu~1/12977f~1.2mp/bin/../lib/gcc/arm-none-eabi/12.2.1/thumb/v7e-m+fp/hard\libg.a(libc_a-malloc.o) (_malloc_r)
c:/progra~2/armgnu~1/12977f~1.2mp/bin/../lib/gcc/arm-none-eabi/12.2.1/thumb/v7e-m+fp/hard\libg.a(libc_a-mlock.o)
                              c:/progra~2/armgnu~1/12977f~1.2mp/bin/../lib/gcc/arm-none-eabi/12.2.1/thumb/v7e-m+fp/hard\libg.a(libc_a-mallocr.o) (__malloc_lock)
c:/progra~2/armgnu~1/12977f~1.2mp/bin/../lib/gcc/arm-none-eabi/12.2.1/thumb/v7e-m+fp/hard\libg.a(libc_a-fiprintf.o)
                              c:/progra~2/armgnu~1/12977f~1.2mp/bin/../lib/gcc/arm-none-eabi/12.2.1/thumb/v7e-m+fp/hard\libg.a(libc_a-assert.o) (fiprintf)
c:/progra~2/armgnu~1/12977f~1.2mp/bin/../lib/gcc/arm-none-eabi/12.2.1/thumb/v7e-m+fp/hard\libg.a(libc_a-vfiprintf.o)
                              c:/progra~2/armgnu~1/12977f~1.2mp/bin/../lib/gcc/arm-none-eabi/12.2.1/thumb/v7e-m+fp/hard\libg.a(libc_a-fiprintf.o) (_vfiprintf_r)
c:/progra~2/armgnu~1/12977f~1.2mp/bin/../lib/gcc/arm-none-eabi/12.2.1/thumb/v7e-m+fp/hard\libg.a(libc_a-fflush.o)
                              c:/progra~2/armgnu~1/12977f~1.2mp/bin/../lib/gcc/arm-none-eabi/12.2.1/thumb/v7e-m+fp/hard\libg.a(libc_a-vfiprintf.o) (_fflush_r)
c:/progra~2/armgnu~1/12977f~1.2mp/bin/../lib/gcc/arm-none-eabi/12.2.1/thumb/v7e-m+fp/hard\libg.a(libc_a-findfp.o)
                              c:/progra~2/armgnu~1/12977f~1.2mp/bin/../lib/gcc/arm-none-eabi/12.2.1/thumb/v7e-m+fp/hard\libg.a(libc_a-fflush.o) (__sglue)
c:/progra~2/armgnu~1/12977f~1.2mp/bin/../lib/gcc/arm-none-eabi/12.2.1/thumb/v7e-m+fp/hard\libg.a(libc_a-fvwrite.o)
                              c:/progra~2/armgnu~1/12977f~1.2mp/bin/../lib/gcc/arm-none-eabi/12.2.1/thumb/v7e-m+fp/hard\libg.a(libc_a-vfiprintf.o) (__sfvwrite_r)
c:/progra~2/armgnu~1/12977f~1.2mp/bin/../lib/gcc/arm-none-eabi/12.2.1/thumb/v7e-m+fp/hard\libg.a(libc_a-fwalk.o)
                              c:/progra~2/armgnu~1/12977f~1.2mp/bin/../lib/gcc/arm-none-eabi/12.2.1/thumb/v7e-m+fp/hard\libg.a(libc_a-fflush.o) (_fwalk_sglue)
c:/progra~2/armgnu~1/12977f~1.2mp/bin/../lib/gcc/arm-none-eabi/12.2.1/thumb/v7e-m+fp/hard\libg.a(libc_a-puts.o)
                              CMakeFiles/omni-infantry.elf.dir/component/algorithm/STL.c.obj (puts)
c:/progra~2/armgnu~1/12977f~1.2mp/bin/../lib/gcc/arm-none-eabi/12.2.1/thumb/v7e-m+fp/hard\libg.a(libc_a-stdio.o)
[...]
Memory Configuration

Name             Origin             Length             Attributes
CCMRAM           0x10000000         0x00010000         xrw
RAM              0x20000000         0x00020000         xrw
FLASH            0x08000000         0x00100000         xr
*default*        0x00000000         0xffffffff

Linker script and memory map

LOAD c:/progra~2/armgnu~1/12977f~1.2mp/bin/../lib/gcc/arm-none-eabi/12.2.1/thumb/v7e-m+fp/hard/crti.o
LOAD c:/progra~2/armgnu~1/12977f~1.2mp/bin/../lib/gcc/arm-none-eabi/12.2.1/thumb/v7e-m+fp/hard/crtbegin.o
LOAD c:/progra~2/armgnu~1/12977f~1.2mp/bin/../lib/gcc/arm-none-eabi/12.2.1/thumb/v7e-m+fp/hard/crt0.o
LOAD CMakeFiles/omni-infantry.elf.dir/Core/Src/adc.c.obj
LOAD CMakeFiles/omni-infantry.elf.dir/Core/Src/can.c.obj
LOAD CMakeFiles/omni-infantry.elf.dir/Core/Src/crc.c.obj
LOAD CMakeFiles/omni-infantry.elf.dir/Core/Src/dma.c.obj
LOAD CMakeFiles/omni-infantry.elf.dir/Core/Src/freertos.c.obj
LOAD CMakeFiles/omni-infantry.elf.dir/Core/Src/gpio.c.obj
LOAD CMakeFiles/omni-infantry.elf.dir/Core/Src/main.c.obj
LOAD CMakeFiles/omni-infantry.elf.dir/Core/Src/rng.c.obj
LOAD CMakeFiles/omni-infantry.elf.dir/Core/Src/spi.c.obj
LOAD CMakeFiles/omni-infantry.elf.dir/Core/Src/stm32f4xx_hal_msp.c.obj
LOAD CMakeFiles/omni-infantry.elf.dir/Core/Src/stm32f4xx_it.c.obj
LOAD CMakeFiles/omni-infantry.elf.dir/Core/Src/syscalls.c.obj
LOAD CMakeFiles/omni-infantry.elf.dir/Core/Src/sysmem.c.obj
LOAD CMakeFiles/omni-infantry.elf.dir/Core/Src/system_stm32f4xx.c.obj
LOAD CMakeFiles/omni-infantry.elf.dir/Core/Src/tim.c.obj
LOAD CMakeFiles/omni-infantry.elf.dir/Core/Src/usart.c.obj
LOAD CMakeFiles/omni-infantry.elf.dir/Core/Startup/startup_stm32f407ighx.s.obj
LOAD CMakeFiles/omni-infantry.elf.dir/Drivers/STM32F4xx_HAL_Driver/Src/stm32f4xx_hal.c.obj
LOAD CMakeFiles/omni-infantry.elf.dir/Drivers/STM32F4xx_HAL_Driver/Src/stm32f4xx_hal_adc.c.obj
LOAD CMakeFiles/omni-infantry.elf.dir/Drivers/STM32F4xx_HAL_Driver/Src/stm32f4xx_hal_adc_ex.c.obj
LOAD CMakeFiles/omni-infantry.elf.dir/Drivers/STM32F4xx_HAL_Driver/Src/stm32f4xx_hal_can.c.obj
LOAD CMakeFiles/omni-infantry.elf.dir/Drivers/STM32F4xx_HAL_Driver/Src/stm32f4xx_hal_cortex.c.obj
LOAD CMakeFiles/omni-infantry.elf.dir/Drivers/STM32F4xx_HAL_Driver/Src/stm32f4xx_hal_crc.c.obj
LOAD CMakeFiles/omni-infantry.elf.dir/Drivers/STM32F4xx_HAL_Driver/Src/stm32f4xx_hal_dma.c.obj
LOAD CMakeFiles/omni-infantry.elf.dir/Drivers/STM32F4xx_HAL_Driver/Src/stm32f4xx_hal_dma_ex.c.obj
LOAD CMakeFiles/omni-infantry.elf.dir/Drivers/STM32F4xx_HAL_Driver/Src/stm32f4xx_hal_exti.c.obj
LOAD CMakeFiles/omni-infantry.elf.dir/Drivers/STM32F4xx_HAL_Driver/Src/stm32f4xx_hal_flash.c.obj
LOAD CMakeFiles/omni-infantry.elf.dir/Drivers/STM32F4xx_HAL_Driver/Src/stm32f4xx_hal_flash_ex.c.obj
LOAD CMakeFiles/omni-infantry.elf.dir/Drivers/STM32F4xx_HAL_Driver/Src/stm32f4xx_hal_flash_ramfunc.c.obj
LOAD CMakeFiles/omni-infantry.elf.dir/Drivers/STM32F4xx_HAL_Driver/Src/stm32f4xx_hal_gpio.c.obj
LOAD CMakeFiles/omni-infantry.elf.dir/Drivers/STM32F4xx_HAL_Driver/Src/stm32f4xx_hal_pcd.c.obj
LOAD CMakeFiles/omni-infantry.elf.dir/Drivers/STM32F4xx_HAL_Driver/Src/stm32f4xx_hal_pcd_ex.c.obj
LOAD CMakeFiles/omni-infantry.elf.dir/Drivers/STM32F4xx_HAL_Driver/Src/stm32f4xx_hal_pwr.c.obj
LOAD CMakeFiles/omni-infantry.elf.dir/Drivers/STM32F4xx_HAL_Driver/Src/stm32f4xx_hal_pwr_ex.c.obj
LOAD CMakeFiles/omni-infantry.elf.dir/Drivers/STM32F4xx_HAL_Driver/Src/stm32f4xx_hal_rcc.c.obj
LOAD CMakeFiles/omni-infantry.elf.dir/Drivers/STM32F4xx_HAL_Driver/Src/stm32f4xx_hal_rcc_ex.c.obj
LOAD CMakeFiles/omni-infantry.elf.dir/Drivers/STM32F4xx_HAL_Driver/Src/stm32f4xx_hal_rng.c.obj
LOAD CMakeFiles/omni-infantry.elf.dir/Drivers/STM32F4xx_HAL_Driver/Src/stm32f4xx_hal_spi.c.obj
LOAD CMakeFiles/omni-infantry.elf.dir/Drivers/STM32F4xx_HAL_Driver/Src/stm32f4xx_hal_tim.c.obj
LOAD CMakeFiles/omni-infantry.elf.dir/Drivers/STM32F4xx_HAL_Driver/Src/stm32f4xx_hal_tim_ex.c.obj
LOAD CMakeFiles/omni-infantry.elf.dir/Drivers/STM32F4xx_HAL_Driver/Src/stm32f4xx_hal_uart.c.obj
LOAD CMakeFiles/omni-infantry.elf.dir/Drivers/STM32F4xx_HAL_Driver/Src/stm32f4xx_ll_adc.c.obj
LOAD CMakeFiles/omni-infantry.elf.dir/Drivers/STM32F4xx_HAL_Driver/Src/stm32f4xx_ll_usb.c.obj
LOAD CMakeFiles/omni-infantry.elf.dir/Middlewares/ST/STM32_USB_Device_Library/Class/CDC/Src/usbd_cdc.c.obj
LOAD CMakeFiles/omni-infantry.elf.dir/Middlewares/ST/STM32_USB_Device_Library/Core/Src/usbd_core.c.obj
LOAD CMakeFiles/omni-infantry.elf.dir/Middlewares/ST/STM32_USB_Device_Library/Core/Src/usbd_ctlreq.c.obj
LOAD CMakeFiles/omni-infantry.elf.dir/Middlewares/ST/STM32_USB_Device_Library/Core/Src/usbd_ioreq.c.obj
LOAD CMakeFiles/omni-infantry.elf.dir/Middlewares/Third_Party/FreeRTOS/Source/CMSIS_RTOS/cmsis_os.c.obj
LOAD CMakeFiles/omni-infantry.elf.dir/Middlewares/Third_Party/FreeRTOS/Source/croutine.c.obj
LOAD CMakeFiles/omni-infantry.elf.dir/Middlewares/Third_Party/FreeRTOS/Source/event_groups.c.obj
LOAD CMakeFiles/omni-infantry.elf.dir/Middlewares/Third_Party/FreeRTOS/Source/list.c.obj
LOAD CMakeFiles/omni-infantry.elf.dir/Middlewares/Third_Party/FreeRTOS/Source/portable/GCC/ARM_CM4F/port.c.obj
LOAD CMakeFiles/omni-infantry.elf.dir/Middlewares/Third_Party/FreeRTOS/Source/portable/MemMang/heap_4.c.obj
LOAD CMakeFiles/omni-infantry.elf.dir/Middlewares/Third_Party/FreeRTOS/Source/queue.c.obj
LOAD CMakeFiles/omni-infantry.elf.dir/Middlewares/Third_Party/FreeRTOS/Source/stream_buffer.c.obj
LOAD CMakeFiles/omni-infantry.elf.dir/Middlewares/Third_Party/FreeRTOS/Source/tasks.c.obj
LOAD CMakeFiles/omni-infantry.elf.dir/Middlewares/Third_Party/FreeRTOS/Source/timers.c.obj
LOAD CMakeFiles/omni-infantry.elf.dir/USB_DEVICE/App/usb_device.c.obj
LOAD CMakeFiles/omni-infantry.elf.dir/USB_DEVICE/App/usbd_cdc_if.c.obj
LOAD CMakeFiles/omni-infantry.elf.dir/USB_DEVICE/App/usbd_desc.c.obj
LOAD CMakeFiles/omni-infantry.elf.dir/USB_DEVICE/Target/usbd_conf.c.obj
LOAD CMakeFiles/omni-infantry.elf.dir/application/Atti.c.obj
LOAD CMakeFiles/omni-infantry.elf.dir/application/Auto.c.obj
LOAD CMakeFiles/omni-infantry.elf.dir/application/Calibrate.c.obj
LOAD CMakeFiles/omni-infantry.elf.dir/application/Cap.c.obj
LOAD CMakeFiles/omni-infantry.elf.dir/application/Chassis.c.obj
LOAD CMakeFiles/omni-infantry.elf.dir/application/Detection.c.obj
LOAD CMakeFiles/omni-infantry.elf.dir/application/Gimbal.c.obj
LOAD CMakeFiles/omni-infantry.elf.dir/application/Referee.c.obj
LOAD CMakeFiles/omni-infantry.elf.dir/application/can_receive.c.obj
LOAD CMakeFiles/omni-infantry.elf.dir/application/key_board.c.obj
LOAD CMakeFiles/omni-infantry.elf.dir/application/launcher.c.obj
LOAD CMakeFiles/omni-infantry.elf.dir/application/remote.c.obj
LOAD CMakeFiles/omni-infantry.elf.dir/application/usb_task.c.obj
LOAD CMakeFiles/omni-infantry.elf.dir/bsp/bsp_adc.c.obj
LOAD CMakeFiles/omni-infantry.elf.dir/bsp/bsp_buzzer.c.obj
LOAD CMakeFiles/omni-infantry.elf.dir/bsp/bsp_can.c.obj
LOAD CMakeFiles/omni-infantry.elf.dir/bsp/bsp_cap.c.obj
LOAD CMakeFiles/omni-infantry.elf.dir/bsp/bsp_crc32.c.obj
LOAD CMakeFiles/omni-infantry.elf.dir/bsp/bsp_delay.c.obj
LOAD CMakeFiles/omni-infantry.elf.dir/bsp/bsp_flash.c.obj
LOAD CMakeFiles/omni-infantry.elf.dir/bsp/bsp_i2c.c.obj
LOAD CMakeFiles/omni-infantry.elf.dir/bsp/bsp_imu_pwm.c.obj
LOAD CMakeFiles/omni-infantry.elf.dir/bsp/bsp_laser.c.obj
LOAD CMakeFiles/omni-infantry.elf.dir/bsp/bsp_led.c.obj
LOAD CMakeFiles/omni-infantry.elf.dir/bsp/bsp_rc.c.obj
LOAD CMakeFiles/omni-infantry.elf.dir/bsp/bsp_servo_pwm.c.obj
LOAD CMakeFiles/omni-infantry.elf.dir/bsp/bsp_spi.c.obj
LOAD CMakeFiles/omni-infantry.elf.dir/bsp/bsp_usart.c.obj
LOAD CMakeFiles/omni-infantry.elf.dir/component/algorithm/AHRS.c.obj
LOAD CMakeFiles/omni-infantry.elf.dir/component/algorithm/AHRS_MiddleWare.c.obj
LOAD CMakeFiles/omni-infantry.elf.dir/component/algorithm/STL.c.obj
LOAD CMakeFiles/omni-infantry.elf.dir/component/algorithm/filter.c.obj
LOAD CMakeFiles/omni-infantry.elf.dir/component/algorithm/ramp.c.obj
LOAD CMakeFiles/omni-infantry.elf.dir/component/algorithm/user_lib.c.obj
LOAD CMakeFiles/omni-infantry.elf.dir/component/comunication/decode.c.obj
LOAD CMakeFiles/omni-infantry.elf.dir/component/comunication/packet.c.obj
LOAD CMakeFiles/omni-infantry.elf.dir/component/controller/PID.c.obj
LOAD CMakeFiles/omni-infantry.elf.dir/component/devices/BMI088Middleware.c.obj
LOAD CMakeFiles/omni-infantry.elf.dir/component/devices/BMI088driver.c.obj
LOAD CMakeFiles/omni-infantry.elf.dir/component/devices/test.c.obj
LOAD CMakeFiles/omni-infantry.elf.dir/component/support/CRC8_CRC16.c.obj
LOAD CMakeFiles/omni-infantry.elf.dir/component/support/fifo.c.obj
LOAD CMakeFiles/omni-infantry.elf.dir/component/support/mem_mang4.c.obj
START GROUP
LOAD c:/progra~2/armgnu~1/12977f~1.2mp/bin/../lib/gcc/arm-none-eabi/12.2.1/thumb/v7e-m+fp/hard\libgcc.a
LOAD c:/progra~2/armgnu~1/12977f~1.2mp/bin/../lib/gcc/arm-none-eabi/12.2.1/thumb/v7e-m+fp/hard\libg.a
LOAD c:/progra~2/armgnu~1/12977f~1.2mp/bin/../lib/gcc/arm-none-eabi/12.2.1/thumb/v7e-m+fp/hard\libc.a
END GROUP
LOAD c:/progra~2/armgnu~1/12977f~1.2mp/bin/../lib/gcc/arm-none-eabi/12.2.1/thumb/v7e-m+fp/hard/crtend.o
LOAD c:/progra~2/armgnu~1/12977f~1.2mp/bin/../lib/gcc/arm-none-eabi/12.2.1/thumb/v7e-m+fp/hard/crtn.o
                0x20020000                        _estack = (ORIGIN (RAM) + LENGTH (RAM))
                0x00002000                        _Min_Heap_Size = 0x2000
                0x00002000                        _Min_Stack_Size = 0x2000

.isr_vector     0x08000000      0x188
                0x08000000                        . = ALIGN (0x4)
 *(.isr_vector)
 .isr_vector    0x08000000      0x188 CMakeFiles/omni-infantry.elf.dir/Core/Startup/startup_stm32f407ighx.s.obj
                0x08000000                g_pfnVectors
                0x08000188                        . = ALIGN (0x4)

.text           0x080001c0    0x1a9dc
                0x080001c0                        . = ALIGN (0x4)
 *(.text)
 .text          0x080001c0      0x378 c:/progra~2/armgnu~1/12977f~1.2mp/bin/../lib/gcc/arm-none-eabi/12.2.1/thumb/v7e-m+fp/hard\libgcc.a(_arm_addsubdf3.o)
                0x080001c0                __aeabi_drsub
                0x080001c8                __aeabi_dsub
                0x080001c8                __subdf3
                0x080001cc                __aeabi_dadd
                0x080001cc                __adddf3
                0x08000444                __floatunsidf
                0x08000444                __aeabi_ui2d
                0x08000464                __floatsidf
                0x08000464                __aeabi_i2d
                0x08000488                __aeabi_f2d
                0x08000488                __extendsfdf2
                0x080004cc                __floatundidf
                0x080004cc                __aeabi_ul2d
                0x080004dc                __floatdidf
                0x080004dc                __aeabi_l2d
 .text          0x08000538      0x110 c:/progra~2/armgnu~1/12977f~1.2mp/bin/../lib/gcc/arm-none-eabi/12.2.1/thumb/v7e-m+fp/hard\libgcc.a(_arm_cmpdf2.o)
                0x08000538                __gtdf2
                0x08000538                __gedf2
                0x08000540                __ltdf2
                0x08000540                __ledf2
                0x08000548                __nedf2
                0x08000548                __eqdf2
                0x08000548                __cmpdf2
                0x080005c4                __aeabi_cdrcmple
                0x080005d4                __aeabi_cdcmpeq
                0x080005d4                __aeabi_cdcmple
                0x080005e4                __aeabi_dcmpeq
                0x080005f8                __aeabi_dcmplt
                0x0800060c                __aeabi_dcmple
                0x08000620                __aeabi_dcmpge
                0x08000634                __aeabi_dcmpgt
 .text          0x08000648       0xa0 c:/progra~2/armgnu~1/12977f~1.2mp/bin/../lib/gcc/arm-none-eabi/12.2.1/thumb/v7e-m+fp/hard\libgcc.a(_arm_truncdfsf2.o)
                0x08000648                __truncdfsf2
                0x08000648                __aeabi_d2f
 .text          0x080006e8       0x30 c:/progra~2/armgnu~1/12977f~1.2mp/bin/../lib/gcc/arm-none-eabi/12.2.1/thumb/v7e-m+fp/hard\libgcc.a(_aeabi_uldivmod.o)
                0x080006e8                __aeabi_uldivmod
 .text          0x08000718        0x4 c:/progra~2/armgnu~1/12977f~1.2mp/bin/../lib/gcc/arm-none-eabi/12.2.1/thumb/v7e-m+fp/hard\libgcc.a(_dvmd_tls.o)
                0x08000718                __aeabi_idiv0
                0x08000718                __aeabi_ldiv0
 *fill*         0x0800071c        0x4 
 .text          0x08000720       0xa0 c:/progra~2/armgnu~1/12977f~1.2mp/bin/../lib/gcc/arm-none-eabi/12.2.1/thumb/v7e-m+fp/hard\libg.a(libc_a-memchr.o)
                0x08000720                memchr
 .text          0x080007c0      0x134 c:/progra~2/armgnu~1/12977f~1.2mp/bin/../lib/gcc/arm-none-eabi/12.2.1/thumb/v7e-m+fp/hard\libg.a(libc_a-memcpy.o)
                0x080007c0                memcpy
 *fill*         0x080008f4        0xc 
 .text          0x08000900       0xd8 c:/progra~2/armgnu~1/12977f~1.2mp/bin/../lib/gcc/arm-none-eabi/12.2.1/thumb/v7e-m+fp/hard\libg.a(libc_a-strlen.o)
                0x08000900                strlen
 .text          0x080009d8      0x424 c:/progra~2/armgnu~1/12977f~1.2mp/bin/../lib/gcc/arm-none-eabi/12.2.1/thumb/v7e-m+fp/hard\libgcc.a(_arm_muldivdf3.o)
                0x080009d8                __aeabi_dmul
                0x080009d8                __muldf3
                0x08000c2c                __divdf3
                0x08000c2c                __aeabi_ddiv
 .text          0x08000dfc       0x2c c:/progra~2/armgnu~1/12977f~1.2mp/bin/../lib/gcc/arm-none-eabi/12.2.1/thumb/v7e-m+fp/hard\libgcc.a(_arm_unorddf2.o)
                0x08000dfc                __unorddf2
                0x08000dfc                __aeabi_dcmpun
 .text          0x08000e28       0x50 c:/progra~2/armgnu~1/12977f~1.2mp/bin/../lib/gcc/arm-none-eabi/12.2.1/thumb/v7e-m+fp/hard\libgcc.a(_arm_fixdfsi.o)
                0x08000e28                __aeabi_d2iz
                0x08000e28                __fixdfsi
 *(.text*)
 .text.deregister_tm_clones
                0x08000e78       0x1c c:/progra~2/armgnu~1/12977f~1.2mp/bin/../lib/gcc/arm-none-eabi/12.2.1/thumb/v7e-m+fp/hard/crtbegin.o
 .text.register_tm_clones
                0x08000e94       0x24 c:/progra~2/armgnu~1/12977f~1.2mp/bin/../lib/gcc/arm-none-eabi/12.2.1/thumb/v7e-m+fp/hard/crtbegin.o
 .text.__do_global_dtors_aux
                0x08000eb8       0x28 c:/progra~2/armgnu~1/12977f~1.2mp/bin/../lib/gcc/arm-none-eabi/12.2.1/thumb/v7e-m+fp/hard/crtbegin.o
 .text.frame_dummy
                0x08000ee0       0x24 c:/progra~2/armgnu~1/12977f~1.2mp/bin/../lib/gcc/arm-none-eabi/12.2.1/thumb/v7e-m+fp/hard/crtbegin.o
 .text.MX_ADC1_Init
                0x08000f04       0x70 CMakeFiles/omni-infantry.elf.dir/Core/Src/adc.c.obj
                0x08000f04                MX_ADC1_Init
 .text.HAL_ADC_MspInit
                0x08000f74       0x30 CMakeFiles/omni-infantry.elf.dir/Core/Src/adc.c.obj
                0x08000f74                HAL_ADC_MspInit
 .text.MX_CAN1_Init
                0x08000fa4       0x44 CMakeFiles/omni-infantry.elf.dir/Core/Src/can.c.obj
                0x08000fa4                MX_CAN1_Init
 .text.MX_CAN2_Init
                0x08000fe8       0x44 CMakeFiles/omni-infantry.elf.dir/Core/Src/can.c.obj
                0x08000fe8                MX_CAN2_Init
 .text.HAL_CAN_MspInit
                0x0800102c      0x128 CMakeFiles/omni-infantry.elf.dir/Core/Src/can.c.obj
                0x0800102c                HAL_CAN_MspInit
 .text.MX_CRC_Init
                0x08001154       0x20 CMakeFiles/omni-infantry.elf.dir/Core/Src/crc.c.obj
                0x08001154                MX_CRC_Init
 .text.HAL_CRC_MspInit
                0x08001174       0x30 CMakeFiles/omni-infantry.elf.dir/Core/Src/crc.c.obj
                0x08001174                HAL_CRC_MspInit
 .text.MX_DMA_Init
                0x080011a4       0xb8 CMakeFiles/omni-infantry.elf.dir/Core/Src/dma.c.obj
                0x080011a4                MX_DMA_Init
 .text.StartDefaultTask
                0x0800125c        0xe CMakeFiles/omni-infantry.elf.dir/Core/Src/freertos.c.obj
                0x0800125c                StartDefaultTask
 *fill*         0x0800126a        0x2 
 .text.vApplicationGetIdleTaskMemory
                0x0800126c       0x18 CMakeFiles/omni-infantry.elf.dir/Core/Src/freertos.c.obj
                0x0800126c                vApplicationGetIdleTaskMemory
 .text.MX_FREERTOS_Init
                0x08001284      0x1fc CMakeFiles/omni-infantry.elf.dir/Core/Src/freertos.c.obj
                0x08001284                MX_FREERTOS_Init
 .text.MX_GPIO_Init
                0x08001480      0x1b0 CMakeFiles/omni-infantry.elf.dir/Core/Src/gpio.c.obj
                0x08001480                MX_GPIO_Init
 .text.SystemClock_Config
                0x08001630       0x98 CMakeFiles/omni-infantry.elf.dir/Core/Src/main.c.obj
                0x08001630                SystemClock_Config
 .text.main     0x080016c8       0xb8 CMakeFiles/omni-infantry.elf.dir/Core/Src/main.c.obj
                0x080016c8                main
 .text.Error_Handler
                0x08001780        0x2 CMakeFiles/omni-infantry.elf.dir/Core/Src/main.c.obj
                0x08001780                Error_Handler
 *fill*         0x08001782        0x2 
 .text.MX_RNG_Init
                0x08001784       0x20 CMakeFiles/omni-infantry.elf.dir/Core/Src/rng.c.obj
                0x08001784                MX_RNG_Init
 .text.HAL_RNG_MspInit
                0x080017a4       0x30 CMakeFiles/omni-infantry.elf.dir/Core/Src/rng.c.obj
                0x080017a4                HAL_RNG_MspInit
 .text.MX_SPI1_Init
                0x080017d4       0x48 CMakeFiles/omni-infantry.elf.dir/Core/Src/spi.c.obj
                0x080017d4                MX_SPI1_Init
 .text.MX_SPI2_Init
                0x0800181c       0x44 CMakeFiles/omni-infantry.elf.dir/Core/Src/spi.c.obj
                0x0800181c                MX_SPI2_Init
 .text.HAL_SPI_MspInit
                0x08001860      0x1bc CMakeFiles/omni-infantry.elf.dir/Core/Src/spi.c.obj
                0x08001860                HAL_SPI_MspInit
 .text.HAL_MspInit
                0x08001a1c       0x44 CMakeFiles/omni-infantry.elf.dir/Core/Src/stm32f4xx_hal_msp.c.obj
                0x08001a1c                HAL_MspInit
 .text.NMI_Handler
                0x08001a60        0x2 CMakeFiles/omni-infantry.elf.dir/Core/Src/stm32f4xx_it.c.obj
                0x08001a60                NMI_Handler
 .text.HardFault_Handler
                0x08001a62        0x2 CMakeFiles/omni-infantry.elf.dir/Core/Src/stm32f4xx_it.c.obj
                0x08001a62                HardFault_Handler
 .text.MemManage_Handler
                0x08001a64        0x2 CMakeFiles/omni-infantry.elf.dir/Core/Src/stm32f4xx_it.c.obj
                0x08001a64                MemManage_Handler
 .text.BusFault_Handler
                0x08001a66        0x2 CMakeFiles/omni-infantry.elf.dir/Core/Src/stm32f4xx_it.c.obj
                0x08001a66                BusFault_Handler
 .text.UsageFault_Handler
                0x08001a68        0x2 CMakeFiles/omni-infantry.elf.dir/Core/Src/stm32f4xx_it.c.obj
                0x08001a68                UsageFault_Handler
 .text.DebugMon_Handler
                0x08001a6a        0x2 CMakeFiles/omni-infantry.elf.dir/Core/Src/stm32f4xx_it.c.obj
                0x08001a6a                DebugMon_Handler
 .text.SysTick_Handler
                0x08001a6c       0x16 CMakeFiles/omni-infantry.elf.dir/Core/Src/stm32f4xx_it.c.obj
                0x08001a6c                SysTick_Handler
 .text.EXTI0_IRQHandler
                0x08001a82        0xa CMakeFiles/omni-infantry.elf.dir/Core/Src/stm32f4xx_it.c.obj
                0x08001a82                EXTI0_IRQHandler
 .text.EXTI4_IRQHandler
                0x08001a8c        0xa CMakeFiles/omni-infantry.elf.dir/Core/Src/stm32f4xx_it.c.obj
                0x08001a8c                EXTI4_IRQHandler
 *fill*         0x08001a96        0x2 
 .text.DMA1_Stream1_IRQHandler
                0x08001a98       0x10 CMakeFiles/omni-infantry.elf.dir/Core/Src/stm32f4xx_it.c.obj
                0x08001a98                DMA1_Stream1_IRQHandler
 .text.DMA1_Stream4_IRQHandler
                0x08001aa8       0x10 CMakeFiles/omni-infantry.elf.dir/Core/Src/stm32f4xx_it.c.obj
                0x08001aa8                DMA1_Stream4_IRQHandler
 .text.CAN1_RX0_IRQHandler
                0x08001ab8       0x10 CMakeFiles/omni-infantry.elf.dir/Core/Src/stm32f4xx_it.c.obj
                0x08001ab8                CAN1_RX0_IRQHandler
 .text.EXTI9_5_IRQHandler
                0x08001ac8        0xa CMakeFiles/omni-infantry.elf.dir/Core/Src/stm32f4xx_it.c.obj
                0x08001ac8                EXTI9_5_IRQHandler
 *fill*         0x08001ad2        0x2 
 .text.DMA2_Stream1_IRQHandler
                0x08001ad4       0x10 CMakeFiles/omni-infantry.elf.dir/Core/Src/stm32f4xx_it.c.obj
                0x08001ad4                DMA2_Stream1_IRQHandler
 .text.DMA2_Stream3_IRQHandler
                0x08001ae4       0x10 CMakeFiles/omni-infantry.elf.dir/Core/Src/stm32f4xx_it.c.obj
                0x08001ae4                DMA2_Stream3_IRQHandler
 .text.CAN2_RX0_IRQHandler
                0x08001af4       0x10 CMakeFiles/omni-infantry.elf.dir/Core/Src/stm32f4xx_it.c.obj
                0x08001af4                CAN2_RX0_IRQHandler
 .text.OTG_FS_IRQHandler
                0x08001b04       0x10 CMakeFiles/omni-infantry.elf.dir/Core/Src/stm32f4xx_it.c.obj
                0x08001b04                OTG_FS_IRQHandler
 .text.DMA2_Stream5_IRQHandler
                0x08001b14       0x10 CMakeFiles/omni-infantry.elf.dir/Core/Src/stm32f4xx_it.c.obj
                0x08001b14                DMA2_Stream5_IRQHandler
 .text.DMA2_Stream6_IRQHandler
                0x08001b24       0x10 CMakeFiles/omni-infantry.elf.dir/Core/Src/stm32f4xx_it.c.obj
                0x08001b24                DMA2_Stream6_IRQHandler
 .text.DMA2_Stream7_IRQHandler
                0x08001b34       0x10 CMakeFiles/omni-infantry.elf.dir/Core/Src/stm32f4xx_it.c.obj
                0x08001b34                DMA2_Stream7_IRQHandler
 .text._getpid  0x08001b44        0x4 CMakeFiles/omni-infantry.elf.dir/Core/Src/syscalls.c.obj
                0x08001b44                _getpid
 .text._kill    0x08001b48       0x10 CMakeFiles/omni-infantry.elf.dir/Core/Src/syscalls.c.obj
                0x08001b48                _kill
 .text._exit    0x08001b58        0xc CMakeFiles/omni-infantry.elf.dir/Core/Src/syscalls.c.obj
                0x08001b58                _exit
 .text._read    0x08001b64       0x20 CMakeFiles/omni-infantry.elf.dir/Core/Src/syscalls.c.obj
                0x08001b64                _read
 .text._write   0x08001b84       0x1c CMakeFiles/omni-infantry.elf.dir/Core/Src/syscalls.c.obj
                0x08001b84                _write
 .text._close   0x08001ba0        0x6 CMakeFiles/omni-infantry.elf.dir/Core/Src/syscalls.c.obj
                0x08001ba0                _close
 .text._fstat   0x08001ba6        0xa CMakeFiles/omni-infantry.elf.dir/Core/Src/syscalls.c.obj
                0x08001ba6                _fstat
 .text._isatty  0x08001bb0        0x4 CMakeFiles/omni-infantry.elf.dir/Core/Src/syscalls.c.obj
                0x08001bb0                _isatty
 .text._lseek   0x08001bb4        0x4 CMakeFiles/omni-infantry.elf.dir/Core/Src/syscalls.c.obj
                0x08001bb4                _lseek
 .text._sbrk    0x08001bb8       0x48 CMakeFiles/omni-infantry.elf.dir/Core/Src/sysmem.c.obj
                0x08001bb8                _sbrk
 .text.SystemInit
                0x08001c00       0x14 CMakeFiles/omni-infantry.elf.dir/Core/Src/system_stm32f4xx.c.obj
                0x08001c00                SystemInit
 .text.HAL_TIM_PWM_MspInit
                0x08001c14       0x78 CMakeFiles/omni-infantry.elf.dir/Core/Src/tim.c.obj
                0x08001c14                HAL_TIM_PWM_MspInit
 .text.HAL_TIM_Base_MspInit
                0x08001c8c       0x78 CMakeFiles/omni-infantry.elf.dir/Core/Src/tim.c.obj
                0x08001c8c                HAL_TIM_Base_MspInit
 .text.HAL_TIM_MspPostInit
                0x08001d04      0x220 CMakeFiles/omni-infantry.elf.dir/Core/Src/tim.c.obj
                0x08001d04                HAL_TIM_MspPostInit
 .text.MX_TIM1_Init
                0x08001f24       0xf8 CMakeFiles/omni-infantry.elf.dir/Core/Src/tim.c.obj
                0x08001f24                MX_TIM1_Init
 .text.MX_TIM3_Init
                0x0800201c       0x80 CMakeFiles/omni-infantry.elf.dir/Core/Src/tim.c.obj
                0x0800201c                MX_TIM3_Init
 .text.MX_TIM4_Init
                0x0800209c       0xb0 CMakeFiles/omni-infantry.elf.dir/Core/Src/tim.c.obj
                0x0800209c                MX_TIM4_Init
 .text.MX_TIM5_Init
                0x0800214c       0xd4 CMakeFiles/omni-infantry.elf.dir/Core/Src/tim.c.obj
                0x0800214c                MX_TIM5_Init
 .text.MX_TIM8_Init
                0x08002220       0xd4 CMakeFiles/omni-infantry.elf.dir/Core/Src/tim.c.obj
                0x08002220                MX_TIM8_Init
 .text.MX_TIM10_Init
                0x080022f4       0x74 CMakeFiles/omni-infantry.elf.dir/Core/Src/tim.c.obj
                0x080022f4                MX_TIM10_Init
 .text.MX_USART1_UART_Init
                0x08002368       0x34 CMakeFiles/omni-infantry.elf.dir/Core/Src/usart.c.obj
                0x08002368                MX_USART1_UART_Init
 .text.MX_USART3_UART_Init
                0x0800239c       0x3c CMakeFiles/omni-infantry.elf.dir/Core/Src/usart.c.obj
                0x0800239c                MX_USART3_UART_Init
 .text.MX_USART6_UART_Init
                0x080023d8       0x34 CMakeFiles/omni-infantry.elf.dir/Core/Src/usart.c.obj
                0x080023d8                MX_USART6_UART_Init
 .text.HAL_UART_MspInit
                0x0800240c      0x2d0 CMakeFiles/omni-infantry.elf.dir/Core/Src/usart.c.obj
                0x0800240c                HAL_UART_MspInit
 .text.Reset_Handler
                0x080026dc       0x50 CMakeFiles/omni-infantry.elf.dir/Core/Startup/startup_stm32f407ighx.s.obj
                0x080026dc                Reset_Handler
 .text.Default_Handler
                0x0800272c        0x2 CMakeFiles/omni-infantry.elf.dir/Core/Startup/startup_stm32f407ighx.s.obj
                0x0800272c                RTC_Alarm_IRQHandler
                0x0800272c                HASH_RNG_IRQHandler
                0x0800272c                EXTI2_IRQHandler
                0x0800272c                TIM8_CC_IRQHandler
                0x0800272c                TIM1_CC_IRQHandler
                0x0800272c                DMA1_Stream5_IRQHandler
                0x0800272c                PVD_IRQHandler
                0x0800272c                SDIO_IRQHandler
                0x0800272c                TAMP_STAMP_IRQHandler
                0x0800272c                CAN2_RX1_IRQHandler
                0x0800272c                EXTI3_IRQHandler
                0x0800272c                TIM8_TRG_COM_TIM14_IRQHandler
                0x0800272c                TIM1_UP_TIM10_IRQHandler
                0x0800272c                TIM8_UP_TIM13_IRQHandler
                0x0800272c                I2C3_ER_IRQHandler
                0x0800272c                I2C2_EV_IRQHandler
                0x0800272c                DMA1_Stream2_IRQHandler
                0x0800272c                FPU_IRQHandler
                0x0800272c                OTG_HS_WKUP_IRQHandler
                0x0800272c                CAN2_SCE_IRQHandler
                0x0800272c                SPI1_IRQHandler
                0x0800272c                TIM6_DAC_IRQHandler
                0x0800272c                TIM1_BRK_TIM9_IRQHandler
                0x0800272c                DCMI_IRQHandler
                0x0800272c                CAN1_RX1_IRQHandler
                0x0800272c                UART5_IRQHandler
                0x0800272c                DMA2_Stream0_IRQHandler
                0x0800272c                TIM4_IRQHandler
                0x0800272c                I2C1_EV_IRQHandler
                0x0800272c                DMA1_Stream6_IRQHandler
                0x0800272c                UART4_IRQHandler
                0x0800272c                TIM3_IRQHandler
                0x0800272c                RCC_IRQHandler
                0x0800272c                TIM8_BRK_TIM12_IRQHandler
                0x0800272c                Default_Handler
                0x0800272c                EXTI15_10_IRQHandler
                0x0800272c                ADC_IRQHandler
                0x0800272c                DMA1_Stream7_IRQHandler
                0x0800272c                TIM7_IRQHandler
                0x0800272c                CAN2_TX_IRQHandler
                0x0800272c                TIM5_IRQHandler
                0x0800272c                I2C3_EV_IRQHandler
                0x0800272c                RTC_WKUP_IRQHandler
                0x0800272c                ETH_WKUP_IRQHandler
                0x0800272c                SPI2_IRQHandler
                0x0800272c                OTG_HS_EP1_IN_IRQHandler
                0x0800272c                DMA1_Stream0_IRQHandler
                0x0800272c                CAN1_TX_IRQHandler
                0x0800272c                FSMC_IRQHandler
                0x0800272c                ETH_IRQHandler
                0x0800272c                OTG_HS_EP1_OUT_IRQHandler
                0x0800272c                WWDG_IRQHandler
                0x0800272c                TIM2_IRQHandler
                0x0800272c                OTG_FS_WKUP_IRQHandler
                0x0800272c                TIM1_TRG_COM_TIM11_IRQHandler
                0x0800272c                OTG_HS_IRQHandler
                0x0800272c                EXTI1_IRQHandler
                0x0800272c                USART2_IRQHandler
                0x0800272c                I2C2_ER_IRQHandler
                0x0800272c                CAN1_SCE_IRQHandler
                0x0800272c                FLASH_IRQHandler
                0x0800272c                DMA2_Stream4_IRQHandler
                0x0800272c                SPI3_IRQHandler
                0x0800272c                I2C1_ER_IRQHandler
                0x0800272c                DMA1_Stream3_IRQHandler
 *fill*         0x0800272e        0x2 
 .text.HAL_InitTick
                0x08002730       0x4c CMakeFiles/omni-infantry.elf.dir/Drivers/STM32F4xx_HAL_Driver/Src/stm32f4xx_hal.c.obj
                0x08002730                HAL_InitTick
 .text.HAL_Init
                0x0800277c       0x34 CMakeFiles/omni-infantry.elf.dir/Drivers/STM32F4xx_HAL_Driver/Src/stm32f4xx_hal.c.obj
                0x0800277c                HAL_Init
 .text.HAL_IncTick
                0x080027b0       0x18 CMakeFiles/omni-infantry.elf.dir/Drivers/STM32F4xx_HAL_Driver/Src/stm32f4xx_hal.c.obj
                0x080027b0                HAL_IncTick
 .text.HAL_GetTick
                0x080027c8        0xc CMakeFiles/omni-infantry.elf.dir/Drivers/STM32F4xx_HAL_Driver/Src/stm32f4xx_hal.c.obj
                0x080027c8                HAL_GetTick
 .text.HAL_Delay
                0x080027d4       0x28 CMakeFiles/omni-infantry.elf.dir/Drivers/STM32F4xx_HAL_Driver/Src/stm32f4xx_hal.c.obj
                0x080027d4                HAL_Delay
 .text.ADC_Init
                0x080027fc      0x134 CMakeFiles/omni-infantry.elf.dir/Drivers/STM32F4xx_HAL_Driver/Src/stm32f4xx_hal_adc.c.obj
 .text.HAL_ADC_Init
                0x08002930       0x56 CMakeFiles/omni-infantry.elf.dir/Drivers/STM32F4xx_HAL_Driver/Src/stm32f4xx_hal_adc.c.obj
                0x08002930                HAL_ADC_Init
 *fill*         0x08002986        0x2 
 .text.HAL_ADC_Start
                0x08002988      0x144 CMakeFiles/omni-infantry.elf.dir/Drivers/STM32F4xx_HAL_Driver/Src/stm32f4xx_hal_adc.c.obj
                0x08002988                HAL_ADC_Start
 .text.HAL_ADC_PollForConversion
                0x08002acc       0xb8 CMakeFiles/omni-infantry.elf.dir/Drivers/STM32F4xx_HAL_Driver/Src/stm32f4xx_hal_adc.c.obj
                0x08002acc                HAL_ADC_PollForConversion
 .text.HAL_ADC_GetValue
                0x08002b84        0x6 CMakeFiles/omni-infantry.elf.dir/Drivers/STM32F4xx_HAL_Driver/Src/stm32f4xx_hal_adc.c.obj
                0x08002b84                HAL_ADC_GetValue
 *fill*         0x08002b8a        0x2 
 .text.HAL_ADC_ConfigChannel
                0x08002b8c      0x194 CMakeFiles/omni-infantry.elf.dir/Drivers/STM32F4xx_HAL_Driver/Src/stm32f4xx_hal_adc.c.obj
                0x08002b8c                HAL_ADC_ConfigChannel
 .text.HAL_CAN_Init
                0x08002d20      0x14c CMakeFiles/omni-infantry.elf.dir/Drivers/STM32F4xx_HAL_Driver/Src/stm32f4xx_hal_can.c.obj
                0x08002d20                HAL_CAN_Init
 .text.HAL_CAN_ConfigFilter
                0x08002e6c      0x138 CMakeFiles/omni-infantry.elf.dir/Drivers/STM32F4xx_HAL_Driver/Src/stm32f4xx_hal_can.c.obj
                0x08002e6c                HAL_CAN_ConfigFilter
 .text.HAL_CAN_Start
                0x08002fa4       0x5c CMakeFiles/omni-infantry.elf.dir/Drivers/STM32F4xx_HAL_Driver/Src/stm32f4xx_hal_can.c.obj
                0x08002fa4                HAL_CAN_Start
 .text.HAL_CAN_AddTxMessage
                0x08003000       0xfc CMakeFiles/omni-infantry.elf.dir/Drivers/STM32F4xx_HAL_Driver/Src/stm32f4xx_hal_can.c.obj
                0x08003000                HAL_CAN_AddTxMessage
 .text.HAL_CAN_GetRxMessage
                0x080030fc      0x14a CMakeFiles/omni-infantry.elf.dir/Drivers/STM32F4xx_HAL_Driver/Src/stm32f4xx_hal_can.c.obj
                0x080030fc                HAL_CAN_GetRxMessage
 .text.HAL_CAN_ActivateNotification
                0x08003246       0x24 CMakeFiles/omni-infantry.elf.dir/Drivers/STM32F4xx_HAL_Driver/Src/stm32f4xx_hal_can.c.obj
                0x08003246                HAL_CAN_ActivateNotification
 .text.HAL_CAN_TxMailbox0CompleteCallback
                0x0800326a        0x2 CMakeFiles/omni-infantry.elf.dir/Drivers/STM32F4xx_HAL_Driver/Src/stm32f4xx_hal_can.c.obj
                0x0800326a                HAL_CAN_TxMailbox0CompleteCallback
 .text.HAL_CAN_TxMailbox1CompleteCallback
                0x0800326c        0x2 CMakeFiles/omni-infantry.elf.dir/Drivers/STM32F4xx_HAL_Driver/Src/stm32f4xx_hal_can.c.obj
                0x0800326c                HAL_CAN_TxMailbox1CompleteCallback
 .text.HAL_CAN_TxMailbox2CompleteCallback
                0x0800326e        0x2 CMakeFiles/omni-infantry.elf.dir/Drivers/STM32F4xx_HAL_Driver/Src/stm32f4xx_hal_can.c.obj
                0x0800326e                HAL_CAN_TxMailbox2CompleteCallback
 .text.HAL_CAN_TxMailbox0AbortCallback
                0x08003270        0x2 CMakeFiles/omni-infantry.elf.dir/Drivers/STM32F4xx_HAL_Driver/Src/stm32f4xx_hal_can.c.obj
                0x08003270                HAL_CAN_TxMailbox0AbortCallback
 .text.HAL_CAN_TxMailbox1AbortCallback
                0x08003272        0x2 CMakeFiles/omni-infantry.elf.dir/Drivers/STM32F4xx_HAL_Driver/Src/stm32f4xx_hal_can.c.obj
                0x08003272                HAL_CAN_TxMailbox1AbortCallback
 .text.HAL_CAN_TxMailbox2AbortCallback
                0x08003274        0x2 CMakeFiles/omni-infantry.elf.dir/Drivers/STM32F4xx_HAL_Driver/Src/stm32f4xx_hal_can.c.obj
                0x08003274                HAL_CAN_TxMailbox2AbortCallback
 .text.HAL_CAN_RxFifo0FullCallback
                0x08003276        0x2 CMakeFiles/omni-infantry.elf.dir/Drivers/STM32F4xx_HAL_Driver/Src/stm32f4xx_hal_can.c.obj
                0x08003276                HAL_CAN_RxFifo0FullCallback
 .text.HAL_CAN_RxFifo1MsgPendingCallback
                0x08003278        0x2 CMakeFiles/omni-infantry.elf.dir/Drivers/STM32F4xx_HAL_Driver/Src/stm32f4xx_hal_can.c.obj
                0x08003278                HAL_CAN_RxFifo1MsgPendingCallback
 .text.HAL_CAN_RxFifo1FullCallback
                0x0800327a        0x2 CMakeFiles/omni-infantry.elf.dir/Drivers/STM32F4xx_HAL_Driver/Src/stm32f4xx_hal_can.c.obj
                0x0800327a                HAL_CAN_RxFifo1FullCallback
 .text.HAL_CAN_SleepCallback
                0x0800327c        0x2 CMakeFiles/omni-infantry.elf.dir/Drivers/STM32F4xx_HAL_Driver/Src/stm32f4xx_hal_can.c.obj
                0x0800327c                HAL_CAN_SleepCallback
 .text.HAL_CAN_WakeUpFromRxMsgCallback
                0x0800327e        0x2 CMakeFiles/omni-infantry.elf.dir/Drivers/STM32F4xx_HAL_Driver/Src/stm32f4xx_hal_can.c.obj
                0x0800327e                HAL_CAN_WakeUpFromRxMsgCallback
 .text.HAL_CAN_ErrorCallback
                0x08003280        0x2 CMakeFiles/omni-infantry.elf.dir/Drivers/STM32F4xx_HAL_Driver/Src/stm32f4xx_hal_can.c.obj
                0x08003280                HAL_CAN_ErrorCallback
 .text.HAL_CAN_IRQHandler
                0x08003282      0x24a CMakeFiles/omni-infantry.elf.dir/Drivers/STM32F4xx_HAL_Driver/Src/stm32f4xx_hal_can.c.obj
                0x08003282                HAL_CAN_IRQHandler
 .text.__NVIC_SetPriority
                0x080034cc       0x28 CMakeFiles/omni-infantry.elf.dir/Drivers/STM32F4xx_HAL_Driver/Src/stm32f4xx_hal_cortex.c.obj
 .text.NVIC_EncodePriority
                0x080034f4       0x3e CMakeFiles/omni-infantry.elf.dir/Drivers/STM32F4xx_HAL_Driver/Src/stm32f4xx_hal_cortex.c.obj
 *fill*         0x08003532        0x2 
 .text.HAL_NVIC_SetPriorityGrouping
                0x08003534       0x24 CMakeFiles/omni-infantry.elf.dir/Drivers/STM32F4xx_HAL_Driver/Src/stm32f4xx_hal_cortex.c.obj
                0x08003534                HAL_NVIC_SetPriorityGrouping
 .text.HAL_NVIC_SetPriority
                0x08003558       0x20 CMakeFiles/omni-infantry.elf.dir/Drivers/STM32F4xx_HAL_Driver/Src/stm32f4xx_hal_cortex.c.obj
                0x08003558                HAL_NVIC_SetPriority
 .text.HAL_NVIC_EnableIRQ
                0x08003578       0x1c CMakeFiles/omni-infantry.elf.dir/Drivers/STM32F4xx_HAL_Driver/Src/stm32f4xx_hal_cortex.c.obj
                0x08003578                HAL_NVIC_EnableIRQ
 .text.HAL_SYSTICK_Config
                0x08003594       0x28 CMakeFiles/omni-infantry.elf.dir/Drivers/STM32F4xx_HAL_Driver/Src/stm32f4xx_hal_cortex.c.obj
                0x08003594                HAL_SYSTICK_Config
 .text.HAL_CRC_Init
                0x080035bc       0x1e CMakeFiles/omni-infantry.elf.dir/Drivers/STM32F4xx_HAL_Driver/Src/stm32f4xx_hal_crc.c.obj
                0x080035bc                HAL_CRC_Init
 .text.DMA_SetConfig
                0x080035da       0x2c CMakeFiles/omni-infantry.elf.dir/Drivers/STM32F4xx_HAL_Driver/Src/stm32f4xx_hal_dma.c.obj
 *fill*         0x08003606        0x2 
 .text.DMA_CalcBaseAndBitshift
                0x08003608       0x44 CMakeFiles/omni-infantry.elf.dir/Drivers/STM32F4xx_HAL_Driver/Src/stm32f4xx_hal_dma.c.obj
 .text.DMA_CheckFifoParam
                0x0800364c       0x8e CMakeFiles/omni-infantry.elf.dir/Drivers/STM32F4xx_HAL_Driver/Src/stm32f4xx_hal_dma.c.obj
 *fill*         0x080036da        0x2 
 .text.HAL_DMA_Init
                0x080036dc       0xcc CMakeFiles/omni-infantry.elf.dir/Drivers/STM32F4xx_HAL_Driver/Src/stm32f4xx_hal_dma.c.obj
                0x080036dc                HAL_DMA_Init
 .text.HAL_DMA_Start_IT
                0x080037a8       0x6a CMakeFiles/omni-infantry.elf.dir/Drivers/STM32F4xx_HAL_Driver/Src/stm32f4xx_hal_dma.c.obj
                0x080037a8                HAL_DMA_Start_IT
 *fill*         0x08003812        0x2 
 .text.HAL_DMA_IRQHandler
                0x08003814      0x1dc CMakeFiles/omni-infantry.elf.dir/Drivers/STM32F4xx_HAL_Driver/Src/stm32f4xx_hal_dma.c.obj
                0x08003814                HAL_DMA_IRQHandler
 .text.HAL_DMA_GetState
                0x080039f0        0x6 CMakeFiles/omni-infantry.elf.dir/Drivers/STM32F4xx_HAL_Driver/Src/stm32f4xx_hal_dma.c.obj
                0x080039f0                HAL_DMA_GetState
 *fill*         0x080039f6        0x2 
 .text.FLASH_Program_DoubleWord
                0x080039f8       0x30 CMakeFiles/omni-infantry.elf.dir/Drivers/STM32F4xx_HAL_Driver/Src/stm32f4xx_hal_flash.c.obj
 .text.FLASH_Program_Word
                0x08003a28       0x24 CMakeFiles/omni-infantry.elf.dir/Drivers/STM32F4xx_HAL_Driver/Src/stm32f4xx_hal_flash.c.obj
 .text.FLASH_Program_HalfWord
                0x08003a4c       0x24 CMakeFiles/omni-infantry.elf.dir/Drivers/STM32F4xx_HAL_Driver/Src/stm32f4xx_hal_flash.c.obj
 .text.FLASH_Program_Byte
                0x08003a70       0x20 CMakeFiles/omni-infantry.elf.dir/Drivers/STM32F4xx_HAL_Driver/Src/stm32f4xx_hal_flash.c.obj
 .text.FLASH_SetErrorCode
                0x08003a90       0x8c CMakeFiles/omni-infantry.elf.dir/Drivers/STM32F4xx_HAL_Driver/Src/stm32f4xx_hal_flash.c.obj
 .text.HAL_FLASH_Unlock
                0x08003b1c       0x30 CMakeFiles/omni-infantry.elf.dir/Drivers/STM32F4xx_HAL_Driver/Src/stm32f4xx_hal_flash.c.obj
                0x08003b1c                HAL_FLASH_Unlock
 .text.HAL_FLASH_Lock
                0x08003b4c       0x14 CMakeFiles/omni-infantry.elf.dir/Drivers/STM32F4xx_HAL_Driver/Src/stm32f4xx_hal_flash.c.obj
                0x08003b4c                HAL_FLASH_Lock
 .text.FLASH_WaitForLastOperation
                0x08003b60       0x60 CMakeFiles/omni-infantry.elf.dir/Drivers/STM32F4xx_HAL_Driver/Src/stm32f4xx_hal_flash.c.obj
                0x08003b60                FLASH_WaitForLastOperation
 .text.HAL_FLASH_Program
                0x08003bc0       0x7c CMakeFiles/omni-infantry.elf.dir/Drivers/STM32F4xx_HAL_Driver/Src/stm32f4xx_hal_flash.c.obj
                0x08003bc0                HAL_FLASH_Program
 .text.FLASH_MassErase
                0x08003c3c       0x24 CMakeFiles/omni-infantry.elf.dir/Drivers/STM32F4xx_HAL_Driver/Src/stm32f4xx_hal_flash_ex.c.obj
 .text.FLASH_Erase_Sector
                0x08003c60       0x4c CMakeFiles/omni-infantry.elf.dir/Drivers/STM32F4xx_HAL_Driver/Src/stm32f4xx_hal_flash_ex.c.obj
                0x08003c60                FLASH_Erase_Sector
 .text.FLASH_FlushCaches
                0x08003cac       0x60 CMakeFiles/omni-infantry.elf.dir/Drivers/STM32F4xx_HAL_Driver/Src/stm32f4xx_hal_flash_ex.c.obj
                0x08003cac                FLASH_FlushCaches
 .text.HAL_FLASHEx_Erase
                0x08003d0c       0x94 CMakeFiles/omni-infantry.elf.dir/Drivers/STM32F4xx_HAL_Driver/Src/stm32f4xx_hal_flash_ex.c.obj
                0x08003d0c                HAL_FLASHEx_Erase
 .text.HAL_GPIO_Init
                0x08003da0      0x1ec CMakeFiles/omni-infantry.elf.dir/Drivers/STM32F4xx_HAL_Driver/Src/stm32f4xx_hal_gpio.c.obj
                0x08003da0                HAL_GPIO_Init
 .text.HAL_GPIO_WritePin
                0x08003f8c        0xc CMakeFiles/omni-infantry.elf.dir/Drivers/STM32F4xx_HAL_Driver/Src/stm32f4xx_hal_gpio.c.obj
                0x08003f8c                HAL_GPIO_WritePin
 .text.HAL_GPIO_EXTI_IRQHandler
                0x08003f98       0x1c CMakeFiles/omni-infantry.elf.dir/Drivers/STM32F4xx_HAL_Driver/Src/stm32f4xx_hal_gpio.c.obj
                0x08003f98                HAL_GPIO_EXTI_IRQHandler
 .text.PCD_WriteEmptyTxFifo
                0x08003fb4       0xd0 CMakeFiles/omni-infantry.elf.dir/Drivers/STM32F4xx_HAL_Driver/Src/stm32f4xx_hal_pcd.c.obj
 .text.HAL_PCD_Init
                0x08004084      0x12e CMakeFiles/omni-infantry.elf.dir/Drivers/STM32F4xx_HAL_Driver/Src/stm32f4xx_hal_pcd.c.obj
                0x08004084                HAL_PCD_Init
 .text.HAL_PCD_Start
                0x080041b2       0x42 CMakeFiles/omni-infantry.elf.dir/Drivers/STM32F4xx_HAL_Driver/Src/stm32f4xx_hal_pcd.c.obj
                0x080041b2                HAL_PCD_Start
 .text.PCD_EP_OutXfrComplete_int
                0x080041f4      0x104 CMakeFiles/omni-infantry.elf.dir/Drivers/STM32F4xx_HAL_Driver/Src/stm32f4xx_hal_pcd.c.obj
 .text.PCD_EP_OutSetupPacket_int
                0x080042f8       0x50 CMakeFiles/omni-infantry.elf.dir/Drivers/STM32F4xx_HAL_Driver/Src/stm32f4xx_hal_pcd.c.obj
 .text.HAL_PCD_SetAddress
                0x08004348       0x28 CMakeFiles/omni-infantry.elf.dir/Drivers/STM32F4xx_HAL_Driver/Src/stm32f4xx_hal_pcd.c.obj
                0x08004348                HAL_PCD_SetAddress
 .text.HAL_PCD_EP_Open
                0x08004370       0x8a CMakeFiles/omni-infantry.elf.dir/Drivers/STM32F4xx_HAL_Driver/Src/stm32f4xx_hal_pcd.c.obj
                0x08004370                HAL_PCD_EP_Open
 .text.HAL_PCD_EP_Close
                0x080043fa       0x72 CMakeFiles/omni-infantry.elf.dir/Drivers/STM32F4xx_HAL_Driver/Src/stm32f4xx_hal_pcd.c.obj
                0x080043fa                HAL_PCD_EP_Close
 .text.HAL_PCD_EP_Receive
                0x0800446c       0x5e CMakeFiles/omni-infantry.elf.dir/Drivers/STM32F4xx_HAL_Driver/Src/stm32f4xx_hal_pcd.c.obj
                0x0800446c                HAL_PCD_EP_Receive
 .text.HAL_PCD_EP_GetRxCount
                0x080044ca       0x12 CMakeFiles/omni-infantry.elf.dir/Drivers/STM32F4xx_HAL_Driver/Src/stm32f4xx_hal_pcd.c.obj
                0x080044ca                HAL_PCD_EP_GetRxCount
 .text.HAL_PCD_EP_Transmit
                0x080044dc       0x5e CMakeFiles/omni-infantry.elf.dir/Drivers/STM32F4xx_HAL_Driver/Src/stm32f4xx_hal_pcd.c.obj
                0x080044dc                HAL_PCD_EP_Transmit
 .text.HAL_PCD_EP_SetStall
                0x0800453a       0x88 CMakeFiles/omni-infantry.elf.dir/Drivers/STM32F4xx_HAL_Driver/Src/stm32f4xx_hal_pcd.c.obj
                0x0800453a                HAL_PCD_EP_SetStall
 .text.HAL_PCD_EP_ClrStall
                0x080045c2       0x76 CMakeFiles/omni-infantry.elf.dir/Drivers/STM32F4xx_HAL_Driver/Src/stm32f4xx_hal_pcd.c.obj
                0x080045c2                HAL_PCD_EP_ClrStall
 .text.HAL_PCD_EP_Abort
                0x08004638       0x34 CMakeFiles/omni-infantry.elf.dir/Drivers/STM32F4xx_HAL_Driver/Src/stm32f4xx_hal_pcd.c.obj
                0x08004638                HAL_PCD_EP_Abort
 .text.HAL_PCD_IRQHandler
                0x0800466c      0x5c4 CMakeFiles/omni-infantry.elf.dir/Drivers/STM32F4xx_HAL_Driver/Src/stm32f4xx_hal_pcd.c.obj
                0x0800466c                HAL_PCD_IRQHandler
 .text.HAL_PCDEx_SetTxFiFo
                0x08004c30       0x4c CMakeFiles/omni-infantry.elf.dir/Drivers/STM32F4xx_HAL_Driver/Src/stm32f4xx_hal_pcd_ex.c.obj
                0x08004c30                HAL_PCDEx_SetTxFiFo
 .text.HAL_PCDEx_SetRxFiFo
                0x08004c7c        0x8 CMakeFiles/omni-infantry.elf.dir/Drivers/STM32F4xx_HAL_Driver/Src/stm32f4xx_hal_pcd_ex.c.obj
                0x08004c7c                HAL_PCDEx_SetRxFiFo
 .text.HAL_PCDEx_LPM_Callback
                0x08004c84        0x2 CMakeFiles/omni-infantry.elf.dir/Drivers/STM32F4xx_HAL_Driver/Src/stm32f4xx_hal_pcd_ex.c.obj
                0x08004c84                HAL_PCDEx_LPM_Callback
 *fill*         0x08004c86        0x2 
 .text.HAL_RCC_OscConfig
                0x08004c88      0x3f8 CMakeFiles/omni-infantry.elf.dir/Drivers/STM32F4xx_HAL_Driver/Src/stm32f4xx_hal_rcc.c.obj
                0x08004c88                HAL_RCC_OscConfig
 .text.HAL_RCC_GetSysClockFreq
                0x08005080       0xa8 CMakeFiles/omni-infantry.elf.dir/Drivers/STM32F4xx_HAL_Driver/Src/stm32f4xx_hal_rcc.c.obj
                0x08005080                HAL_RCC_GetSysClockFreq
 .text.HAL_RCC_ClockConfig
                0x08005128      0x160 CMakeFiles/omni-infantry.elf.dir/Drivers/STM32F4xx_HAL_Driver/Src/stm32f4xx_hal_rcc.c.obj
                0x08005128                HAL_RCC_ClockConfig
 .text.HAL_RCC_GetHCLKFreq
                0x08005288        0xc CMakeFiles/omni-infantry.elf.dir/Drivers/STM32F4xx_HAL_Driver/Src/stm32f4xx_hal_rcc.c.obj
                0x08005288                HAL_RCC_GetHCLKFreq
 .text.HAL_RCC_GetPCLK1Freq
                0x08005294       0x20 CMakeFiles/omni-infantry.elf.dir/Drivers/STM32F4xx_HAL_Driver/Src/stm32f4xx_hal_rcc.c.obj
                0x08005294                HAL_RCC_GetPCLK1Freq
 .text.HAL_RCC_GetPCLK2Freq
                0x080052b4       0x20 CMakeFiles/omni-infantry.elf.dir/Drivers/STM32F4xx_HAL_Driver/Src/stm32f4xx_hal_rcc.c.obj
                0x080052b4                HAL_RCC_GetPCLK2Freq
 .text.HAL_RNG_Init
                0x080052d4       0x2e CMakeFiles/omni-infantry.elf.dir/Drivers/STM32F4xx_HAL_Driver/Src/stm32f4xx_hal_rng.c.obj
                0x080052d4                HAL_RNG_Init
 *fill*         0x08005302        0x2 
 .text.SPI_WaitFlagStateUntilTimeout
                0x08005304       0xc8 CMakeFiles/omni-infantry.elf.dir/Drivers/STM32F4xx_HAL_Driver/Src/stm32f4xx_hal_spi.c.obj
 .text.SPI_EndRxTxTransaction
                0x080053cc       0x68 CMakeFiles/omni-infantry.elf.dir/Drivers/STM32F4xx_HAL_Driver/Src/stm32f4xx_hal_spi.c.obj
 .text.HAL_SPI_Init
                0x08005434       0xbe CMakeFiles/omni-infantry.elf.dir/Drivers/STM32F4xx_HAL_Driver/Src/stm32f4xx_hal_spi.c.obj
                0x08005434                HAL_SPI_Init
 .text.HAL_SPI_TransmitReceive
                0x080054f2      0x238 CMakeFiles/omni-infantry.elf.dir/Drivers/STM32F4xx_HAL_Driver/Src/stm32f4xx_hal_spi.c.obj
                0x080054f2                HAL_SPI_TransmitReceive
 *fill*         0x0800572a        0x2 
 .text.HAL_SPI_Transmit_DMA
                0x0800572c       0xe0 CMakeFiles/omni-infantry.elf.dir/Drivers/STM32F4xx_HAL_Driver/Src/stm32f4xx_hal_spi.c.obj
                0x0800572c                HAL_SPI_Transmit_DMA
 .text.HAL_SPI_TxHalfCpltCallback
                0x0800580c        0x2 CMakeFiles/omni-infantry.elf.dir/Drivers/STM32F4xx_HAL_Driver/Src/stm32f4xx_hal_spi.c.obj
                0x0800580c                HAL_SPI_TxHalfCpltCallback
 .text.SPI_DMAHalfTransmitCplt
                0x0800580e        0xa CMakeFiles/omni-infantry.elf.dir/Drivers/STM32F4xx_HAL_Driver/Src/stm32f4xx_hal_spi.c.obj
 .text.HAL_SPI_ErrorCallback
                0x08005818        0x2 CMakeFiles/omni-infantry.elf.dir/Drivers/STM32F4xx_HAL_Driver/Src/stm32f4xx_hal_spi.c.obj
                0x08005818                HAL_SPI_ErrorCallback
 .text.SPI_DMAError
                0x0800581a       0x22 CMakeFiles/omni-infantry.elf.dir/Drivers/STM32F4xx_HAL_Driver/Src/stm32f4xx_hal_spi.c.obj
 .text.SPI_DMATransmitCplt
                0x0800583c       0x70 CMakeFiles/omni-infantry.elf.dir/Drivers/STM32F4xx_HAL_Driver/Src/stm32f4xx_hal_spi.c.obj
 .text.TIM_OC1_SetConfig
                0x080058ac       0x70 CMakeFiles/omni-infantry.elf.dir/Drivers/STM32F4xx_HAL_Driver/Src/stm32f4xx_hal_tim.c.obj
 .text.TIM_OC3_SetConfig
                0x0800591c       0x70 CMakeFiles/omni-infantry.elf.dir/Drivers/STM32F4xx_HAL_Driver/Src/stm32f4xx_hal_tim.c.obj
 .text.TIM_OC4_SetConfig
                0x0800598c       0x50 CMakeFiles/omni-infantry.elf.dir/Drivers/STM32F4xx_HAL_Driver/Src/stm32f4xx_hal_tim.c.obj
 .text.TIM_TI1_ConfigInputStage
                0x080059dc       0x26 CMakeFiles/omni-infantry.elf.dir/Drivers/STM32F4xx_HAL_Driver/Src/stm32f4xx_hal_tim.c.obj
 .text.TIM_TI2_ConfigInputStage
                0x08005a02       0x28 CMakeFiles/omni-infantry.elf.dir/Drivers/STM32F4xx_HAL_Driver/Src/stm32f4xx_hal_tim.c.obj
 .text.TIM_ITRx_SetConfig
                0x08005a2a       0x10 CMakeFiles/omni-infantry.elf.dir/Drivers/STM32F4xx_HAL_Driver/Src/stm32f4xx_hal_tim.c.obj
 *fill*         0x08005a3a        0x2 
 .text.HAL_TIM_Base_Start
                0x08005a3c       0x7c CMakeFiles/omni-infantry.elf.dir/Drivers/STM32F4xx_HAL_Driver/Src/stm32f4xx_hal_tim.c.obj
                0x08005a3c                HAL_TIM_Base_Start
 .text.TIM_Base_SetConfig
                0x08005ab8       0xc8 CMakeFiles/omni-infantry.elf.dir/Drivers/STM32F4xx_HAL_Driver/Src/stm32f4xx_hal_tim.c.obj
                0x08005ab8                TIM_Base_SetConfig
 .text.HAL_TIM_Base_Init
                0x08005b80       0x58 CMakeFiles/omni-infantry.elf.dir/Drivers/STM32F4xx_HAL_Driver/Src/stm32f4xx_hal_tim.c.obj
                0x08005b80                HAL_TIM_Base_Init
 .text.HAL_TIM_PWM_Init
                0x08005bd8       0x58 CMakeFiles/omni-infantry.elf.dir/Drivers/STM32F4xx_HAL_Driver/Src/stm32f4xx_hal_tim.c.obj
                0x08005bd8                HAL_TIM_PWM_Init
 .text.TIM_OC2_SetConfig
                0x08005c30       0x70 CMakeFiles/omni-infantry.elf.dir/Drivers/STM32F4xx_HAL_Driver/Src/stm32f4xx_hal_tim.c.obj
                0x08005c30                TIM_OC2_SetConfig
 .text.HAL_TIM_PWM_ConfigChannel
                0x08005ca0       0xdc CMakeFiles/omni-infantry.elf.dir/Drivers/STM32F4xx_HAL_Driver/Src/stm32f4xx_hal_tim.c.obj
                0x08005ca0                HAL_TIM_PWM_ConfigChannel
 .text.TIM_ETR_SetConfig
                0x08005d7c       0x1a CMakeFiles/omni-infantry.elf.dir/Drivers/STM32F4xx_HAL_Driver/Src/stm32f4xx_hal_tim.c.obj
                0x08005d7c                TIM_ETR_SetConfig
 .text.HAL_TIM_ConfigClockSource
                0x08005d96       0xfe CMakeFiles/omni-infantry.elf.dir/Drivers/STM32F4xx_HAL_Driver/Src/stm32f4xx_hal_tim.c.obj
                0x08005d96                HAL_TIM_ConfigClockSource
 .text.TIM_CCxChannelCmd
                0x08005e94       0x1e CMakeFiles/omni-infantry.elf.dir/Drivers/STM32F4xx_HAL_Driver/Src/stm32f4xx_hal_tim.c.obj
                0x08005e94                TIM_CCxChannelCmd
 *fill*         0x08005eb2        0x2 
 .text.HAL_TIM_PWM_Start
                0x08005eb4      0x104 CMakeFiles/omni-infantry.elf.dir/Drivers/STM32F4xx_HAL_Driver/Src/stm32f4xx_hal_tim.c.obj
                0x08005eb4                HAL_TIM_PWM_Start
 .text.HAL_TIMEx_MasterConfigSynchronization
                0x08005fb8       0x8c CMakeFiles/omni-infantry.elf.dir/Drivers/STM32F4xx_HAL_Driver/Src/stm32f4xx_hal_tim_ex.c.obj
                0x08005fb8                HAL_TIMEx_MasterConfigSynchronization
 .text.HAL_TIMEx_ConfigBreakDeadTime
                0x08006044       0x52 CMakeFiles/omni-infantry.elf.dir/Drivers/STM32F4xx_HAL_Driver/Src/stm32f4xx_hal_tim_ex.c.obj
                0x08006044                HAL_TIMEx_ConfigBreakDeadTime
 *fill*         0x08006096        0x2 
 .text.UART_SetConfig
                0x08006098      0x110 CMakeFiles/omni-infantry.elf.dir/Drivers/STM32F4xx_HAL_Driver/Src/stm32f4xx_hal_uart.c.obj
 .text.HAL_UART_Init
                0x080061a8       0x5e CMakeFiles/omni-infantry.elf.dir/Drivers/STM32F4xx_HAL_Driver/Src/stm32f4xx_hal_uart.c.obj
                0x080061a8                HAL_UART_Init
 *fill*         0x08006206        0x2 
 .text.USB_CoreReset
                0x08006208       0x50 CMakeFiles/omni-infantry.elf.dir/Drivers/STM32F4xx_HAL_Driver/Src/stm32f4xx_ll_usb.c.obj
 .text.USB_CoreInit
                0x08006258       0x8a CMakeFiles/omni-infantry.elf.dir/Drivers/STM32F4xx_HAL_Driver/Src/stm32f4xx_ll_usb.c.obj
                0x08006258                USB_CoreInit
 *fill*         0x080062e2        0x2 
 .text.USB_SetTurnaroundTime
                0x080062e4       0xe4 CMakeFiles/omni-infantry.elf.dir/Drivers/STM32F4xx_HAL_Driver/Src/stm32f4xx_ll_usb.c.obj
                0x080062e4                USB_SetTurnaroundTime
 .text.USB_EnableGlobalInt
                0x080063c8        0xc CMakeFiles/omni-infantry.elf.dir/Drivers/STM32F4xx_HAL_Driver/Src/stm32f4xx_ll_usb.c.obj
                0x080063c8                USB_EnableGlobalInt
 .text.USB_DisableGlobalInt
                0x080063d4        0xc CMakeFiles/omni-infantry.elf.dir/Drivers/STM32F4xx_HAL_Driver/Src/stm32f4xx_ll_usb.c.obj
                0x080063d4                USB_DisableGlobalInt
 .text.USB_FlushTxFifo
                0x080063e0       0x50 CMakeFiles/omni-infantry.elf.dir/Drivers/STM32F4xx_HAL_Driver/Src/stm32f4xx_ll_usb.c.obj
                0x080063e0                USB_FlushTxFifo
 .text.USB_FlushRxFifo
                0x08006430       0x4c CMakeFiles/omni-infantry.elf.dir/Drivers/STM32F4xx_HAL_Driver/Src/stm32f4xx_ll_usb.c.obj
                0x08006430                USB_FlushRxFifo
 .text.USB_SetDevSpeed
                0x0800647c        0xe CMakeFiles/omni-infantry.elf.dir/Drivers/STM32F4xx_HAL_Driver/Src/stm32f4xx_ll_usb.c.obj
                0x0800647c                USB_SetDevSpeed
 *fill*         0x0800648a        0x2 
 .text.USB_DevInit
                0x0800648c      0x190 CMakeFiles/omni-infantry.elf.dir/Drivers/STM32F4xx_HAL_Driver/Src/stm32f4xx_ll_usb.c.obj
                0x0800648c                USB_DevInit
 .text.USB_GetDevSpeed
                0x0800661c       0x22 CMakeFiles/omni-infantry.elf.dir/Drivers/STM32F4xx_HAL_Driver/Src/stm32f4xx_ll_usb.c.obj
                0x0800661c                USB_GetDevSpeed
 .text.USB_ActivateEndpoint
                0x0800663e       0x9a CMakeFiles/omni-infantry.elf.dir/Drivers/STM32F4xx_HAL_Driver/Src/stm32f4xx_ll_usb.c.obj
                0x0800663e                USB_ActivateEndpoint
 .text.USB_DeactivateEndpoint
                0x080066d8       0xe0 CMakeFiles/omni-infantry.elf.dir/Drivers/STM32F4xx_HAL_Driver/Src/stm32f4xx_ll_usb.c.obj
                0x080066d8                USB_DeactivateEndpoint
 .text.USB_EP0StartXfer
                0x080067b8      0x124 CMakeFiles/omni-infantry.elf.dir/Drivers/STM32F4xx_HAL_Driver/Src/stm32f4xx_ll_usb.c.obj
                0x080067b8                USB_EP0StartXfer
 .text.USB_EPStopXfer
                0x080068dc       0xbe CMakeFiles/omni-infantry.elf.dir/Drivers/STM32F4xx_HAL_Driver/Src/stm32f4xx_ll_usb.c.obj
                0x080068dc                USB_EPStopXfer
 .text.USB_WritePacket
                0x0800699a       0x2e CMakeFiles/omni-infantry.elf.dir/Drivers/STM32F4xx_HAL_Driver/Src/stm32f4xx_ll_usb.c.obj
                0x0800699a                USB_WritePacket
 .text.USB_EPStartXfer
                0x080069c8      0x234 CMakeFiles/omni-infantry.elf.dir/Drivers/STM32F4xx_HAL_Driver/Src/stm32f4xx_ll_usb.c.obj
                0x080069c8                USB_EPStartXfer
 .text.USB_ReadPacket
                0x08006bfc       0x46 CMakeFiles/omni-infantry.elf.dir/Drivers/STM32F4xx_HAL_Driver/Src/stm32f4xx_ll_usb.c.obj
                0x08006bfc                USB_ReadPacket
 .text.USB_EPSetStall
                0x08006c42       0x5a CMakeFiles/omni-infantry.elf.dir/Drivers/STM32F4xx_HAL_Driver/Src/stm32f4xx_ll_usb.c.obj
                0x08006c42                USB_EPSetStall
 .text.USB_EPClearStall
                0x08006c9c       0x5c CMakeFiles/omni-infantry.elf.dir/Drivers/STM32F4xx_HAL_Driver/Src/stm32f4xx_ll_usb.c.obj
                0x08006c9c                USB_EPClearStall
 .text.USB_SetDevAddress
                0x08006cf8       0x20 CMakeFiles/omni-infantry.elf.dir/Drivers/STM32F4xx_HAL_Driver/Src/stm32f4xx_ll_usb.c.obj
                0x08006cf8                USB_SetDevAddress
 .text.USB_DevConnect
                0x08006d18       0x1c CMakeFiles/omni-infantry.elf.dir/Drivers/STM32F4xx_HAL_Driver/Src/stm32f4xx_ll_usb.c.obj
                0x08006d18                USB_DevConnect
 .text.USB_DevDisconnect
                0x08006d34       0x1c CMakeFiles/omni-infantry.elf.dir/Drivers/STM32F4xx_HAL_Driver/Src/stm32f4xx_ll_usb.c.obj
                0x08006d34                USB_DevDisconnect
 .text.USB_ReadInterrupts
                0x08006d50        0x8 CMakeFiles/omni-infantry.elf.dir/Drivers/STM32F4xx_HAL_Driver/Src/stm32f4xx_ll_usb.c.obj
                0x08006d50                USB_ReadInterrupts
 .text.USB_ReadDevAllOutEpInterrupt
                0x08006d58       0x10 CMakeFiles/omni-infantry.elf.dir/Drivers/STM32F4xx_HAL_Driver/Src/stm32f4xx_ll_usb.c.obj
                0x08006d58                USB_ReadDevAllOutEpInterrupt
 .text.USB_ReadDevAllInEpInterrupt
                0x08006d68       0x10 CMakeFiles/omni-infantry.elf.dir/Drivers/STM32F4xx_HAL_Driver/Src/stm32f4xx_ll_usb.c.obj
                0x08006d68                USB_ReadDevAllInEpInterrupt
 .text.USB_ReadDevOutEPInterrupt
                0x08006d78       0x12 CMakeFiles/omni-infantry.elf.dir/Drivers/STM32F4xx_HAL_Driver/Src/stm32f4xx_ll_usb.c.obj
                0x08006d78                USB_ReadDevOutEPInterrupt
 .text.USB_ReadDevInEPInterrupt
                0x08006d8a       0x24 CMakeFiles/omni-infantry.elf.dir/Drivers/STM32F4xx_HAL_Driver/Src/stm32f4xx_ll_usb.c.obj
                0x08006d8a                USB_ReadDevInEPInterrupt
 .text.USB_GetMode
                0x08006dae        0x8 CMakeFiles/omni-infantry.elf.dir/Drivers/STM32F4xx_HAL_Driver/Src/stm32f4xx_ll_usb.c.obj
                0x08006dae                USB_GetMode
 .text.USB_SetCurrentMode
                0x08006db6       0x62 CMakeFiles/omni-infantry.elf.dir/Drivers/STM32F4xx_HAL_Driver/Src/stm32f4xx_ll_usb.c.obj
                0x08006db6                USB_SetCurrentMode
 .text.USB_ActivateSetup
                0x08006e18       0x20 CMakeFiles/omni-infantry.elf.dir/Drivers/STM32F4xx_HAL_Driver/Src/stm32f4xx_ll_usb.c.obj
                0x08006e18                USB_ActivateSetup
 .text.USB_EP0_OutStart
                0x08006e38       0x60 CMakeFiles/omni-infantry.elf.dir/Drivers/STM32F4xx_HAL_Driver/Src/stm32f4xx_ll_usb.c.obj
                0x08006e38                USB_EP0_OutStart
 .text.USBD_CDC_EP0_RxReady
                0x08006e98       0x40 CMakeFiles/omni-infantry.elf.dir/Middlewares/ST/STM32_USB_Device_Library/Class/CDC/Src/usbd_cdc.c.obj
 .text.USBD_CDC_GetDeviceQualifierDescriptor
                0x08006ed8        0xc CMakeFiles/omni-infantry.elf.dir/Middlewares/ST/STM32_USB_Device_Library/Class/CDC/Src/usbd_cdc.c.obj
                0x08006ed8                USBD_CDC_GetDeviceQualifierDescriptor
 .text.USBD_CDC_GetOtherSpeedCfgDesc
                0x08006ee4       0x48 CMakeFiles/omni-infantry.elf.dir/Middlewares/ST/STM32_USB_Device_Library/Class/CDC/Src/usbd_cdc.c.obj
 .text.USBD_CDC_GetFSCfgDesc
                0x08006f2c       0x48 CMakeFiles/omni-infantry.elf.dir/Middlewares/ST/STM32_USB_Device_Library/Class/CDC/Src/usbd_cdc.c.obj
 .text.USBD_CDC_GetHSCfgDesc
                0x08006f74       0x48 CMakeFiles/omni-infantry.elf.dir/Middlewares/ST/STM32_USB_Device_Library/Class/CDC/Src/usbd_cdc.c.obj
 .text.USBD_CDC_DataOut
                0x08006fbc       0x38 CMakeFiles/omni-infantry.elf.dir/Middlewares/ST/STM32_USB_Device_Library/Class/CDC/Src/usbd_cdc.c.obj
 .text.USBD_CDC_DataIn
                0x08006ff4       0x7c CMakeFiles/omni-infantry.elf.dir/Middlewares/ST/STM32_USB_Device_Library/Class/CDC/Src/usbd_cdc.c.obj
 .text.USBD_CDC_Setup
                0x08007070      0x11a CMakeFiles/omni-infantry.elf.dir/Middlewares/ST/STM32_USB_Device_Library/Class/CDC/Src/usbd_cdc.c.obj
 .text.USBD_CDC_DeInit
                0x0800718a       0x64 CMakeFiles/omni-infantry.elf.dir/Middlewares/ST/STM32_USB_Device_Library/Class/CDC/Src/usbd_cdc.c.obj
 .text.USBD_CDC_Init
                0x080071ee       0xee CMakeFiles/omni-infantry.elf.dir/Middlewares/ST/STM32_USB_Device_Library/Class/CDC/Src/usbd_cdc.c.obj
 .text.USBD_CDC_RegisterInterface
                0x080072dc       0x16 CMakeFiles/omni-infantry.elf.dir/Middlewares/ST/STM32_USB_Device_Library/Class/CDC/Src/usbd_cdc.c.obj
                0x080072dc                USBD_CDC_RegisterInterface
 .text.USBD_CDC_SetTxBuffer
                0x080072f2       0x1c CMakeFiles/omni-infantry.elf.dir/Middlewares/ST/STM32_USB_Device_Library/Class/CDC/Src/usbd_cdc.c.obj
                0x080072f2                USBD_CDC_SetTxBuffer
 .text.USBD_CDC_SetRxBuffer
                0x0800730e       0x18 CMakeFiles/omni-infantry.elf.dir/Middlewares/ST/STM32_USB_Device_Library/Class/CDC/Src/usbd_cdc.c.obj
                0x0800730e                USBD_CDC_SetRxBuffer
 .text.USBD_CDC_TransmitPacket
                0x08007326       0x36 CMakeFiles/omni-infantry.elf.dir/Middlewares/ST/STM32_USB_Device_Library/Class/CDC/Src/usbd_cdc.c.obj
                0x08007326                USBD_CDC_TransmitPacket
 .text.USBD_CDC_ReceivePacket
                0x0800735c       0x38 CMakeFiles/omni-infantry.elf.dir/Middlewares/ST/STM32_USB_Device_Library/Class/CDC/Src/usbd_cdc.c.obj
                0x0800735c                USBD_CDC_ReceivePacket
 .text.USBD_Init
                0x08007394       0x2e CMakeFiles/omni-infantry.elf.dir/Middlewares/ST/STM32_USB_Device_Library/Core/Src/usbd_core.c.obj
                0x08007394                USBD_Init
 .text.USBD_RegisterClass
                0x080073c2       0x34 CMakeFiles/omni-infantry.elf.dir/Middlewares/ST/STM32_USB_Device_Library/Core/Src/usbd_core.c.obj
                0x080073c2                USBD_RegisterClass
 .text.USBD_Start
                0x080073f6        0x8 CMakeFiles/omni-infantry.elf.dir/Middlewares/ST/STM32_USB_Device_Library/Core/Src/usbd_core.c.obj
                0x080073f6                USBD_Start
 .text.USBD_SetClassConfig
                0x080073fe       0x12 CMakeFiles/omni-infantry.elf.dir/Middlewares/ST/STM32_USB_Device_Library/Core/Src/usbd_core.c.obj
                0x080073fe                USBD_SetClassConfig
 .text.USBD_ClrClassConfig
                0x08007410       0x12 CMakeFiles/omni-infantry.elf.dir/Middlewares/ST/STM32_USB_Device_Library/Core/Src/usbd_core.c.obj
                0x08007410                USBD_ClrClassConfig
 .text.USBD_LL_SetupStage
                0x08007422       0x58 CMakeFiles/omni-infantry.elf.dir/Middlewares/ST/STM32_USB_Device_Library/Core/Src/usbd_core.c.obj
                0x08007422                USBD_LL_SetupStage
 .text.USBD_LL_Reset
                0x0800747a       0x64 CMakeFiles/omni-infantry.elf.dir/Middlewares/ST/STM32_USB_Device_Library/Core/Src/usbd_core.c.obj
                0x0800747a                USBD_LL_Reset
 .text.USBD_LL_SetSpeed
                0x080074de        0x6 CMakeFiles/omni-infantry.elf.dir/Middlewares/ST/STM32_USB_Device_Library/Core/Src/usbd_core.c.obj
                0x080074de                USBD_LL_SetSpeed
 .text.USBD_LL_Suspend
                0x080074e4       0x14 CMakeFiles/omni-infantry.elf.dir/Middlewares/ST/STM32_USB_Device_Library/Core/Src/usbd_core.c.obj
                0x080074e4                USBD_LL_Suspend
 .text.USBD_LL_Resume
                0x080074f8       0x1a CMakeFiles/omni-infantry.elf.dir/Middlewares/ST/STM32_USB_Device_Library/Core/Src/usbd_core.c.obj
                0x080074f8                USBD_LL_Resume
 .text.USBD_LL_SOF
                0x08007512       0x22 CMakeFiles/omni-infantry.elf.dir/Middlewares/ST/STM32_USB_Device_Library/Core/Src/usbd_core.c.obj
                0x08007512                USBD_LL_SOF
 .text.USBD_LL_IsoINIncomplete
                0x08007534       0x2e CMakeFiles/omni-infantry.elf.dir/Middlewares/ST/STM32_USB_Device_Library/Core/Src/usbd_core.c.obj
                0x08007534                USBD_LL_IsoINIncomplete
 .text.USBD_LL_IsoOUTIncomplete
                0x08007562       0x2e CMakeFiles/omni-infantry.elf.dir/Middlewares/ST/STM32_USB_Device_Library/Core/Src/usbd_core.c.obj
                0x08007562                USBD_LL_IsoOUTIncomplete
 .text.USBD_LL_DevConnected
                0x08007590        0x4 CMakeFiles/omni-infantry.elf.dir/Middlewares/ST/STM32_USB_Device_Library/Core/Src/usbd_core.c.obj
                0x08007590                USBD_LL_DevConnected
 .text.USBD_LL_DevDisconnected
                0x08007594       0x20 CMakeFiles/omni-infantry.elf.dir/Middlewares/ST/STM32_USB_Device_Library/Core/Src/usbd_core.c.obj
                0x08007594                USBD_LL_DevDisconnected
 .text.USBD_CoreFindIF
                0x080075b4        0x4 CMakeFiles/omni-infantry.elf.dir/Middlewares/ST/STM32_USB_Device_Library/Core/Src/usbd_core.c.obj
                0x080075b4                USBD_CoreFindIF
 .text.USBD_CoreFindEP
                0x080075b8        0x4 CMakeFiles/omni-infantry.elf.dir/Middlewares/ST/STM32_USB_Device_Library/Core/Src/usbd_core.c.obj
                0x080075b8                USBD_CoreFindEP
 .text.USBD_LL_DataOutStage
                0x080075bc       0xc6 CMakeFiles/omni-infantry.elf.dir/Middlewares/ST/STM32_USB_Device_Library/Core/Src/usbd_core.c.obj
                0x080075bc                USBD_LL_DataOutStage
 .text.USBD_LL_DataInStage
                0x08007682       0xd6 CMakeFiles/omni-infantry.elf.dir/Middlewares/ST/STM32_USB_Device_Library/Core/Src/usbd_core.c.obj
                0x08007682                USBD_LL_DataInStage
 .text.USBD_GetNextDesc
                0x08007758        0xe CMakeFiles/omni-infantry.elf.dir/Middlewares/ST/STM32_USB_Device_Library/Core/Src/usbd_core.c.obj
                0x08007758                USBD_GetNextDesc
 .text.USBD_GetEpDesc
                0x08007766       0x3e CMakeFiles/omni-infantry.elf.dir/Middlewares/ST/STM32_USB_Device_Library/Core/Src/usbd_core.c.obj
                0x08007766                USBD_GetEpDesc
 .text.USBD_GetLen
                0x080077a4       0x14 CMakeFiles/omni-infantry.elf.dir/Middlewares/ST/STM32_USB_Device_Library/Core/Src/usbd_ctlreq.c.obj
 .text.USBD_ParseSetupRequest
                0x080077b8       0x28 CMakeFiles/omni-infantry.elf.dir/Middlewares/ST/STM32_USB_Device_Library/Core/Src/usbd_ctlreq.c.obj
                0x080077b8                USBD_ParseSetupRequest
 .text.USBD_CtlError
                0x080077e0       0x14 CMakeFiles/omni-infantry.elf.dir/Middlewares/ST/STM32_USB_Device_Library/Core/Src/usbd_ctlreq.c.obj
                0x080077e0                USBD_CtlError
 .text.USBD_GetDescriptor
                0x080077f4      0x18a CMakeFiles/omni-infantry.elf.dir/Middlewares/ST/STM32_USB_Device_Library/Core/Src/usbd_ctlreq.c.obj
 .text.USBD_SetAddress
                0x0800797e       0x50 CMakeFiles/omni-infantry.elf.dir/Middlewares/ST/STM32_USB_Device_Library/Core/Src/usbd_ctlreq.c.obj
 *fill*         0x080079ce        0x2 
 .text.USBD_SetConfig
                0x080079d0       0xcc CMakeFiles/omni-infantry.elf.dir/Middlewares/ST/STM32_USB_Device_Library/Core/Src/usbd_ctlreq.c.obj
 .text.USBD_GetConfig
                0x08007a9c       0x40 CMakeFiles/omni-infantry.elf.dir/Middlewares/ST/STM32_USB_Device_Library/Core/Src/usbd_ctlreq.c.obj
 .text.USBD_GetStatus
                0x08007adc       0x38 CMakeFiles/omni-infantry.elf.dir/Middlewares/ST/STM32_USB_Device_Library/Core/Src/usbd_ctlreq.c.obj
 .text.USBD_SetFeature
                0x08007b14       0x2a CMakeFiles/omni-infantry.elf.dir/Middlewares/ST/STM32_USB_Device_Library/Core/Src/usbd_ctlreq.c.obj
 .text.USBD_ClrFeature
                0x08007b3e       0x26 CMakeFiles/omni-infantry.elf.dir/Middlewares/ST/STM32_USB_Device_Library/Core/Src/usbd_ctlreq.c.obj
 .text.USBD_StdDevReq
                0x08007b64       0x76 CMakeFiles/omni-infantry.elf.dir/Middlewares/ST/STM32_USB_Device_Library/Core/Src/usbd_ctlreq.c.obj
                0x08007b64                USBD_StdDevReq
 .text.USBD_StdItfReq
                0x08007bda       0x84 CMakeFiles/omni-infantry.elf.dir/Middlewares/ST/STM32_USB_Device_Library/Core/Src/usbd_ctlreq.c.obj
                0x08007bda                USBD_StdItfReq
 .text.USBD_StdEPReq
                0x08007c5e      0x230 CMakeFiles/omni-infantry.elf.dir/Middlewares/ST/STM32_USB_Device_Library/Core/Src/usbd_ctlreq.c.obj
                0x08007c5e                USBD_StdEPReq
 .text.USBD_GetString
                0x08007e8e       0x3a CMakeFiles/omni-infantry.elf.dir/Middlewares/ST/STM32_USB_Device_Library/Core/Src/usbd_ctlreq.c.obj
                0x08007e8e                USBD_GetString
 .text.USBD_CtlSendData
                0x08007ec8       0x1a CMakeFiles/omni-infantry.elf.dir/Middlewares/ST/STM32_USB_Device_Library/Core/Src/usbd_ioreq.c.obj
                0x08007ec8                USBD_CtlSendData
 .text.USBD_CtlContinueSendData
                0x08007ee2       0x10 CMakeFiles/omni-infantry.elf.dir/Middlewares/ST/STM32_USB_Device_Library/Core/Src/usbd_ioreq.c.obj
                0x08007ee2                USBD_CtlContinueSendData
 .text.USBD_CtlPrepareRx
                0x08007ef2       0x1e CMakeFiles/omni-infantry.elf.dir/Middlewares/ST/STM32_USB_Device_Library/Core/Src/usbd_ioreq.c.obj
                0x08007ef2                USBD_CtlPrepareRx
 .text.USBD_CtlContinueRx
                0x08007f10       0x10 CMakeFiles/omni-infantry.elf.dir/Middlewares/ST/STM32_USB_Device_Library/Core/Src/usbd_ioreq.c.obj
                0x08007f10                USBD_CtlContinueRx
 .text.USBD_CtlSendStatus
                0x08007f20       0x16 CMakeFiles/omni-infantry.elf.dir/Middlewares/ST/STM32_USB_Device_Library/Core/Src/usbd_ioreq.c.obj
                0x08007f20                USBD_CtlSendStatus
 .text.USBD_CtlReceiveStatus
                0x08007f36       0x16 CMakeFiles/omni-infantry.elf.dir/Middlewares/ST/STM32_USB_Device_Library/Core/Src/usbd_ioreq.c.obj
                0x08007f36                USBD_CtlReceiveStatus
 .text.makeFreeRtosPriority
                0x08007f4c        0xc CMakeFiles/omni-infantry.elf.dir/Middlewares/Third_Party/FreeRTOS/Source/CMSIS_RTOS/cmsis_os.c.obj
 .text.osKernelStart
                0x08007f58        0xa CMakeFiles/omni-infantry.elf.dir/Middlewares/Third_Party/FreeRTOS/Source/CMSIS_RTOS/cmsis_os.c.obj
                0x08007f58                osKernelStart
 .text.osThreadCreate
                0x08007f62       0x66 CMakeFiles/omni-infantry.elf.dir/Middlewares/Third_Party/FreeRTOS/Source/CMSIS_RTOS/cmsis_os.c.obj
                0x08007f62                osThreadCreate
 .text.osDelay  0x08007fc8        0xe CMakeFiles/omni-infantry.elf.dir/Middlewares/Third_Party/FreeRTOS/Source/CMSIS_RTOS/cmsis_os.c.obj
                0x08007fc8                osDelay
 .text.vListInitialise
                0x08007fd6       0x16 CMakeFiles/omni-infantry.elf.dir/Middlewares/Third_Party/FreeRTOS/Source/list.c.obj
                0x08007fd6                vListInitialise
 .text.vListInitialiseItem
                0x08007fec        0x6 CMakeFiles/omni-infantry.elf.dir/Middlewares/Third_Party/FreeRTOS/Source/list.c.obj
                0x08007fec                vListInitialiseItem
 .text.vListInsertEnd
                0x08007ff2       0x16 CMakeFiles/omni-infantry.elf.dir/Middlewares/Third_Party/FreeRTOS/Source/list.c.obj
                0x08007ff2                vListInsertEnd
 .text.vListInsert
                0x08008008       0x32 CMakeFiles/omni-infantry.elf.dir/Middlewares/Third_Party/FreeRTOS/Source/list.c.obj
                0x08008008                vListInsert
 .text.uxListRemove
                0x0800803a       0x26 CMakeFiles/omni-infantry.elf.dir/Middlewares/Third_Party/FreeRTOS/Source/list.c.obj
                0x0800803a                uxListRemove
 .text.prvTaskExitError
                0x08008060       0x40 CMakeFiles/omni-infantry.elf.dir/Middlewares/Third_Party/FreeRTOS/Source/portable/GCC/ARM_CM4F/port.c.obj
 .text.prvPortStartFirstTask
                0x080080a0       0x28 CMakeFiles/omni-infantry.elf.dir/Middlewares/Third_Party/FreeRTOS/Source/portable/GCC/ARM_CM4F/port.c.obj
 .text.vPortEnableVFP
                0x080080c8       0x14 CMakeFiles/omni-infantry.elf.dir/Middlewares/Third_Party/FreeRTOS/Source/portable/GCC/ARM_CM4F/port.c.obj
 .text.pxPortInitialiseStack
                0x080080dc       0x2c CMakeFiles/omni-infantry.elf.dir/Middlewares/Third_Party/FreeRTOS/Source/portable/GCC/ARM_CM4F/port.c.obj
                0x080080dc                pxPortInitialiseStack
 *fill*         0x08008108        0x8 
 .text.SVC_Handler
                0x08008110       0x24 CMakeFiles/omni-infantry.elf.dir/Middlewares/Third_Party/FreeRTOS/Source/portable/GCC/ARM_CM4F/port.c.obj
                0x08008110                SVC_Handler
 .text.vPortEnterCritical
                0x08008134       0x44 CMakeFiles/omni-infantry.elf.dir/Middlewares/Third_Party/FreeRTOS/Source/portable/GCC/ARM_CM4F/port.c.obj
                0x08008134                vPortEnterCritical
 .text.vPortExitCritical
                0x08008178       0x2c CMakeFiles/omni-infantry.elf.dir/Middlewares/Third_Party/FreeRTOS/Source/portable/GCC/ARM_CM4F/port.c.obj
                0x08008178                vPortExitCritical
 *fill*         0x080081a4        0xc 
 .text.PendSV_Handler
                0x080081b0       0x64 CMakeFiles/omni-infantry.elf.dir/Middlewares/Third_Party/FreeRTOS/Source/portable/GCC/ARM_CM4F/port.c.obj
                0x080081b0                PendSV_Handler
 .text.xPortSysTickHandler
                0x08008214       0x2c CMakeFiles/omni-infantry.elf.dir/Middlewares/Third_Party/FreeRTOS/Source/portable/GCC/ARM_CM4F/port.c.obj
                0x08008214                xPortSysTickHandler
 .text.vPortSetupTimerInterrupt
                0x08008240       0x28 CMakeFiles/omni-infantry.elf.dir/Middlewares/Third_Party/FreeRTOS/Source/portable/GCC/ARM_CM4F/port.c.obj
                0x08008240                vPortSetupTimerInterrupt
 .text.xPortStartScheduler
                0x08008268      0x118 CMakeFiles/omni-infantry.elf.dir/Middlewares/Third_Party/FreeRTOS/Source/portable/GCC/ARM_CM4F/port.c.obj
                0x08008268                xPortStartScheduler
 .text.vPortValidateInterruptPriority
                0x08008380       0x5c CMakeFiles/omni-infantry.elf.dir/Middlewares/Third_Party/FreeRTOS/Source/portable/GCC/ARM_CM4F/port.c.obj
                0x08008380                vPortValidateInterruptPriority
 .text.prvHeapInit
                0x080083dc       0x64 CMakeFiles/omni-infantry.elf.dir/Middlewares/Third_Party/FreeRTOS/Source/portable/MemMang/heap_4.c.obj
 .text.prvInsertBlockIntoFreeList
                0x08008440       0x64 CMakeFiles/omni-infantry.elf.dir/Middlewares/Third_Party/FreeRTOS/Source/portable/MemMang/heap_4.c.obj
 .text.pvPortMalloc
                0x080084a4      0x104 CMakeFiles/omni-infantry.elf.dir/Middlewares/Third_Party/FreeRTOS/Source/portable/MemMang/heap_4.c.obj
                0x080084a4                pvPortMalloc
 .text.vPortFree
                0x080085a8       0x7c CMakeFiles/omni-infantry.elf.dir/Middlewares/Third_Party/FreeRTOS/Source/portable/MemMang/heap_4.c.obj
                0x080085a8                vPortFree
 .text.prvIsQueueFull
                0x08008624       0x1e CMakeFiles/omni-infantry.elf.dir/Middlewares/Third_Party/FreeRTOS/Source/queue.c.obj
 .text.prvIsQueueEmpty
                0x08008642       0x1a CMakeFiles/omni-infantry.elf.dir/Middlewares/Third_Party/FreeRTOS/Source/queue.c.obj
 .text.prvCopyDataToQueue
                0x0800865c       0x76 CMakeFiles/omni-infantry.elf.dir/Middlewares/Third_Party/FreeRTOS/Source/queue.c.obj
 .text.prvCopyDataFromQueue
                0x080086d2       0x24 CMakeFiles/omni-infantry.elf.dir/Middlewares/Third_Party/FreeRTOS/Source/queue.c.obj
 .text.prvUnlockQueue
                0x080086f6       0x6e CMakeFiles/omni-infantry.elf.dir/Middlewares/Third_Party/FreeRTOS/Source/queue.c.obj
 .text.xQueueGenericReset
                0x08008764       0x84 CMakeFiles/omni-infantry.elf.dir/Middlewares/Third_Party/FreeRTOS/Source/queue.c.obj
                0x08008764                xQueueGenericReset
 .text.prvInitialiseNewQueue
                0x080087e8       0x1c CMakeFiles/omni-infantry.elf.dir/Middlewares/Third_Party/FreeRTOS/Source/queue.c.obj
 .text.xQueueGenericCreate
                0x08008804       0x48 CMakeFiles/omni-infantry.elf.dir/Middlewares/Third_Party/FreeRTOS/Source/queue.c.obj
                0x08008804                xQueueGenericCreate
 .text.xQueueGenericSend
                0x0800884c      0x188 CMakeFiles/omni-infantry.elf.dir/Middlewares/Third_Party/FreeRTOS/Source/queue.c.obj
                0x0800884c                xQueueGenericSend
 .text.xQueueReceive
                0x080089d4      0x15e CMakeFiles/omni-infantry.elf.dir/Middlewares/Third_Party/FreeRTOS/Source/queue.c.obj
                0x080089d4                xQueueReceive
 *fill*         0x08008b32        0x2 
 .text.prvTaskIsTaskSuspended
                0x08008b34       0x40 CMakeFiles/omni-infantry.elf.dir/Middlewares/Third_Party/FreeRTOS/Source/tasks.c.obj
 .text.prvSearchForNameWithinSingleList
                0x08008b74       0x64 CMakeFiles/omni-infantry.elf.dir/Middlewares/Third_Party/FreeRTOS/Source/tasks.c.obj
 .text.prvResetNextTaskUnblockTime
                0x08008bd8       0x2c CMakeFiles/omni-infantry.elf.dir/Middlewares/Third_Party/FreeRTOS/Source/tasks.c.obj
 .text.prvInitialiseNewTask
                0x08008c04       0xa2 CMakeFiles/omni-infantry.elf.dir/Middlewares/Third_Party/FreeRTOS/Source/tasks.c.obj
 *fill*         0x08008ca6        0x2 
 .text.prvInitialiseTaskLists
                0x08008ca8       0x68 CMakeFiles/omni-infantry.elf.dir/Middlewares/Third_Party/FreeRTOS/Source/tasks.c.obj
 .text.prvAddNewTaskToReadyList
                0x08008d10       0xa8 CMakeFiles/omni-infantry.elf.dir/Middlewares/Third_Party/FreeRTOS/Source/tasks.c.obj
 .text.prvDeleteTCB
                0x08008db8       0x38 CMakeFiles/omni-infantry.elf.dir/Middlewares/Third_Party/FreeRTOS/Source/tasks.c.obj
 .text.prvCheckTasksWaitingTermination
                0x08008df0       0x4c CMakeFiles/omni-infantry.elf.dir/Middlewares/Third_Party/FreeRTOS/Source/tasks.c.obj
 .text.prvIdleTask
                0x08008e3c       0x28 CMakeFiles/omni-infantry.elf.dir/Middlewares/Third_Party/FreeRTOS/Source/tasks.c.obj
 .text.prvAddCurrentTaskToDelayedList
                0x08008e64       0xa0 CMakeFiles/omni-infantry.elf.dir/Middlewares/Third_Party/FreeRTOS/Source/tasks.c.obj
 .text.xTaskCreateStatic
                0x08008f04       0x76 CMakeFiles/omni-infantry.elf.dir/Middlewares/Third_Party/FreeRTOS/Source/tasks.c.obj
                0x08008f04                xTaskCreateStatic
 .text.xTaskCreate
                0x08008f7a       0x64 CMakeFiles/omni-infantry.elf.dir/Middlewares/Third_Party/FreeRTOS/Source/tasks.c.obj
                0x08008f7a                xTaskCreate
 *fill*         0x08008fde        0x2 
 .text.vTaskResume
                0x08008fe0       0x88 CMakeFiles/omni-infantry.elf.dir/Middlewares/Third_Party/FreeRTOS/Source/tasks.c.obj
                0x08008fe0                vTaskResume
 .text.vTaskStartScheduler
                0x08009068       0x74 CMakeFiles/omni-infantry.elf.dir/Middlewares/Third_Party/FreeRTOS/Source/tasks.c.obj
                0x08009068                vTaskStartScheduler
 .text.vTaskSuspendAll
                0x080090dc       0x10 CMakeFiles/omni-infantry.elf.dir/Middlewares/Third_Party/FreeRTOS/Source/tasks.c.obj
                0x080090dc                vTaskSuspendAll
 .text.xTaskGetTickCount
                0x080090ec        0xc CMakeFiles/omni-infantry.elf.dir/Middlewares/Third_Party/FreeRTOS/Source/tasks.c.obj
                0x080090ec                xTaskGetTickCount
 .text.pcTaskGetName
                0x080090f8       0x28 CMakeFiles/omni-infantry.elf.dir/Middlewares/Third_Party/FreeRTOS/Source/tasks.c.obj
                0x080090f8                pcTaskGetName
 .text.xTaskIncrementTick
                0x08009120      0x118 CMakeFiles/omni-infantry.elf.dir/Middlewares/Third_Party/FreeRTOS/Source/tasks.c.obj
                0x08009120                xTaskIncrementTick
 .text.xTaskResumeAll
                0x08009238       0xf8 CMakeFiles/omni-infantry.elf.dir/Middlewares/Third_Party/FreeRTOS/Source/tasks.c.obj
                0x08009238                xTaskResumeAll
 .text.vTaskDelay
                0x08009330       0x4c CMakeFiles/omni-infantry.elf.dir/Middlewares/Third_Party/FreeRTOS/Source/tasks.c.obj
                0x08009330                vTaskDelay
 .text.xTaskGetHandle
                0x0800937c       0x98 CMakeFiles/omni-infantry.elf.dir/Middlewares/Third_Party/FreeRTOS/Source/tasks.c.obj
                0x0800937c                xTaskGetHandle
 .text.vTaskSwitchContext
                0x08009414       0x98 CMakeFiles/omni-infantry.elf.dir/Middlewares/Third_Party/FreeRTOS/Source/tasks.c.obj
                0x08009414                vTaskSwitchContext
 .text.vTaskPlaceOnEventList
                0x080094ac       0x30 CMakeFiles/omni-infantry.elf.dir/Middlewares/Third_Party/FreeRTOS/Source/tasks.c.obj
                0x080094ac                vTaskPlaceOnEventList
 .text.xTaskRemoveFromEventList
                0x080094dc       0x8c CMakeFiles/omni-infantry.elf.dir/Middlewares/Third_Party/FreeRTOS/Source/tasks.c.obj
                0x080094dc                xTaskRemoveFromEventList
 .text.vTaskInternalSetTimeOutState
                0x08009568       0x18 CMakeFiles/omni-infantry.elf.dir/Middlewares/Third_Party/FreeRTOS/Source/tasks.c.obj
                0x08009568                vTaskInternalSetTimeOutState
 .text.xTaskCheckForTimeOut
                0x08009580       0xa0 CMakeFiles/omni-infantry.elf.dir/Middlewares/Third_Party/FreeRTOS/Source/tasks.c.obj
                0x08009580                xTaskCheckForTimeOut
 .text.vTaskMissedYield
                0x08009620        0xc CMakeFiles/omni-infantry.elf.dir/Middlewares/Third_Party/FreeRTOS/Source/tasks.c.obj
                0x08009620                vTaskMissedYield
 .text.xTaskGetSchedulerState
                0x0800962c       0x20 CMakeFiles/omni-infantry.elf.dir/Middlewares/Third_Party/FreeRTOS/Source/tasks.c.obj
                0x0800962c                xTaskGetSchedulerState
 .text.xTaskPriorityDisinherit
                0x0800964c       0xb0 CMakeFiles/omni-infantry.elf.dir/Middlewares/Third_Party/FreeRTOS/Source/tasks.c.obj
                0x0800964c                xTaskPriorityDisinherit
 .text.ulTaskNotifyTake
                0x080096fc       0x78 CMakeFiles/omni-infantry.elf.dir/Middlewares/Third_Party/FreeRTOS/Source/tasks.c.obj
                0x080096fc                ulTaskNotifyTake
 .text.vTaskNotifyGiveFromISR
                0x08009774       0xd0 CMakeFiles/omni-infantry.elf.dir/Middlewares/Third_Party/FreeRTOS/Source/tasks.c.obj
                0x08009774                vTaskNotifyGiveFromISR
 .text.MX_USB_DEVICE_Init
                0x08009844       0x54 CMakeFiles/omni-infantry.elf.dir/USB_DEVICE/App/usb_device.c.obj
                0x08009844                MX_USB_DEVICE_Init
 .text.CDC_DeInit_FS
                0x08009898        0x4 CMakeFiles/omni-infantry.elf.dir/USB_DEVICE/App/usbd_cdc_if.c.obj
 .text.CDC_Control_FS
                0x0800989c        0x4 CMakeFiles/omni-infantry.elf.dir/USB_DEVICE/App/usbd_cdc_if.c.obj
 .text.CDC_TransmitCplt_FS
                0x080098a0        0x4 CMakeFiles/omni-infantry.elf.dir/USB_DEVICE/App/usbd_cdc_if.c.obj
 .text.CDC_Receive_FS
                0x080098a4       0x24 CMakeFiles/omni-infantry.elf.dir/USB_DEVICE/App/usbd_cdc_if.c.obj
 .text.CDC_Init_FS
                0x080098c8       0x28 CMakeFiles/omni-infantry.elf.dir/USB_DEVICE/App/usbd_cdc_if.c.obj
 .text.CDC_Transmit_FS
                0x080098f0       0x2c CMakeFiles/omni-infantry.elf.dir/USB_DEVICE/App/usbd_cdc_if.c.obj
                0x080098f0                CDC_Transmit_FS
 .text.USBD_FS_DeviceDescriptor
                0x0800991c        0xc CMakeFiles/omni-infantry.elf.dir/USB_DEVICE/App/usbd_desc.c.obj
                0x0800991c                USBD_FS_DeviceDescriptor
 .text.USBD_FS_LangIDStrDescriptor
                0x08009928        0xc CMakeFiles/omni-infantry.elf.dir/USB_DEVICE/App/usbd_desc.c.obj
                0x08009928                USBD_FS_LangIDStrDescriptor
 .text.IntToUnicode
                0x08009934       0x46 CMakeFiles/omni-infantry.elf.dir/USB_DEVICE/App/usbd_desc.c.obj
 *fill*         0x0800997a        0x2 
 .text.Get_SerialNum
                0x0800997c       0x38 CMakeFiles/omni-infantry.elf.dir/USB_DEVICE/App/usbd_desc.c.obj
 .text.USBD_FS_SerialStrDescriptor
                0x080099b4       0x14 CMakeFiles/omni-infantry.elf.dir/USB_DEVICE/App/usbd_desc.c.obj
                0x080099b4                USBD_FS_SerialStrDescriptor
 .text.USBD_FS_ProductStrDescriptor
                0x080099c8       0x24 CMakeFiles/omni-infantry.elf.dir/USB_DEVICE/App/usbd_desc.c.obj
                0x080099c8                USBD_FS_ProductStrDescriptor
 .text.USBD_FS_ManufacturerStrDescriptor
                0x080099ec       0x1c CMakeFiles/omni-infantry.elf.dir/USB_DEVICE/App/usbd_desc.c.obj
                0x080099ec                USBD_FS_ManufacturerStrDescriptor
 .text.USBD_FS_ConfigStrDescriptor
                0x08009a08       0x24 CMakeFiles/omni-infantry.elf.dir/USB_DEVICE/App/usbd_desc.c.obj
                0x08009a08                USBD_FS_ConfigStrDescriptor
 .text.USBD_FS_InterfaceStrDescriptor
                0x08009a2c       0x24 CMakeFiles/omni-infantry.elf.dir/USB_DEVICE/App/usbd_desc.c.obj
                0x08009a2c                USBD_FS_InterfaceStrDescriptor
 .text.HAL_PCD_MspInit
                0x08009a50       0x84 CMakeFiles/omni-infantry.elf.dir/USB_DEVICE/Target/usbd_conf.c.obj
                0x08009a50                HAL_PCD_MspInit
 .text.HAL_PCD_SetupStageCallback
                0x08009ad4       0x10 CMakeFiles/omni-infantry.elf.dir/USB_DEVICE/Target/usbd_conf.c.obj
                0x08009ad4                HAL_PCD_SetupStageCallback
 .text.HAL_PCD_DataOutStageCallback
                0x08009ae4       0x18 CMakeFiles/omni-infantry.elf.dir/USB_DEVICE/Target/usbd_conf.c.obj
                0x08009ae4                HAL_PCD_DataOutStageCallback
 .text.HAL_PCD_DataInStageCallback
                0x08009afc       0x16 CMakeFiles/omni-infantry.elf.dir/USB_DEVICE/Target/usbd_conf.c.obj
                0x08009afc                HAL_PCD_DataInStageCallback
 .text.HAL_PCD_SOFCallback
                0x08009b12        0xc CMakeFiles/omni-infantry.elf.dir/USB_DEVICE/Target/usbd_conf.c.obj
                0x08009b12                HAL_PCD_SOFCallback
 .text.HAL_PCD_ResetCallback
                0x08009b1e       0x2c CMakeFiles/omni-infantry.elf.dir/USB_DEVICE/Target/usbd_conf.c.obj
                0x08009b1e                HAL_PCD_ResetCallback
 *fill*         0x08009b4a        0x2 
 .text.HAL_PCD_SuspendCallback
                0x08009b4c       0x30 CMakeFiles/omni-infantry.elf.dir/USB_DEVICE/Target/usbd_conf.c.obj
                0x08009b4c                HAL_PCD_SuspendCallback
 .text.HAL_PCD_ResumeCallback
                0x08009b7c        0xc CMakeFiles/omni-infantry.elf.dir/USB_DEVICE/Target/usbd_conf.c.obj
                0x08009b7c                HAL_PCD_ResumeCallback
 .text.HAL_PCD_ISOOUTIncompleteCallback
                0x08009b88        0xc CMakeFiles/omni-infantry.elf.dir/USB_DEVICE/Target/usbd_conf.c.obj
                0x08009b88                HAL_PCD_ISOOUTIncompleteCallback
 .text.HAL_PCD_ISOINIncompleteCallback
                0x08009b94        0xc CMakeFiles/omni-infantry.elf.dir/USB_DEVICE/Target/usbd_conf.c.obj
                0x08009b94                HAL_PCD_ISOINIncompleteCallback
 .text.HAL_PCD_ConnectCallback
                0x08009ba0        0xc CMakeFiles/omni-infantry.elf.dir/USB_DEVICE/Target/usbd_conf.c.obj
                0x08009ba0                HAL_PCD_ConnectCallback
 .text.HAL_PCD_DisconnectCallback
                0x08009bac        0xc CMakeFiles/omni-infantry.elf.dir/USB_DEVICE/Target/usbd_conf.c.obj
                0x08009bac                HAL_PCD_DisconnectCallback
 .text.USBD_LL_Init
                0x08009bb8       0x68 CMakeFiles/omni-infantry.elf.dir/USB_DEVICE/Target/usbd_conf.c.obj
                0x08009bb8                USBD_LL_Init
 .text.USBD_LL_IsStallEP
                0x08009c20       0x2e CMakeFiles/omni-infantry.elf.dir/USB_DEVICE/Target/usbd_conf.c.obj
                0x08009c20                USBD_LL_IsStallEP
 .text.USBD_LL_GetRxDataSize
                0x08009c4e        0xc CMakeFiles/omni-infantry.elf.dir/USB_DEVICE/Target/usbd_conf.c.obj
                0x08009c4e                USBD_LL_GetRxDataSize
 *fill*         0x08009c5a        0x2 
 .text.USBD_static_malloc
                0x08009c5c        0x8 CMakeFiles/omni-infantry.elf.dir/USB_DEVICE/Target/usbd_conf.c.obj
                0x08009c5c                USBD_static_malloc
 .text.USBD_static_free
                0x08009c64        0x2 CMakeFiles/omni-infantry.elf.dir/USB_DEVICE/Target/usbd_conf.c.obj
                0x08009c64                USBD_static_free
 .text.USBD_Get_USB_Status
                0x08009c66       0x14 CMakeFiles/omni-infantry.elf.dir/USB_DEVICE/Target/usbd_conf.c.obj
                0x08009c66                USBD_Get_USB_Status
 .text.USBD_LL_Start
                0x08009c7a       0x10 CMakeFiles/omni-infantry.elf.dir/USB_DEVICE/Target/usbd_conf.c.obj
                0x08009c7a                USBD_LL_Start
 .text.USBD_LL_OpenEP
                0x08009c8a       0x16 CMakeFiles/omni-infantry.elf.dir/USB_DEVICE/Target/usbd_conf.c.obj
                0x08009c8a                USBD_LL_OpenEP
 .text.USBD_LL_CloseEP
                0x08009ca0       0x10 CMakeFiles/omni-infantry.elf.dir/USB_DEVICE/Target/usbd_conf.c.obj
                0x08009ca0                USBD_LL_CloseEP
 .text.USBD_LL_StallEP
                0x08009cb0       0x10 CMakeFiles/omni-infantry.elf.dir/USB_DEVICE/Target/usbd_conf.c.obj
                0x08009cb0                USBD_LL_StallEP
 .text.USBD_LL_ClearStallEP
                0x08009cc0       0x10 CMakeFiles/omni-infantry.elf.dir/USB_DEVICE/Target/usbd_conf.c.obj
                0x08009cc0                USBD_LL_ClearStallEP
 .text.USBD_LL_SetUSBAddress
                0x08009cd0       0x10 CMakeFiles/omni-infantry.elf.dir/USB_DEVICE/Target/usbd_conf.c.obj
                0x08009cd0                USBD_LL_SetUSBAddress
 .text.USBD_LL_Transmit
                0x08009ce0       0x10 CMakeFiles/omni-infantry.elf.dir/USB_DEVICE/Target/usbd_conf.c.obj
                0x08009ce0                USBD_LL_Transmit
 .text.USBD_LL_PrepareReceive
                0x08009cf0       0x10 CMakeFiles/omni-infantry.elf.dir/USB_DEVICE/Target/usbd_conf.c.obj
                0x08009cf0                USBD_LL_PrepareReceive
 .text.imu_cali_slove
                0x08009d00       0xbc CMakeFiles/omni-infantry.elf.dir/application/Atti.c.obj
 .text.imu_temp_control
                0x08009dbc       0xa0 CMakeFiles/omni-infantry.elf.dir/application/Atti.c.obj
 .text.imu_cmd_spi_dma
                0x08009e5c      0x180 CMakeFiles/omni-infantry.elf.dir/application/Atti.c.obj
 .text.INS_task
                0x08009fdc      0x268 CMakeFiles/omni-infantry.elf.dir/application/Atti.c.obj
                0x08009fdc                INS_task
 .text.gyro_offset_calc
                0x0800a244       0x54 CMakeFiles/omni-infantry.elf.dir/application/Atti.c.obj
                0x0800a244                gyro_offset_calc
 .text.INS_cali_gyro
                0x0800a298       0x48 CMakeFiles/omni-infantry.elf.dir/application/Atti.c.obj
                0x0800a298                INS_cali_gyro
 .text.INS_set_cali_gyro
                0x0800a2e0       0x28 CMakeFiles/omni-infantry.elf.dir/application/Atti.c.obj
                0x0800a2e0                INS_set_cali_gyro
 .text.HAL_GPIO_EXTI_Callback
                0x0800a308       0x94 CMakeFiles/omni-infantry.elf.dir/application/Atti.c.obj
                0x0800a308                HAL_GPIO_EXTI_Callback
 .text.DMA2_Stream2_IRQHandler
                0x0800a39c      0x6b0 CMakeFiles/omni-infantry.elf.dir/application/Atti.c.obj